 testing_embedded_matlab_functions_sfun

 Timestamp is 50fc679e (Sun Jan 20 23:54:38 2013)

 Preferred load address is 10000000

 Start         Length     Name                   Class
 0001:00000000 0002c898H .text                   CODE
 0002:00000000 0000021cH .idata$5                DATA
 0002:0000021c 00000004H .CRT$XCA                DATA
 0002:00000220 00000004H .CRT$XCZ                DATA
 0002:00000224 00000004H .CRT$XIA                DATA
 0002:00000228 00000004H .CRT$XIAA               DATA
 0002:0000022c 00000004H .CRT$XIC                DATA
 0002:00000230 00000004H .CRT$XIZ                DATA
 0002:00000238 00003f80H .rdata                  DATA
 0002:000041c0 00000004H .rdata$sxdata           DATA
 0002:000041c4 00000004H .rtc$IAA                DATA
 0002:000041c8 00000004H .rtc$IZZ                DATA
 0002:000041cc 00000004H .rtc$TAA                DATA
 0002:000041d0 00000004H .rtc$TZZ                DATA
 0002:000041d8 00000084H .xdata$x                DATA
 0002:0000425c 000000a0H .idata$2                DATA
 0002:000042fc 00000014H .idata$3                DATA
 0002:00004310 0000021cH .idata$4                DATA
 0002:0000452c 0000096cH .idata$6                DATA
 0002:00004ea0 0000006cH .edata                  DATA
 0003:00000000 00003418H .data                   DATA
 0003:00003420 0000232cH .bss                    DATA

  Address         Publics by Value              Rva+Base       Lib:Object

 0000:00000000       __except_list              00000000     <absolute>
 0000:00000001       ___safe_se_handler_count   00000001     <absolute>
 0000:00009876       __ldused                   00009876     <absolute>
 0000:00009876       __fltused                  00009876     <absolute>
 0000:00000000       ___ImageBase               10000000     <linker-defined>
 0001:00000000       _sf_c2_testing_embedded_matlab_functions_get_eml_resolved_functions_info 10001000 f   c2_testing_embedded_matlab_functions.obj
 0001:00001840       _sf_c2_testing_embedded_matlab_functions_get_check_sum 10002840 f   c2_testing_embedded_matlab_functions.obj
 0001:000018a0       _sf_c2_testing_embedded_matlab_functions_get_autoinheritance_info 100028a0 f   c2_testing_embedded_matlab_functions.obj
 0001:00001be0       _c2_testing_embedded_matlab_functions_method_dispatcher 10002be0 f   c2_testing_embedded_matlab_functions.obj
 0001:00005430       _sf_process_check_sum_call 10006430 f   testing_embedded_matlab_functions_sfun_registry.obj
 0001:00005460       _sf_process_autoinheritance_call 10006460 f   testing_embedded_matlab_functions_sfun_registry.obj
 0001:00005490       _sf_process_get_eml_resolved_functions_info_call 10006490 f   testing_embedded_matlab_functions_sfun_registry.obj
 0001:000055b0       _sf_mex_unlock_call        100065b0 f   testing_embedded_matlab_functions_sfun_registry.obj
 0001:00005640       _sf_machine_global_initializer_called 10006640 f   testing_embedded_matlab_functions_sfun_registry.obj
 0001:00005660       _sf_machine_global_method_dispatcher 10006660 f   testing_embedded_matlab_functions_sfun_registry.obj
 0001:000056a0       _sf_machine_global_terminator 100066a0 f   testing_embedded_matlab_functions_sfun_registry.obj
 0001:000056d0       _sf_register_machine_exported_symbols 100066d0 f   testing_embedded_matlab_functions_sfun_registry.obj
 0001:000056f0       _callCustomFcn             100066f0 f   testing_embedded_matlab_functions_sfun_registry.obj
 0001:00005700       _sf_machine_global_initializer 10006700 f   testing_embedded_matlab_functions_sfun_registry.obj
 0001:00005760       __ssSetInputPortMatrixDimensions 10006760 f   testing_embedded_matlab_functions_sfun_registry.obj
 0001:00005810       __ssSetOutputPortMatrixDimensions 10006810 f   testing_embedded_matlab_functions_sfun_registry.obj
 0001:000058c0       __ssSetInputPortVectorDimension 100068c0 f   testing_embedded_matlab_functions_sfun_registry.obj
 0001:00005940       __ssSetOutputPortVectorDimension 10006940 f   testing_embedded_matlab_functions_sfun_registry.obj
 0001:000059c0       _ssIsRunTimeParamTunable   100069c0 f   testing_embedded_matlab_functions_sfun_registry.obj
 0001:00005a20       _ssGetSFuncBlockHandle     10006a20 f   testing_embedded_matlab_functions_sfun_registry.obj
 0001:00005a70       __ssGetCurrentInputPortWidth 10006a70 f   testing_embedded_matlab_functions_sfun_registry.obj
 0001:00005b40       __ssGetCurrentOutputPortWidth 10006b40 f   testing_embedded_matlab_functions_sfun_registry.obj
 0001:00005c10       __ssGetCallSystemNumFcnCallDestinations 10006c10 f   testing_embedded_matlab_functions_sfun_registry.obj
 0001:00005c70       _ssWarning                 10006c70 f   testing_embedded_matlab_functions_sfun_registry.obj
 0001:00005d50       _ssSetIsInputPortUsedForContZcSignal 10006d50 f   testing_embedded_matlab_functions_sfun_registry.obj
 0001:00005da0       _ssSetZcSignalIsZcElementDisc 10006da0 f   testing_embedded_matlab_functions_sfun_registry.obj
 0001:00005e00       _ssSetZcSignalName         10006e00 f   testing_embedded_matlab_functions_sfun_registry.obj
 0001:00005e50       _ssSetZcSignalWidth        10006e50 f   testing_embedded_matlab_functions_sfun_registry.obj
 0001:00005ea0       _ssSetZcSignalZcEventType  10006ea0 f   testing_embedded_matlab_functions_sfun_registry.obj
 0001:00005ef0       _ssSetZcSignalType         10006ef0 f   testing_embedded_matlab_functions_sfun_registry.obj
 0001:00005f40       _ssSetZcSignalZcTol        10006f40 f   testing_embedded_matlab_functions_sfun_registry.obj
 0001:00005f90       _ssSetZcSignalNeedsEventNotification 10006f90 f   testing_embedded_matlab_functions_sfun_registry.obj
 0001:00005fe0       _ssCreateAndAddZcSignalInfo 10006fe0 f   testing_embedded_matlab_functions_sfun_registry.obj
 0001:00006040       _ssCloneAndAddZcSignalInfo 10007040 f   testing_embedded_matlab_functions_sfun_registry.obj
 0001:000060a0       _ssGetNumZcSignals         100070a0 f   testing_embedded_matlab_functions_sfun_registry.obj
 0001:00006100       _ssGetZcSignalVector       10007100 f   testing_embedded_matlab_functions_sfun_registry.obj
 0001:00006160       _ssGetZcSignalZcEvents     10007160 f   testing_embedded_matlab_functions_sfun_registry.obj
 0001:000061c0       _ssGetZcSignalName         100071c0 f   testing_embedded_matlab_functions_sfun_registry.obj
 0001:00006220       _ssGetZcSignalWidth        10007220 f   testing_embedded_matlab_functions_sfun_registry.obj
 0001:00006280       _ssGetZcSignalZcEventType  10007280 f   testing_embedded_matlab_functions_sfun_registry.obj
 0001:000062e0       _ssGetZcSignalType         100072e0 f   testing_embedded_matlab_functions_sfun_registry.obj
 0001:00006340       _ssGetZcSignalZcTol        10007340 f   testing_embedded_matlab_functions_sfun_registry.obj
 0001:000063a0       _ssGetZcSignalNeedsEventNotification 100073a0 f   testing_embedded_matlab_functions_sfun_registry.obj
 0001:00006400       _ssGetZcSignalIsZcElementDisc 10007400 f   testing_embedded_matlab_functions_sfun_registry.obj
 0001:00006460       _ssGetIsInputPortElementContinuous 10007460 f   testing_embedded_matlab_functions_sfun_registry.obj
 0001:000064c0       __ssGetInputPortSignalPtrsFcn 100074c0 f   testing_embedded_matlab_functions_sfun_registry.obj
 0001:000066c0       __ssGetInputPortSignalFcn  100076c0 f   testing_embedded_matlab_functions_sfun_registry.obj
 0001:00006850       __ssSetInputPortDirectFeedThroughFcn 10007850 f   testing_embedded_matlab_functions_sfun_registry.obj
 0001:00006980       __ssSetInputPortReusableFcn 10007980 f   testing_embedded_matlab_functions_sfun_registry.obj
 0001:00006a10       __ssSetOutputPortReusableFcn 10007a10 f   testing_embedded_matlab_functions_sfun_registry.obj
 0001:00006aa0       _ssGetDTypeIdFromMxArray   10007aa0 f   testing_embedded_matlab_functions_sfun_registry.obj
 0001:00006b90       _ssWriteRTWStr             10007b90 f   testing_embedded_matlab_functions_sfun_registry.obj
 0001:00006bd0       _ssWriteRTWMxVectParam     10007bd0 f   testing_embedded_matlab_functions_sfun_registry.obj
 0001:00006c10       _ssWriteRTWMx2dMatParam    10007c10 f   testing_embedded_matlab_functions_sfun_registry.obj
 0001:00006c50       _ssWriteRTWNameValuePair   10007c50 f   testing_embedded_matlab_functions_sfun_registry.obj
 0001:00006fc0       _ssWriteRTWParameters      10007fc0 f   testing_embedded_matlab_functions_sfun_registry.obj
 0001:00007360       _ssWriteRTWParamSettings   10008360 f   testing_embedded_matlab_functions_sfun_registry.obj
 0001:00007810       _ssWriteRTWWorkVect        10008810 f   testing_embedded_matlab_functions_sfun_registry.obj
 0001:00007ba0       _mexFunction               10008ba0 f   testing_embedded_matlab_functions_sfun_registry.obj
 0001:00009270       _ProcessMexSfunctionEveryCall 1000a270 f   testing_embedded_matlab_functions_sfun_registry.obj
 0001:00009380       _testing_embedded_matlab_functions_initializer 1000a380 f   testing_embedded_matlab_functions_sfun.obj
 0001:00009390       _testing_embedded_matlab_functions_terminator 1000a390 f   testing_embedded_matlab_functions_sfun.obj
 0001:000093a0       _sf_testing_embedded_matlab_functions_method_dispatcher 1000a3a0 f   testing_embedded_matlab_functions_sfun.obj
 0001:000093d0       _sf_testing_embedded_matlab_functions_process_check_sum_call 1000a3d0 f   testing_embedded_matlab_functions_sfun.obj
 0001:00009780       _sf_testing_embedded_matlab_functions_autoinheritance_info 1000a780 f   testing_embedded_matlab_functions_sfun.obj
 0001:00009850       _sf_testing_embedded_matlab_functions_get_eml_resolved_functions_info 1000a850 f   testing_embedded_matlab_functions_sfun.obj
 0001:00009940       _testing_embedded_matlab_functions_debug_initialize 1000a940 f   testing_embedded_matlab_functions_sfun.obj
 0001:00009990       _testing_embedded_matlab_functions_register_exported_symbols 1000a990 f   testing_embedded_matlab_functions_sfun.obj
 0001:00009a00       _sf_mex_mx_is_numeric      1000aa00 f   sfc_mexmsvc80:sfc_mex.obj
 0001:00009a40       _strcmp_ignore_ws          1000aa40 f   sfc_mexmsvc80:sfc_mex.obj
 0001:00009b60       _sf_mex_duplicatearraysafe 1000ab60 f   sfc_mexmsvc80:sfc_mex.obj
 0001:00009d40       _sf_set_error_debugger_context_message_fcn 1000ad40 f   sfc_mexmsvc80:sfc_mex.obj
 0001:00009d50       _sf_set_debugger_matlab_error_fcn 1000ad50 f   sfc_mexmsvc80:sfc_mex.obj
 0001:00009d70       _sf_set_error_prefix_string 1000ad70 f   sfc_mexmsvc80:sfc_mex.obj
 0001:00009da0       _sf_get_error_prefix_string 1000ada0 f   sfc_mexmsvc80:sfc_mex.obj
 0001:00009db0       _sf_get_current_jmp_buf_ptr 1000adb0 f   sfc_mexmsvc80:sfc_mex.obj
 0001:00009dc0       _sf_set_current_jmp_buf_ptr 1000adc0 f   sfc_mexmsvc80:sfc_mex.obj
 0001:00009dd0       _sf_mex_set_halt_simulation 1000add0 f   sfc_mexmsvc80:sfc_mex.obj
 0001:00009de0       _sf_mex_get_halt_simulation 1000ade0 f   sfc_mexmsvc80:sfc_mex.obj
 0001:00009df0       _sf_mex_clear_error_message 1000adf0 f   sfc_mexmsvc80:sfc_mex.obj
 0001:00009e10       _sf_mex_get_error_message_for_read 1000ae10 f   sfc_mexmsvc80:sfc_mex.obj
 0001:00009e20       _sf_mex_get_error_message_buffer_length 1000ae20 f   sfc_mexmsvc80:sfc_mex.obj
 0001:00009ef0       _sf_mex_warning_message    1000aef0 f   sfc_mexmsvc80:sfc_mex.obj
 0001:00009f40       _sf_mex_v_errbuf_createf   1000af40 f   sfc_mexmsvc80:sfc_mex.obj
 0001:00009f60       _sf_mex_errbuf_createf     1000af60 f   sfc_mexmsvc80:sfc_mex.obj
 0001:00009f80       _sf_mex_v_errbuf_catf      1000af80 f   sfc_mexmsvc80:sfc_mex.obj
 0001:00009fc0       _sf_mex_errbuf_catf        1000afc0 f   sfc_mexmsvc80:sfc_mex.obj
 0001:0000a000       _sf_mex_errbuf_copy        1000b000 f   sfc_mexmsvc80:sfc_mex.obj
 0001:0000a020       _sf_mex_errbuf_clear       1000b020 f   sfc_mexmsvc80:sfc_mex.obj
 0001:0000a030       _sf_mex_errbuf_isempty     1000b030 f   sfc_mexmsvc80:sfc_mex.obj
 0001:0000a0c0       _sf_mex_set_error_status   1000b0c0 f   sfc_mexmsvc80:sfc_mex.obj
 0001:0000a0f0       _sf_mex_error_direct_call  1000b0f0 f   sfc_mexmsvc80:sfc_mex.obj
 0001:0000a110       _sf_mex_long_jump_on_error 1000b110 f   sfc_mexmsvc80:sfc_mex.obj
 0001:0000a140       _sf_mex_call_matlab        1000b140 f   sfc_mexmsvc80:sfc_mex.obj
 0001:0000a210       _sf_mex_check_builtin      1000b210 f   sfc_mexmsvc80:sfc_mex.obj
 0001:0000a240       _sf_mex_check_builtin_vs   1000b240 f   sfc_mexmsvc80:sfc_mex.obj
 0001:0000a280       _sf_mex_check_enum         1000b280 f   sfc_mexmsvc80:sfc_mex.obj
 0001:0000a2b0       _sf_mex_create_enum        1000b2b0 f   sfc_mexmsvc80:sfc_mex.obj
 0001:0000a2d0       _sf_mex_get_enum_element   1000b2d0 f   sfc_mexmsvc80:sfc_mex.obj
 0001:0000a2e0       _sf_mex_createcellarray    1000b2e0 f   sfc_mexmsvc80:sfc_mex.obj
 0001:0000a300       _sf_mex_setcell            1000b300 f   sfc_mexmsvc80:sfc_mex.obj
 0001:0000a310       _sf_mex_getcell            1000b310 f   sfc_mexmsvc80:sfc_mex.obj
 0001:0000a320       _sf_mex_dup                1000b320 f   sfc_mexmsvc80:sfc_mex.obj
 0001:0000a350       _sf_mex_assign             1000b350 f   sfc_mexmsvc80:sfc_mex.obj
 0001:0000a3a0       _sf_mex_destroy            1000b3a0 f   sfc_mexmsvc80:sfc_mex.obj
 0001:0000a3c0       _mx_array_has_fi_type      1000b3c0 f   sfc_mexmsvc80:sfc_mex.obj
 0001:0000a3f0       _sf_mex_convert_from_fi    1000b3f0 f   sfc_mexmsvc80:sfc_mex.obj
 0001:0000a470       _sf_mex_convert_to_double  1000b470 f   sfc_mexmsvc80:sfc_mex.obj
 0001:0000a4b0       _sf_mex_import_fi_vs       1000b4b0 f   sfc_mexmsvc80:sfc_mex.obj
 0001:0000a610       _sf_matrix_matrix_index_ok 1000b610 f   sfc_mexmsvc80:sfc_mex.obj
 0001:0000a690       _ssGetCurrentInputPortDimensions_wrapper 1000b690 f   sfc_mexmsvc80:sfc_mex.obj
 0001:0000a6b0       _ssGetCurrentOutputPortDimensions_wrapper 1000b6b0 f   sfc_mexmsvc80:sfc_mex.obj
 0001:0000a6d0       _sf_mex_emlrt_context_is_debug_mode 1000b6d0 f   sfc_mexmsvc80:sfc_mex.obj
 0001:0000a6e0       _sf_mex_emlrt_context_set_debug_mode 1000b6e0 f   sfc_mexmsvc80:sfc_mex.obj
 0001:0000a6f0       _sf_clear_error_manager_info 1000b6f0 f   sfc_mexmsvc80:sfc_mex.obj
 0001:0000a740       _sf_mex_stop_simulation_abruptly_wo_error 1000b740 f   sfc_mexmsvc80:sfc_mex.obj
 0001:0000a770       _sf_mex_error_message      1000b770 f   sfc_mexmsvc80:sfc_mex.obj
 0001:0000a7c0       _sf_react_to_error_in_matlab_call 1000b7c0 f   sfc_mexmsvc80:sfc_mex.obj
 0001:0000a7e0       _sf_mex_addfield           1000b7e0 f   sfc_mexmsvc80:sfc_mex.obj
 0001:0000a850       _sf_mex_getfield           1000b850 f   sfc_mexmsvc80:sfc_mex.obj
 0001:0000a9d0       _sf_mex_check_class        1000b9d0 f   sfc_mexmsvc80:sfc_mex.obj
 0001:0000aa50       _sf_mex_is_real            1000ba50 f   sfc_mexmsvc80:sfc_mex.obj
 0001:0000aa90       _sf_mex_check_complex      1000ba90 f   sfc_mexmsvc80:sfc_mex.obj
 0001:0000ab00       _sf_mex_check_sparse       1000bb00 f   sfc_mexmsvc80:sfc_mex.obj
 0001:0000ab50       _sf_mex_check_numerictype  1000bb50 f   sfc_mexmsvc80:sfc_mex.obj
 0001:0000abf0       _sf_mex_check_fimath       1000bbf0 f   sfc_mexmsvc80:sfc_mex.obj
 0001:0000ac90       _sf_mex_decode_encoded_mx_struct_array 1000bc90 f   sfc_mexmsvc80:sfc_mex.obj
 0001:0000ae30       _sf_mex_lw_bounds_check    1000be30 f   sfc_mexmsvc80:sfc_mex.obj
 0001:0000ae60       _sf_mex_lw_size_eq_check_1d 1000be60 f   sfc_mexmsvc80:sfc_mex.obj
 0001:0000ae80       _sf_mex_lw_size_eq_check_nd 1000be80 f   sfc_mexmsvc80:sfc_mex.obj
 0001:0000af60       _sf_mex_lw_dim_size_eq_check 1000bf60 f   sfc_mexmsvc80:sfc_mex.obj
 0001:0000af90       _sf_mex_lw_dim_size_geq_check 1000bf90 f   sfc_mexmsvc80:sfc_mex.obj
 0001:0000afc0       _sf_mex_lw_sub_assign_size_check_nd 1000bfc0 f   sfc_mexmsvc80:sfc_mex.obj
 0001:0000b0f0       _sf_mex_lw_matrix_matrix_index_check 1000c0f0 f   sfc_mexmsvc80:sfc_mex.obj
 0001:0000b120       _sf_mex_lw_non_negative_check 1000c120 f   sfc_mexmsvc80:sfc_mex.obj
 0001:0000b150       _sf_mex_overflow_error     1000c150 f   sfc_mexmsvc80:sfc_mex.obj
 0001:0000b160       _sf_mex_dividebyzero_error 1000c160 f   sfc_mexmsvc80:sfc_mex.obj
 0001:0000b170       _sf_mex_unsafe_enum_error  1000c170 f   sfc_mexmsvc80:sfc_mex.obj
 0001:0000b180       _sf_emlrtErrHandler        1000c180 f   sfc_mexmsvc80:sfc_mex.obj
 0001:0000b1c0       _sf_mex_printf             1000c1c0 f   sfc_mexmsvc80:sfc_mex.obj
 0001:0000b2a0       _sf_mex_check_size         1000c2a0 f   sfc_mexmsvc80:sfc_mex.obj
 0001:0000b520       _sf_mex_check_struct       1000c520 f   sfc_mexmsvc80:sfc_mex.obj
 0001:0000b620       _sf_mex_check_struct_vs    1000c620 f   sfc_mexmsvc80:sfc_mex.obj
 0001:0000b660       _sf_mex_check_fi           1000c660 f   sfc_mexmsvc80:sfc_mex.obj
 0001:0000b730       _sf_mex_check_fi_vs        1000c730 f   sfc_mexmsvc80:sfc_mex.obj
 0001:0000b780       _sf_echo_expression        1000c780 f   sfc_mexmsvc80:sfc_mex.obj
 0001:0000b7d0       _sf_assertion_failed       1000c7d0 f   sfc_mexmsvc80:sfc_mex.obj
 0001:0000b950       _sf_mex_evalin             1000c950 f   sfc_mexmsvc80:sfc_mex.obj
 0001:0000bbb0       _sf_mex_export             1000cbb0 f   sfc_mexmsvc80:sfc_mex.obj
 0001:0000bc60       _sf_mex_get_ml_var_no_error 1000cc60 f   sfc_mexmsvc80:sfc_mex.obj
 0001:0000bdc0       _sf_mex_get_ml_var         1000cdc0 f   sfc_mexmsvc80:sfc_mex.obj
 0001:0000c0d0       _ml_set_element_value_in_array 1000d0d0 f   sfc_mexmsvc80:sfc_mex.obj
 0001:0000d7d0       _sf_mex_call_impl          1000e7d0 f   sfc_mexmsvc80:sfc_mex.obj
 0001:0000db60       _sf_mex_call_debug         1000eb60 f   sfc_mexmsvc80:sfc_mex.obj
 0001:0000db80       _sf_mex_call               1000eb80 f   sfc_mexmsvc80:sfc_mex.obj
 0001:0000e290       _sf_mex_createstruct       1000f290 f   sfc_mexmsvc80:sfc_mex.obj
 0001:0000e330       _sf_mex_createstructarray  1000f330 f   sfc_mexmsvc80:sfc_mex.obj
 0001:0000e390       _sf_mex_get_mx_datatype_from_sf_datatype 1000f390 f   sfc_mexmsvc80:sfc_mex.obj
 0001:0000e610       _sf_mex_ml_var_sub         1000f610 f   sfc_mexmsvc80:sfc_mex.obj
 0001:0000e770       _sf_mex_ml_var_subsasgn    1000f770 f   sfc_mexmsvc80:sfc_mex.obj
 0001:0000ea80       _sf_mex_sub                1000fa80 f   sfc_mexmsvc80:sfc_mex.obj
 0001:0000ec00       _sf_mex_subsasgn           1000fc00 f   sfc_mexmsvc80:sfc_mex.obj
 0001:0000efb0       _sf_mex_create             1000ffb0 f   sfc_mexmsvc80:sfc_mex.obj
 0001:0000f810       _sf_mex_import             10010810 f   sfc_mexmsvc80:sfc_mex.obj
 0001:0000f8b0       _sf_mex_import_vs          100108b0 f   sfc_mexmsvc80:sfc_mex.obj
 0001:0000f940       _sf_mex_lower_fixpt_mx_array 10010940 f   sfc_mexmsvc80:sfc_mex.obj
 0001:0000fd00       _sim_mode_is_rtw_gen       10010d00 f   sfc_mexmsvc80:sfc_sf.obj
 0001:0000fd40       _sim_mode_is_external      10010d40 f   sfc_mexmsvc80:sfc_sf.obj
 0001:0000fd60       _mdlInitializeSizes        10010d60 f   sfc_mexmsvc80:sfc_sf.obj
 0001:0000fd80       _mdlInitializeSampleTimes  10010d80 f   sfc_mexmsvc80:sfc_sf.obj
 0001:0000fdc0       _mdlZeroCrossings          10010dc0 f   sfc_mexmsvc80:sfc_sf.obj
 0001:0000fe70       _mdlDerivatives            10010e70 f   sfc_mexmsvc80:sfc_sf.obj
 0001:0000ff10       _mdl_initialize_conditions_processing 10010f10 f   sfc_mexmsvc80:sfc_sf.obj
 0001:0000ff40       _mdlInitializeConditions   10010f40 f   sfc_mexmsvc80:sfc_sf.obj
 0001:0000ffe0       _mdlGetSimState            10010fe0 f   sfc_mexmsvc80:sfc_sf.obj
 0001:00010000       _mdlSetSimState            10011000 f   sfc_mexmsvc80:sfc_sf.obj
 0001:00010020       _mdl_ext_mode_exec_processing 10011020 f   sfc_mexmsvc80:sfc_sf.obj
 0001:00010040       _mdlExtModeExec            10011040 f   sfc_mexmsvc80:sfc_sf.obj
 0001:000101f0       _mdlTerminate              100111f0 f   sfc_mexmsvc80:sfc_sf.obj
 0001:00010250       _mdlRTW                    10011250 f   sfc_mexmsvc80:sfc_sf.obj
 0001:00010280       _mdlSetWorkWidths          10011280 f   sfc_mexmsvc80:sfc_sf.obj
 0001:000102a0       _mdlProcessParameters      100112a0 f   sfc_mexmsvc80:sfc_sf.obj
 0001:000102c0       _mdl_start_processing      100112c0 f   sfc_mexmsvc80:sfc_sf.obj
 0001:00010300       _mdlStart                  10011300 f   sfc_mexmsvc80:sfc_sf.obj
 0001:000103d0       _mdlEnable                 100113d0 f   sfc_mexmsvc80:sfc_sf.obj
 0001:00010480       _mdlDisable                10011480 f   sfc_mexmsvc80:sfc_sf.obj
 0001:00010510       _sf_get_chart_instance_ptr 10011510 f   sfc_mexmsvc80:sfc_sf.obj
 0001:00010530       _sf_rtw_info_uint_prop     10011530 f   sfc_mexmsvc80:sfc_sf.obj
 0001:00010660       _sf_is_chart_inlinable     10011660 f   sfc_mexmsvc80:sfc_sf.obj
 0001:00010680       _sf_mark_output_events_with_multiple_callers 10011680 f   sfc_mexmsvc80:sfc_sf.obj
 0001:000107f0       _sf_mark_chart_reusable_outputs 100117f0 f   sfc_mexmsvc80:sfc_sf.obj
 0001:00010960       _sf_mark_chart_expressionable_inputs 10011960 f   sfc_mexmsvc80:sfc_sf.obj
 0001:00010b50       _sf_get_subchart_simstruct 10011b50 f   sfc_mexmsvc80:sfc_sf.obj
 0001:00010b90       _sf_write_symbol_mapping   10011b90 f   sfc_mexmsvc80:sfc_sf.obj
 0001:00010d60       _sf_get_fixpt_data_type_id 10011d60 f   sfc_mexmsvc80:sfc_sf.obj
 0001:00010da0       _sf_get_enum_data_type_id  10011da0 f   sfc_mexmsvc80:sfc_sf.obj
 0001:00010de0       _sf_get_param_data_type_id 10011de0 f   sfc_mexmsvc80:sfc_sf.obj
 0001:00010e10       _sf_mex_listen_for_ctrl_c_force 10011e10 f   sfc_mexmsvc80:sfc_sf.obj
 0001:00010f10       _sf_mex_draw_now           10011f10 f   sfc_mexmsvc80:sfc_sf.obj
 0001:00010f50       _sf_mex_set_debugger_sim_status_listener_fcn 10011f50 f   sfc_mexmsvc80:sfc_sf.obj
 0001:00010f60       _sf_mex_listen_for_ctrl_c  10011f60 f   sfc_mexmsvc80:sfc_sf.obj
 0001:00010ff0       _sf_mex_get_sfun_param     10011ff0 f   sfc_mexmsvc80:sfc_sf.obj
 0001:00011040       _sf_get_runtime_param_data 10012040 f   sfc_mexmsvc80:sfc_sf.obj
 0001:00011080       _sf_call_output_fcn_call   10012080 f   sfc_mexmsvc80:sfc_sf.obj
 0001:000111a0       _sf_call_output_fcn_enable 100121a0 f   sfc_mexmsvc80:sfc_sf.obj
 0001:00011220       _sf_call_output_fcn_disable 10012220 f   sfc_mexmsvc80:sfc_sf.obj
 0001:000112a0       _sf_clear_rtw_identifier   100122a0 f   sfc_mexmsvc80:sfc_sf.obj
 0001:00011aa0       _sf_set_encoded_dwork_info 10012aa0 f   sfc_mexmsvc80:sfc_sf.obj
 0001:00011c30       _sf_set_rtw_dwork_info     10012c30 f   sfc_mexmsvc80:sfc_sf.obj
 0001:00011d50       _mdlOutputs                10012d50 f   sfc_mexmsvc80:sfc_sf.obj
 0001:00011e70       _sf_debug_disp             10012e70 f   sfc_debugmsvc80:sfcdebug.obj
 0001:00012070       _sf_debug_data_runtime_size_mismatch_error_check 10013070 f   sfc_debugmsvc80:sfcdebug.obj
 0001:000120b0       _sf_debug_try_loading_machine 100130b0 f   sfc_debugmsvc80:sfcdebug.obj
 0001:00012180       _sf_debug_reset_current_state_configuration 10013180 f   sfc_debugmsvc80:sfcdebug.obj
 0001:000121c0       _sf_debug_store_current_state_configuration 100131c0 f   sfc_debugmsvc80:sfcdebug.obj
 0001:00012200       _sf_debug_restore_previous_state_configuration 10013200 f   sfc_debugmsvc80:sfcdebug.obj
 0001:00012240       _sf_debug_restore_previous_state_configuration2 10013240 f   sfc_debugmsvc80:sfcdebug.obj
 0001:00012280       _sf_debug_get_event_scope  10013280 f   sfc_debugmsvc80:sfcdebug.obj
 0001:000123a0       _use_debugger_step_animation 100133a0 f   sfc_debugmsvc80:sfcdebug.obj
 0001:000123c0       _sf_debug_get_script_id    100133c0 f   sfc_debugmsvc80:sfcdebug.obj
 0001:00012450       _sf_debug_set_script_translation 10013450 f   sfc_debugmsvc80:sfcdebug.obj
 0001:000124e0       _sf_debug_get_current_machine_id 100134e0 f   sfc_debugmsvc80:sfcdebug.obj
 0001:00012500       _sf_debug_get_current_optional_integer 10013500 f   sfc_debugmsvc80:sfcdebug.obj
 0001:00012510       _sf_debug_get_current_machine_number 10013510 f   sfc_debugmsvc80:sfcdebug.obj
 0001:00012530       _sf_debug_get_current_machine_name 10013530 f   sfc_debugmsvc80:sfcdebug.obj
 0001:00012550       _sf_debug_get_current_chart_id 10013550 f   sfc_debugmsvc80:sfcdebug.obj
 0001:00012580       _sf_debug_get_current_chart_number 10013580 f   sfc_debugmsvc80:sfcdebug.obj
 0001:00012590       _sf_debug_get_current_instance_number 10013590 f   sfc_debugmsvc80:sfcdebug.obj
 0001:000125a0       _sf_debug_get_current_is_minor_time_step 100135a0 f   sfc_debugmsvc80:sfcdebug.obj
 0001:00012610       _sf_debug_get_current_object_type 10013610 f   sfc_debugmsvc80:sfcdebug.obj
 0001:00012620       _sf_debug_get_current_instance_handle 10013620 f   sfc_debugmsvc80:sfcdebug.obj
 0001:00012670       _sf_debug_get_current_event_type 10013670 f   sfc_debugmsvc80:sfcdebug.obj
 0001:00012680       _sf_debug_get_current_object_id 10013680 f   sfc_debugmsvc80:sfcdebug.obj
 0001:000126b0       _sf_debug_get_current_active_event_type 100136b0 f   sfc_debugmsvc80:sfcdebug.obj
 0001:000126c0       _sf_debug_get_current_active_event_id 100136c0 f   sfc_debugmsvc80:sfcdebug.obj
 0001:000126f0       _sf_debug_get_current_tag_type 100136f0 f   sfc_debugmsvc80:sfcdebug.obj
 0001:00012700       _sf_debug_get_current_simulation_time 10013700 f   sfc_debugmsvc80:sfcdebug.obj
 0001:00012710       _sf_debug_get_current_coverage_percentage 10013710 f   sfc_debugmsvc80:sfcdebug.obj
 0001:00012720       _sf_debug_current_statement_context 10013720 f   sfc_debugmsvc80:sfcdebug.obj
 0001:000127a0       _sf_debug_get_current_statement_info 100137a0 f   sfc_debugmsvc80:sfcdebug.obj
 0001:000128e0       _sf_debug_terminate_instance 100138e0 f   sfc_debugmsvc80:sfcdebug.obj
 0001:00012b60       _sf_debug_assertion_failed 10013b60 f   sfc_debugmsvc80:sfcdebug.obj
 0001:00012d30       _sf_debug_set_number_of_data_with_change_event_for_machine 10013d30 f   sfc_debugmsvc80:sfcdebug.obj
 0001:00012d70       _sf_debug_set_machine_event_thresholds 10013d70 f   sfc_debugmsvc80:sfcdebug.obj
 0001:00012da0       _sf_debug_set_machine_event_scope 10013da0 f   sfc_debugmsvc80:sfcdebug.obj
 0001:00012de0       _sf_debug_set_machine_data_thresholds 10013de0 f   sfc_debugmsvc80:sfcdebug.obj
 0001:00012e20       _sf_debug_set_machine_data_scope 10013e20 f   sfc_debugmsvc80:sfcdebug.obj
 0001:00012ea0       _sf_debug_set_machine_data_name 10013ea0 f   sfc_debugmsvc80:sfcdebug.obj
 0001:00012ef0       _sf_debug_set_machine_data_size 10013ef0 f   sfc_debugmsvc80:sfcdebug.obj
 0001:00012fe0       _sf_debug_set_machine_data_type 10013fe0 f   sfc_debugmsvc80:sfcdebug.obj
 0001:00013100       _sf_debug_get_chart_data_number 10014100 f   sfc_debugmsvc80:sfcdebug.obj
 0001:00013130       _sf_debug_get_chart_event_number 10014130 f   sfc_debugmsvc80:sfcdebug.obj
 0001:00013160       _sf_debug_set_chart_state_info 10014160 f   sfc_debugmsvc80:sfcdebug.obj
 0001:000131e0       _sf_debug_set_chart_decomposition 100141e0 f   sfc_debugmsvc80:sfcdebug.obj
 0001:00013250       _sf_debug_set_chart_substate_count 10014250 f   sfc_debugmsvc80:sfcdebug.obj
 0001:00013310       _sf_debug_set_chart_substate_index 10014310 f   sfc_debugmsvc80:sfcdebug.obj
 0001:00013380       _sf_debug_set_chart_state_substate_count 10014380 f   sfc_debugmsvc80:sfcdebug.obj
 0001:00013460       _sf_debug_set_chart_state_substate_index 10014460 f   sfc_debugmsvc80:sfcdebug.obj
 0001:000134e0       _sf_debug_set_number_of_data_with_change_event_for_chart 100144e0 f   sfc_debugmsvc80:sfcdebug.obj
 0001:00013560       _sf_debug_set_number_of_states_with_entry_event_for_chart 10014560 f   sfc_debugmsvc80:sfcdebug.obj
 0001:000135d0       _sf_debug_set_number_of_states_with_exit_event_for_chart 100145d0 f   sfc_debugmsvc80:sfcdebug.obj
 0001:00013640       _sf_debug_set_chart_disable_implicit_casting 10014640 f   sfc_debugmsvc80:sfcdebug.obj
 0001:000136b0       _sf_debug_set_chart_event_thresholds 100146b0 f   sfc_debugmsvc80:sfcdebug.obj
 0001:00013720       _sf_debug_set_chart_data_props 10014720 f   sfc_debugmsvc80:sfcdebug.obj
 0001:00013b90       _sf_debug_check_fi_license 10014b90 f   sfc_debugmsvc80:sfcdebug.obj
 0001:00013d20       _sf_debug_symbol_scope_push 10014d20 f   sfc_debugmsvc80:sfcdebug.obj
 0001:00013d60       _sf_debug_symbol_scope_push_eml 10014d60 f   sfc_debugmsvc80:sfcdebug.obj
 0001:00013da0       _sf_debug_symbol_scope_pop 10014da0 f   sfc_debugmsvc80:sfcdebug.obj
 0001:00013dd0       _sf_debug_symbol_scope_add 10014dd0 f   sfc_debugmsvc80:sfcdebug.obj
 0001:00013e20       _sf_debug_symbol_scope_add_eml 10014e20 f   sfc_debugmsvc80:sfcdebug.obj
 0001:00013e50       _sf_debug_symbol_scope_add_dyn 10014e50 f   sfc_debugmsvc80:sfcdebug.obj
 0001:00013ec0       _sf_debug_symbol_scope_add_eml_dyn 10014ec0 f   sfc_debugmsvc80:sfcdebug.obj
 0001:00013f10       _sf_debug_symbol_switch    10014f10 f   sfc_debugmsvc80:sfcdebug.obj
 0001:00013f30       _sf_debug_symbol_scope_add_verbose 10014f30 f   sfc_debugmsvc80:sfcdebug.obj
 0001:00013fa0       _sf_debug_set_machine_data_value_ptr 10014fa0 f   sfc_debugmsvc80:sfcdebug.obj
 0001:00013fe0       _sf_debug_set_instance_data_value_ptr 10014fe0 f   sfc_debugmsvc80:sfcdebug.obj
 0001:00014040       _sf_debug_unset_instance_data_value_ptr 10015040 f   sfc_debugmsvc80:sfcdebug.obj
 0001:00014090       _sf_debug_set_chart_event_scope 10015090 f   sfc_debugmsvc80:sfcdebug.obj
 0001:00014110       _sf_debug_set_chart_transition_coverage_maps 10015110 f   sfc_debugmsvc80:sfcdebug.obj
 0001:000141a0       _sf_debug_set_chart_state_coverage_maps 100151a0 f   sfc_debugmsvc80:sfcdebug.obj
 0001:00014220       _sf_debug_set_instance_transition_coverage_weights 10015220 f   sfc_debugmsvc80:sfcdebug.obj
 0001:00014290       _sf_debug_set_instance_state_coverage_weights 10015290 f   sfc_debugmsvc80:sfcdebug.obj
 0001:00014490       _sf_debug_unload_machine   10015490 f   sfc_debugmsvc80:sfcdebug.obj
 0001:000144e0       _sf_debug_load_machine     100154e0 f   sfc_debugmsvc80:sfcdebug.obj
 0001:00014590       _sf_debug_set_active_instance_in_data_dictionary 10015590 f   sfc_debugmsvc80:sfcdebug.obj
 0001:00014710       _sf_debug_set_active_instance 10015710 f   sfc_debugmsvc80:sfcdebug.obj
 0001:00014800       _sf_debug_chart_visiblity_change 10015800 f   sfc_debugmsvc80:sfcdebug.obj
 0001:000148a0       _sf_debug_select_chart     100158a0 f   sfc_debugmsvc80:sfcdebug.obj
 0001:00014940       _sf_debug_set_instance_cv_ids 10015940 f   sfc_debugmsvc80:sfcdebug.obj
 0001:00014b00       _sf_debug_select_charts    10015b00 f   sfc_debugmsvc80:sfcdebug.obj
 0001:00014be0       _sf_debug_initialized      10015be0 f   sfc_debugmsvc80:sfcdebug.obj
 0001:00014bf0       _sf_debug_is_uninterruptible 10015bf0 f   sfc_debugmsvc80:sfcdebug.obj
 0001:00014c20       _sf_debug_initialize_debugger_gui 10015c20 f   sfc_debugmsvc80:sfcdebug.obj
 0001:00014fa0       _sf_debug_resume           10015fa0 f   sfc_debugmsvc80:sfcdebug.obj
 0001:00014fc0       _sf_debug_go               10015fc0 f   sfc_debugmsvc80:sfcdebug.obj
 0001:00014fd0       _sf_debug_break            10015fd0 f   sfc_debugmsvc80:sfcdebug.obj
 0001:00014fe0       _sf_debug_step_over        10015fe0 f   sfc_debugmsvc80:sfcdebug.obj
 0001:00014ff0       _sf_debug_step_out         10015ff0 f   sfc_debugmsvc80:sfcdebug.obj
 0001:00015000       _sf_debug_set_disable_all_breakpoints 10016000 f   sfc_debugmsvc80:sfcdebug.obj
 0001:00015010       _sf_debug_disable_all_breakpoints_and_go 10016010 f   sfc_debugmsvc80:sfcdebug.obj
 0001:00015020       _sf_debug_break_on_chart_entry 10016020 f   sfc_debugmsvc80:sfcdebug.obj
 0001:00015030       _sf_debug_break_on_event_broadcast 10016030 f   sfc_debugmsvc80:sfcdebug.obj
 0001:00015040       _sf_debug_break_on_state_entry 10016040 f   sfc_debugmsvc80:sfcdebug.obj
 0001:00015050       _sf_debug_break_between_times 10016050 f   sfc_debugmsvc80:sfcdebug.obj
 0001:00015080       _sf_debug_browse_data      10016080 f   sfc_debugmsvc80:sfcdebug.obj
 0001:000150a0       _sf_debug_watch_data       100160a0 f   sfc_debugmsvc80:sfcdebug.obj
 0001:000150c0       _sf_debug_whos             100160c0 f   sfc_debugmsvc80:sfcdebug.obj
 0001:000150e0       _sf_debug_get_consistency_info 100160e0 f   sfc_debugmsvc80:sfcdebug.obj
 0001:00015100       _sf_debug_browse_trace     10016100 f   sfc_debugmsvc80:sfcdebug.obj
 0001:00015120       _sf_debug_set_breakpoints  10016120 f   sfc_debugmsvc80:sfcdebug.obj
 0001:000151e0       _sf_debug_set_eml_breakpoints 100161e0 f   sfc_debugmsvc80:sfcdebug.obj
 0001:000152f0       _sf_debug_set_script_breakpoints 100162f0 f   sfc_debugmsvc80:sfcdebug.obj
 0001:00015370       _sf_debug_add_script_breakpoints 10016370 f   sfc_debugmsvc80:sfcdebug.obj
 0001:000153e0       _sf_debug_clear_script_breakpoints 100163e0 f   sfc_debugmsvc80:sfcdebug.obj
 0001:00015450       _sf_debug_query_script_breakpoints 10016450 f   sfc_debugmsvc80:sfcdebug.obj
 0001:000154f0       _sf_debug_get_eml_script_id 100164f0 f   sfc_debugmsvc80:sfcdebug.obj
 0001:00015540       _sf_debug_set_watch        10016540 f   sfc_debugmsvc80:sfcdebug.obj
 0001:000156e0       _sf_debug_get_coverage     100166e0 f   sfc_debugmsvc80:sfcdebug.obj
 0001:00015700       _sf_debug_get_instance_handle 10016700 f   sfc_debugmsvc80:sfcdebug.obj
 0001:00015780       _sf_debug_get_active_states 10016780 f   sfc_debugmsvc80:sfcdebug.obj
 0001:000157a0       _sf_debug_get_animation    100167a0 f   sfc_debugmsvc80:sfcdebug.obj
 0001:000157b0       _sf_debug_set_animation    100167b0 f   sfc_debugmsvc80:sfcdebug.obj
 0001:000157c0       _sf_debug_animate          100167c0 f   sfc_debugmsvc80:sfcdebug.obj
 0001:000157f0       _sf_debug_cycle_detection_check 100167f0 f   sfc_debugmsvc80:sfcdebug.obj
 0001:00015800       _sf_debug_data_range_check 10016800 f   sfc_debugmsvc80:sfcdebug.obj
 0001:00015810       _sf_debug_transition_conflict_check 10016810 f   sfc_debugmsvc80:sfcdebug.obj
 0001:00015820       _sf_debug_state_consistency_check 10016820 f   sfc_debugmsvc80:sfcdebug.obj
 0001:00015830       _sf_debug_data_range_check_enabled 10016830 f   sfc_debugmsvc80:sfcdebug.obj
 0001:00015840       _sf_debug_transition_conflict_check_enabled 10016840 f   sfc_debugmsvc80:sfcdebug.obj
 0001:00015850       _sf_debug_transition_conflict_check_begin 10016850 f   sfc_debugmsvc80:sfcdebug.obj
 0001:00015870       _sf_debug_transition_conflict_check_end 10016870 f   sfc_debugmsvc80:sfcdebug.obj
 0001:00015890       _sf_debug_stop_debugging   10016890 f   sfc_debugmsvc80:sfcdebug.obj
 0001:000158c0       _sf_debug_is_cycle_detected 100168c0 f   sfc_debugmsvc80:sfcdebug.obj
 0001:000158d0       _sf_debug_is_array_bounds_detected 100168d0 f   sfc_debugmsvc80:sfcdebug.obj
 0001:000158e0       _sf_debug_get_state_vectors_data_size 100168e0 f   sfc_debugmsvc80:sfcdebug.obj
 0001:00015920       _sf_debug_get_state_vectors_data 10016920 f   sfc_debugmsvc80:sfcdebug.obj
 0001:000159f0       _sf_debug_set_state_vectors_data 100169f0 f   sfc_debugmsvc80:sfcdebug.obj
 0001:00015c20       _sf_debug_get_script_index 10016c20 f   sfc_debugmsvc80:sfcdebug.obj
 0001:00015d50       _sf_debug_add_script       10016d50 f   sfc_debugmsvc80:sfcdebug.obj
 0001:00015ea0       _cv_eval_point             10016ea0 f   sfc_debugmsvc80:sfcdebug.obj
 0001:00015f70       _sf_debug_cv_init_state    10016f70 f   sfc_debugmsvc80:sfcdebug.obj
 0001:00016000       _sf_debug_cv_init_chart    10017000 f   sfc_debugmsvc80:sfcdebug.obj
 0001:00016080       _sf_debug_cv_init_trans    10017080 f   sfc_debugmsvc80:sfcdebug.obj
 0001:00016160       _cv_eml_init_script        10017160 f   sfc_debugmsvc80:sfcdebug.obj
 0001:000161d0       _cv_eml_init_fcn           100171d0 f   sfc_debugmsvc80:sfcdebug.obj
 0001:00016230       _cv_eml_init_testobjective 10017230 f   sfc_debugmsvc80:sfcdebug.obj
 0001:00016290       _cv_eml_init_if            10017290 f   sfc_debugmsvc80:sfcdebug.obj
 0001:000162f0       _cv_eml_init_for           100172f0 f   sfc_debugmsvc80:sfcdebug.obj
 0001:00016350       _cv_eml_init_while         10017350 f   sfc_debugmsvc80:sfcdebug.obj
 0001:000163b0       _cv_eml_init_mcdc          100173b0 f   sfc_debugmsvc80:sfcdebug.obj
 0001:00016420       _cv_eml_init_switch        10017420 f   sfc_debugmsvc80:sfcdebug.obj
 0001:00016480       _cv_eml_eval               10017480 f   sfc_debugmsvc80:sfcdebug.obj
 0001:000164f0       _sf_debug_bm_is_a_eml_breakpoint 100174f0 f   sfc_debugmsvc80:sfcdebug.obj
 0001:00016620       _sf_debug_temporal_threshold 10017620 f   sfc_debugmsvc80:sfcdebug.obj
 0001:00016910       _sf_debug_transition_conflict_error 10017910 f   sfc_debugmsvc80:sfcdebug.obj
 0001:00016bb0       _sf_debug_state_inconsistency_error 10017bb0 f   sfc_debugmsvc80:sfcdebug.obj
 0001:00016ca0       _sf_debug_check_for_state_inconsistency 10017ca0 f   sfc_debugmsvc80:sfcdebug.obj
 0001:00016ce0       _sf_debug_cycle_detecton_error 10017ce0 f   sfc_debugmsvc80:sfcdebug.obj
 0001:00017320       _sf_debug_size_eq_check_1d 10018320 f   sfc_debugmsvc80:sfcdebug.obj
 0001:00017340       _sf_debug_size_eq_check_nd 10018340 f   sfc_debugmsvc80:sfcdebug.obj
 0001:00017420       _sf_debug_dim_size_eq_check 10018420 f   sfc_debugmsvc80:sfcdebug.obj
 0001:00017450       _sf_debug_dim_size_geq_check 10018450 f   sfc_debugmsvc80:sfcdebug.obj
 0001:00017480       _sf_debug_sub_assign_size_check_nd 10018480 f   sfc_debugmsvc80:sfcdebug.obj
 0001:000175a0       _sf_debug_matrix_matrix_index_check 100185a0 f   sfc_debugmsvc80:sfcdebug.obj
 0001:000175d0       _sf_debug_data_array_bounds_error_check 100185d0 f   sfc_debugmsvc80:sfcdebug.obj
 0001:00017630       _sf_debug_eml_data_array_bounds_error_check 10018630 f   sfc_debugmsvc80:sfcdebug.obj
 0001:00017920       _sf_debug_integer_check    10018920 f   sfc_debugmsvc80:sfcdebug.obj
 0001:000179a0       _sf_debug_not_nan_check    100189a0 f   sfc_debugmsvc80:sfcdebug.obj
 0001:000179f0       _sf_debug_non_negative_check 100189f0 f   sfc_debugmsvc80:sfcdebug.obj
 0001:00017a50       _sf_debug_overflow_detection 10018a50 f   sfc_debugmsvc80:sfcdebug.obj
 0001:00017f70       _sf_debug_cast_to_real32_T 10018f70 f   sfc_debugmsvc80:sfcdebug.obj
 0001:00017fd0       _sf_debug_cast_to_int8_T   10018fd0 f   sfc_debugmsvc80:sfcdebug.obj
 0001:00018050       _sf_debug_cast_to_uint8_T  10019050 f   sfc_debugmsvc80:sfcdebug.obj
 0001:000180e0       _sf_debug_cast_to_int16_T  100190e0 f   sfc_debugmsvc80:sfcdebug.obj
 0001:00018160       _sf_debug_cast_to_uint16_T 10019160 f   sfc_debugmsvc80:sfcdebug.obj
 0001:000181f0       _sf_debug_cast_to_int32_T  100191f0 f   sfc_debugmsvc80:sfcdebug.obj
 0001:00018260       _sf_debug_cast_to_uint32_T 10019260 f   sfc_debugmsvc80:sfcdebug.obj
 0001:000182f0       _sf_debug_data_range_error 100192f0 f   sfc_debugmsvc80:sfcdebug.obj
 0001:00018670       _sf_debug_data_range_error_wrapper_min_max 10019670 f   sfc_debugmsvc80:sfcdebug.obj
 0001:000186e0       _sf_debug_data_range_error_wrapper_min 100196e0 f   sfc_debugmsvc80:sfcdebug.obj
 0001:00018740       _sf_debug_data_range_error_wrapper_max 10019740 f   sfc_debugmsvc80:sfcdebug.obj
 0001:000187a0       _sf_debug_data_range_wrapper 100197a0 f   sfc_debugmsvc80:sfcdebug.obj
 0001:000187f0       _sf_debug_set_current_status_info 100197f0 f   sfc_debugmsvc80:sfcdebug.obj
 0001:00018b50       _sf_debug_call             10019b50 f   sfc_debugmsvc80:sfcdebug.obj
 0001:00019540       _sf_debug_initialize_machine 1001a540 f   sfc_debugmsvc80:sfcdebug.obj
 0001:000197e0       _sf_debug_initialize_chart 1001a7e0 f   sfc_debugmsvc80:sfcdebug.obj
 0001:00019b40       _sf_debug_ensure_script    1001ab40 f   sfc_debugmsvc80:sfcdebug.obj
 0001:00019bf0       _cv_script_init_script     1001abf0 f   sfc_debugmsvc80:sfcdebug.obj
 0001:00019c50       _cv_script_init_fcn        1001ac50 f   sfc_debugmsvc80:sfcdebug.obj
 0001:00019ca0       _cv_script_init_testobjective 1001aca0 f   sfc_debugmsvc80:sfcdebug.obj
 0001:00019cf0       _cv_script_init_if         1001acf0 f   sfc_debugmsvc80:sfcdebug.obj
 0001:00019d40       _cv_script_init_for        1001ad40 f   sfc_debugmsvc80:sfcdebug.obj
 0001:00019d90       _cv_script_init_while      1001ad90 f   sfc_debugmsvc80:sfcdebug.obj
 0001:00019de0       _cv_script_init_mcdc       1001ade0 f   sfc_debugmsvc80:sfcdebug.obj
 0001:00019e40       _cv_script_init_switch     1001ae40 f   sfc_debugmsvc80:sfcdebug.obj
 0001:00019ea0       _cv_script_eval            1001aea0 f   sfc_debugmsvc80:sfcdebug.obj
 0001:00019f00       _eml_debug_line_call       1001af00 f   sfc_debugmsvc80:sfcdebug.obj
 0001:0001a000       _sf_debug_terminate        1001b000 f   sfc_debugmsvc80:sfcdebug.obj
 0001:0001a130       _sf_debug_set_script_cv_ids 1001b130 f   sfc_debugmsvc80:sfcdebug.obj
 0001:0001a240       _sf_debug_api              1001b240 f   sfc_debugmsvc80:sfc_api.obj
 0001:0001ba30       _sf_debug_sm_terminate     1001ca30 f   sfc_debugmsvc80:sfdb_animation.obj
 0001:0001bba0       _sf_debug_reset_path_objects 1001cba0 f   sfc_debugmsvc80:sfdb_animation.obj
 0001:0001bc10       _sf_debug_sm_reset_object_selection_status 1001cc10 f   sfc_debugmsvc80:sfdb_animation.obj
 0001:0001bcb0       _sf_debug_sm_reset_state_buffer 1001ccb0 f   sfc_debugmsvc80:sfdb_animation.obj
 0001:0001bd70       _sf_debug_sm_store_state_buffer 1001cd70 f   sfc_debugmsvc80:sfdb_animation.obj
 0001:0001bdf0       _sf_debug_sm_restore_state_buffer1 1001cdf0 f   sfc_debugmsvc80:sfdb_animation.obj
 0001:0001be50       _sf_debug_sm_restore_state_buffer2 1001ce50 f   sfc_debugmsvc80:sfdb_animation.obj
 0001:0001beb0       _sf_debug_sm_chart_active  1001ceb0 f   sfc_debugmsvc80:sfdb_animation.obj
 0001:0001bf00       _sf_debug_sm_select_active_objects 1001cf00 f   sfc_debugmsvc80:sfdb_animation.obj
 0001:0001c280       _sf_debug_sm_is_chart_active 1001d280 f   sfc_debugmsvc80:sfdb_animation.obj
 0001:0001c2c0       _sf_debug_sm_is_state_active 1001d2c0 f   sfc_debugmsvc80:sfdb_animation.obj
 0001:0001c470       _sf_debug_sm_get_active_states 1001d470 f   sfc_debugmsvc80:sfdb_animation.obj
 0001:0001c8a0       _sf_debug_sm_initialize_instance 1001d8a0 f   sfc_debugmsvc80:sfdb_animation.obj
 0001:0001caa0       _sf_debug_sm_change_object_selection_status 1001daa0 f   sfc_debugmsvc80:sfdb_animation.obj
 0001:0001cc90       _cv_create_interface       1001dc90 f   sfc_debugmsvc80:cv_sfinterface.obj
 0001:0001cfa0       _cv_init_trans             1001dfa0 f   sfc_debugmsvc80:cv_sfinterface.obj
 0001:0001cff0       _cv_init_state             1001dff0 f   sfc_debugmsvc80:cv_sfinterface.obj
 0001:0001d050       _cv_init_chart             1001e050 f   sfc_debugmsvc80:cv_sfinterface.obj
 0001:0001d0a0       _cv_dec_update_call        1001e0a0 f   sfc_debugmsvc80:cv_sfinterface.obj
 0001:0001d0e0       _cv_cond_update_call       1001e0e0 f   sfc_debugmsvc80:cv_sfinterface.obj
 0001:0001d120       _cv_sigrange_update        1001e120 f   sfc_debugmsvc80:cv_sfinterface.obj
 0001:0001d170       _cvsf_eml_eval             1001e170 f   sfc_debugmsvc80:cv_sfinterface.obj
 0001:0001d250       _cvsf_eml_init_script      1001e250 f   sfc_debugmsvc80:cv_sfinterface.obj
 0001:0001d2b0       _cvsf_eml_init_fcn         1001e2b0 f   sfc_debugmsvc80:cv_sfinterface.obj
 0001:0001d310       _cvsf_eml_init_testobjective 1001e310 f   sfc_debugmsvc80:cv_sfinterface.obj
 0001:0001d370       _cvsf_eml_init_if          1001e370 f   sfc_debugmsvc80:cv_sfinterface.obj
 0001:0001d3d0       _cvsf_eml_init_for         1001e3d0 f   sfc_debugmsvc80:cv_sfinterface.obj
 0001:0001d430       _cvsf_eml_init_while       1001e430 f   sfc_debugmsvc80:cv_sfinterface.obj
 0001:0001d490       _cvsf_eml_init_mcdc        1001e490 f   sfc_debugmsvc80:cv_sfinterface.obj
 0001:0001d500       _cvsf_eml_init_switch      1001e500 f   sfc_debugmsvc80:cv_sfinterface.obj
 0001:0001d560       _cvsf_script_eval          1001e560 f   sfc_debugmsvc80:cv_sfinterface.obj
 0001:0001d640       _cvsf_script_init_script   1001e640 f   sfc_debugmsvc80:cv_sfinterface.obj
 0001:0001d6a0       _cvsf_script_init_fcn      1001e6a0 f   sfc_debugmsvc80:cv_sfinterface.obj
 0001:0001d700       _cvsf_script_init_testobjective 1001e700 f   sfc_debugmsvc80:cv_sfinterface.obj
 0001:0001d760       _cvsf_script_init_if       1001e760 f   sfc_debugmsvc80:cv_sfinterface.obj
 0001:0001d7c0       _cvsf_script_init_for      1001e7c0 f   sfc_debugmsvc80:cv_sfinterface.obj
 0001:0001d810       _cvsf_script_init_while    1001e810 f   sfc_debugmsvc80:cv_sfinterface.obj
 0001:0001d860       _cvsf_script_init_mcdc     1001e860 f   sfc_debugmsvc80:cv_sfinterface.obj
 0001:0001d8d0       _cvsf_script_init_switch   1001e8d0 f   sfc_debugmsvc80:cv_sfinterface.obj
 0001:0001d930       _cv_destroy_interface      1001e930 f   sfc_debugmsvc80:cv_sfinterface.obj
 0001:0001d950       _cv_create_instance_objects 1001e950 f   sfc_debugmsvc80:cv_sfinterface.obj
 0001:0001dc90       _cv_is_enabled             1001ec90 f   sfc_debugmsvc80:cv_sfinterface.obj
 0001:0001dca0       _sf_debug_cv_initialize_script 1001eca0 f   sfc_debugmsvc80:cv_sfinterface.obj
 0001:0001de30       _sf_debug_cv_initialize_instance 1001ee30 f   sfc_debugmsvc80:cv_sfinterface.obj
 0001:0001e130       _sf_debug_cv_terminate_chart 1001f130 f   sfc_debugmsvc80:cv_sfinterface.obj
 0001:0001e220       _cv_call_trans_test        1001f220 f   sfc_debugmsvc80:cv_sfinterface.obj
 0001:0001e230       _cv_call_sub_cond_test     1001f230 f   sfc_debugmsvc80:cv_sfinterface.obj
 0001:0001e340       _sf_debug_hm_initialize_instance 1001f340 f   sfc_debugmsvc80:sfdb_handle_management.obj
 0001:0001e450       _sf_debug_hm_get_object_id 1001f450 f   sfc_debugmsvc80:sfdb_handle_management.obj
 0001:0001fe70       _sf_debug_object_is_eml_function 10020e70 f   sfc_debugmsvc80:sfdb_handle_management.obj
 0001:0001fed0       _sf_debug_hm_initialize_ids_in_machine 10020ed0 f   sfc_debugmsvc80:sfdb_handle_management.obj
 0001:00020020       _sf_debug_hm_initialize_ids_in_chart 10021020 f   sfc_debugmsvc80:sfdb_handle_management.obj
 0001:00020140       _sf_debug_hm_initialize_chart 10021140 f   sfc_debugmsvc80:sfdb_handle_management.obj
 0001:00020b30       _sf_debug_hm_terminate     10021b30 f   sfc_debugmsvc80:sfdb_handle_management.obj
 0001:00020b90       _sf_debug_hm_initialize_machine 10021b90 f   sfc_debugmsvc80:sfdb_handle_management.obj
 0001:00021200       _sf_debug_st_initialize_machine 10022200 f   sfc_debugmsvc80:sfdb_data_browse.obj
 0001:000212b0       _sf_debug_st_initialize_instance 100222b0 f   sfc_debugmsvc80:sfdb_data_browse.obj
 0001:00021470       _sf_debug_st_terminate     10022470 f   sfc_debugmsvc80:sfdb_data_browse.obj
 0001:000215d0       _sf_debug_st_set_data_value_ptr_in_machine 100225d0 f   sfc_debugmsvc80:sfdb_data_browse.obj
 0001:00021640       _sf_debug_st_set_data_value_ptr_in_instance 10022640 f   sfc_debugmsvc80:sfdb_data_browse.obj
 0001:000216f0       _sf_debug_st_unset_data_value_ptr_in_machine 100226f0 f   sfc_debugmsvc80:sfdb_data_browse.obj
 0001:00021750       _sf_debug_st_unset_data_value_ptr_in_instance 10022750 f   sfc_debugmsvc80:sfdb_data_browse.obj
 0001:00021a60       _sf_debug_mx_value         10022a60 f   sfc_debugmsvc80:sfdb_data_browse.obj
 0001:00021ab0       _sf_debug_mx_packed_vector 10022ab0 f   sfc_debugmsvc80:sfdb_data_browse.obj
 0001:00021b50       _sf_debug_mx_uint_vector   10022b50 f   sfc_debugmsvc80:sfdb_data_browse.obj
 0001:00021bd0       _sf_debug_st_get_double_value_from_void_ptr_vector 10022bd0 f   sfc_debugmsvc80:sfdb_data_browse.obj
 0001:000223d0       _sf_debug_st_browse_data   100233d0 f   sfc_debugmsvc80:sfdb_data_browse.obj
 0001:000229d0       _sf_debug_ss_initialize    100239d0 f   sfc_debugmsvc80:sfdb_symbol_scope.obj
 0001:000229f0       _sf_debug_ss_terminate     100239f0 f   sfc_debugmsvc80:sfdb_symbol_scope.obj
 0001:00022a70       _sf_debug_ss_push_symbol_scope 10023a70 f   sfc_debugmsvc80:sfdb_symbol_scope.obj
 0001:00022b30       _sf_debug_ss_push_symbol_scope_eml 10023b30 f   sfc_debugmsvc80:sfdb_symbol_scope.obj
 0001:00022b80       _sf_debug_ss_pop_symbol_scope 10023b80 f   sfc_debugmsvc80:sfdb_symbol_scope.obj
 0001:00022c10       _sf_debug_ss_add_symbol    10023c10 f   sfc_debugmsvc80:sfdb_symbol_scope.obj
 0001:00022cf0       _sf_debug_ss_add_symbol_eml 10023cf0 f   sfc_debugmsvc80:sfdb_symbol_scope.obj
 0001:00023790       _sf_debug_ss_watch_data    10024790 f   sfc_debugmsvc80:sfdb_symbol_scope.obj
 0001:00023ed0       _get_data_entry_name       10024ed0 f   sfc_debugmsvc80:sfdb_symbol_scope.obj
 0001:00023f20       _sf_debug_ss_whos          10024f20 f   sfc_debugmsvc80:sfdb_symbol_scope.obj
 0001:000243b0       _sf_debug_cc_initialize_chart 100253b0 f   sfc_debugmsvc80:sfdb_coverage.obj
 0001:00024d80       _sf_debug_cc_initialize_instance 10025d80 f   sfc_debugmsvc80:sfdb_coverage.obj
 0001:00025990       _sf_debug_cc_terminate     10026990 f   sfc_debugmsvc80:sfdb_coverage.obj
 0001:00025a60       _sf_debug_cc_set_transition_maps 10026a60 f   sfc_debugmsvc80:sfdb_coverage.obj
 0001:00025b60       _sf_debug_cc_set_state_maps 10026b60 f   sfc_debugmsvc80:sfdb_coverage.obj
 0001:00025c30       _sf_debug_cc_set_transition_weights 10026c30 f   sfc_debugmsvc80:sfdb_coverage.obj
 0001:00025e50       _sf_debug_cc_set_state_weights 10026e50 f   sfc_debugmsvc80:sfdb_coverage.obj
 0001:00026090       _sf_debug_cc_mark_transition_guard 10027090 f   sfc_debugmsvc80:sfdb_coverage.obj
 0001:00026110       _sf_debug_cc_mark_transition_trigger 10027110 f   sfc_debugmsvc80:sfdb_coverage.obj
 0001:00026190       _sf_debug_cc_mark_transition_decision 10027190 f   sfc_debugmsvc80:sfdb_coverage.obj
 0001:000261f0       _sf_debug_cc_mark_transition_condition_action 100271f0 f   sfc_debugmsvc80:sfdb_coverage.obj
 0001:00026240       _sf_debug_cc_mark_transition_transition_action 10027240 f   sfc_debugmsvc80:sfdb_coverage.obj
 0001:00026290       _sf_debug_cc_mark_state_entry 10027290 f   sfc_debugmsvc80:sfdb_coverage.obj
 0001:000262e0       _sf_debug_cc_mark_state_during 100272e0 f   sfc_debugmsvc80:sfdb_coverage.obj
 0001:00026330       _sf_debug_cc_mark_state_exit 10027330 f   sfc_debugmsvc80:sfdb_coverage.obj
 0001:00026940       _sf_debug_cc_get_coverage  10027940 f   sfc_debugmsvc80:sfdb_coverage.obj
 0001:00026db0       _sf_debug_bm_clear_script_breakpoints 10027db0 f   sfc_debugmsvc80:sfdb_breakpoints.obj
 0001:00026df0       _sf_debug_bm_set_script_breakpoint 10027df0 f   sfc_debugmsvc80:sfdb_breakpoints.obj
 0001:00026e60       _sf_debug_bm_clear_single_script_breakpoint 10027e60 f   sfc_debugmsvc80:sfdb_breakpoints.obj
 0001:00026ed0       _sf_debug_bm_query_script_breakpoint 10027ed0 f   sfc_debugmsvc80:sfdb_breakpoints.obj
 0001:00026f20       _sf_debug_bm_initialize_scripts 10027f20 f   sfc_debugmsvc80:sfdb_breakpoints.obj
 0001:000274c0       _sf_debug_bm_terminate     100284c0 f   sfc_debugmsvc80:sfdb_breakpoints.obj
 0001:00027780       _sf_debug_bm_remove_all_breakpoints_in_machine 10028780 f   sfc_debugmsvc80:sfdb_breakpoints.obj
 0001:000277d0       _sf_debug_bm_remove_all_breakpoints_in_chart 100287d0 f   sfc_debugmsvc80:sfdb_breakpoints.obj
 0001:00027900       _sf_debug_bm_initialize_global_breakpoints 10028900 f   sfc_debugmsvc80:sfdb_breakpoints.obj
 0001:00027ab0       _sf_debug_bm_set_breakpoint 10028ab0 f   sfc_debugmsvc80:sfdb_breakpoints.obj
 0001:00028020       _sf_debug_bm_set_eml_breakpoint 10029020 f   sfc_debugmsvc80:sfdb_breakpoints.obj
 0001:000280a0       _sf_debug_bm_initialize_machine_breakpoint_map 100290a0 f   sfc_debugmsvc80:sfdb_breakpoints.obj
 0001:00028440       _sf_debug_bm_is_a_breakpoint 10029440 f   sfc_debugmsvc80:sfdb_breakpoints.obj
 0001:000288b0       _sf_debug_bm_get_all_breakpoints_in_machine 100298b0 f   sfc_debugmsvc80:sfdb_breakpoints.obj
 0001:00028b50       _sf_debug_bm_get_all_breakpoints_in_chart 10029b50 f   sfc_debugmsvc80:sfdb_breakpoints.obj
 0001:00029580       _sf_debug_bm_initialize_machine 1002a580 f   sfc_debugmsvc80:sfdb_breakpoints.obj
 0001:00029620       _sf_debug_bm_initialize_chart 1002a620 f   sfc_debugmsvc80:sfdb_breakpoints.obj
 0001:000299b0       _sf_debug_sc_terminate     1002a9b0 f   sfc_debugmsvc80:sfdb_state_consistency.obj
 0001:00029c30       _sf_debug_sc_is_chart_consistent 1002ac30 f   sfc_debugmsvc80:sfdb_state_consistency.obj
 0001:00029e10       _sf_debug_sc_get_consistency_error_info 1002ae10 f   sfc_debugmsvc80:sfdb_state_consistency.obj
 0001:0002a170       _sf_debug_tm_terminate     1002b170 f   sfc_debugmsvc80:sfdb_call_stack.obj
 0001:0002a210       _sf_debug_tm_push_chart_instance 1002b210 f   sfc_debugmsvc80:sfdb_call_stack.obj
 0001:0002a340       _sf_debug_tm_pop_chart_instance 1002b340 f   sfc_debugmsvc80:sfdb_call_stack.obj
 0001:0002a3a0       _sf_debug_tm_push_trace_node 1002b3a0 f   sfc_debugmsvc80:sfdb_call_stack.obj
 0001:0002a4b0       _sf_debug_tm_pop_trace_node 1002b4b0 f   sfc_debugmsvc80:sfdb_call_stack.obj
 0001:0002a530       _sf_debug_tm_get_current_global_trace_index 1002b530 f   sfc_debugmsvc80:sfdb_call_stack.obj
 0001:0002a550       _sf_debug_tm_get_current_local_trace_index 1002b550 f   sfc_debugmsvc80:sfdb_call_stack.obj
 0001:0002a580       _sf_debug_tm_set_cycle_detected_flag 1002b580 f   sfc_debugmsvc80:sfdb_call_stack.obj
 0001:0002a5d0       _sf_debug_tm_set_cycle_started_flag 1002b5d0 f   sfc_debugmsvc80:sfdb_call_stack.obj
 0001:0002a620       _sf_debug_tm_get_chart_number_from_stack 1002b620 f   sfc_debugmsvc80:sfdb_call_stack.obj
 0001:0002a7c0       _sf_debug_tm_browse_trace  1002b7c0 f   sfc_debugmsvc80:sfdb_call_stack.obj
 0001:0002aa30       _sf_debug_cd_initialize_instance 1002ba30 f   sfc_debugmsvc80:sfdb_cycle_detection.obj
 0001:0002ac60       _sf_debug_cd_mark_processed_transition_in_instance 1002bc60 f   sfc_debugmsvc80:sfdb_cycle_detection.obj
 0001:0002ace0       _sf_debug_cd_checksum_push 1002bce0 f   sfc_debugmsvc80:sfdb_cycle_detection.obj
 0001:0002afe0       _sf_debug_cd_checksum_pop  1002bfe0 f   sfc_debugmsvc80:sfdb_cycle_detection.obj
 0001:0002b040       _sf_debug_cd_turn_off_cycle_detection 1002c040 f   sfc_debugmsvc80:sfdb_cycle_detection.obj
 0001:0002b090       _sf_debug_cd_terminate     1002c090 f   sfc_debugmsvc80:sfdb_cycle_detection.obj
 0001:0002b260       _md5_initialize_state      1002c260 f   sfc_debugmsvc80:ckmd5.obj
 0001:0002baf0       _md5_update_state          1002caf0 f   sfc_debugmsvc80:ckmd5.obj
 0001:0002bb10       _md5_get_hash              1002cb10 f   sfc_debugmsvc80:ckmd5.obj
 0001:0002bb30       _md5_get_hash_for_a_single_string 1002cb30 f   sfc_debugmsvc80:ckmd5.obj
 0001:0002bb9a       _mxGetPr                   1002cb9a f   libmx:libmx.dll
 0001:0002bba0       _mxCreateDoubleScalar      1002cba0 f   libmx:libmx.dll
 0001:0002bba6       _mxSetField_730            1002cba6 f   libmx:libmx.dll
 0001:0002bbac       _mxCreateDoubleMatrix_730  1002cbac f   libmx:libmx.dll
 0001:0002bbb2       _mxCreateStructMatrix_730  1002cbb2 f   libmx:libmx.dll
 0001:0002bbb8       _mxDestroyArray            1002cbb8 f   libmx:libmx.dll
 0001:0002bbbe       _mxCreateString            1002cbbe f   libmx:libmx.dll
 0001:0002bbc4       _mxDuplicateArray          1002cbc4 f   libmx:libmx.dll
 0001:0002bbca       _mxGetString_730           1002cbca f   libmx:libmx.dll
 0001:0002bbd0       _mxIsChar                  1002cbd0 f   libmx:libmx.dll
 0001:0002bbd6       _mxGetClassID              1002cbd6 f   libmx:libmx.dll
 0001:0002bbdc       _mxIsNumeric               1002cbdc f   libmx:libmx.dll
 0001:0002bbe2       _mxIsComplex               1002cbe2 f   libmx:libmx.dll
 0001:0002bbe8       _mxGetN                    1002cbe8 f   libmx:libmx.dll
 0001:0002bbee       _mxGetM                    1002cbee f   libmx:libmx.dll
 0001:0002bbf4       _mxCalloc                  1002cbf4 f   libmx:libmx.dll
 0001:0002bbfa       _mxGetScalar               1002cbfa f   libmx:libmx.dll
 0001:0002bc00       _mxIsLogical               1002cc00 f   libmx:libmx.dll
 0001:0002bc06       _mxCreateDoubleMatrix_700  1002cc06 f   libmx:libmx.dll
 0001:0002bc0c       _mxFree                    1002cc0c f   libmx:libmx.dll
 0001:0002bc12       _mxArrayToString           1002cc12 f   libmx:libmx.dll
 0001:0002bc18       _mxCreateCellMatrix_700    1002cc18 f   libmx:libmx.dll
 0001:0002bc1e       _mxSetCell_700             1002cc1e f   libmx:libmx.dll
 0001:0002bc24       _mxGetCell_700             1002cc24 f   libmx:libmx.dll
 0001:0002bc2a       _mxGetClassName            1002cc2a f   libmx:libmx.dll
 0001:0002bc30       _mxSetField_700            1002cc30 f   libmx:libmx.dll
 0001:0002bc36       _mxAddField                1002cc36 f   libmx:libmx.dll
 0001:0002bc3c       _mxGetField_700            1002cc3c f   libmx:libmx.dll
 0001:0002bc42       _mxGetNumberOfElements     1002cc42 f   libmx:libmx.dll
 0001:0002bc48       _mxIsStruct                1002cc48 f   libmx:libmx.dll
 0001:0002bc4e       _mxIsClass                 1002cc4e f   libmx:libmx.dll
 0001:0002bc54       _mxGetLogicals             1002cc54 f   libmx:libmx.dll
 0001:0002bc5a       _mxIsSparse                1002cc5a f   libmx:libmx.dll
 0001:0002bc60       _mxSetFieldByNumber_700    1002cc60 f   libmx:libmx.dll
 0001:0002bc66       _mxGetFieldByNumber_700    1002cc66 f   libmx:libmx.dll
 0001:0002bc6c       _mxGetFieldNameByNumber    1002cc6c f   libmx:libmx.dll
 0001:0002bc72       _mxGetNumberOfFields       1002cc72 f   libmx:libmx.dll
 0001:0002bc78       _mxCreateStructMatrix_700  1002cc78 f   libmx:libmx.dll
 0001:0002bc7e       _mxGetFieldNumber          1002cc7e f   libmx:libmx.dll
 0001:0002bc84       _mxIsNaN                   1002cc84 f   libmx:libmx.dll
 0001:0002bc8a       _mxIsEmpty                 1002cc8a f   libmx:libmx.dll
 0001:0002bc90       _mxGetData                 1002cc90 f   libmx:libmx.dll
 0001:0002bc96       _mxGetImagData             1002cc96 f   libmx:libmx.dll
 0001:0002bc9c       _mxArrayClassIDName        1002cc9c f   libmx:libmx.dll
 0001:0002bca2       _mxCreateNumericMatrix_700 1002cca2 f   libmx:libmx.dll
 0001:0002bca8       _mxCreateStructArray_700   1002cca8 f   libmx:libmx.dll
 0001:0002bcae       _mxCalcSingleSubscript_700 1002ccae f   libmx:libmx.dll
 0001:0002bcb4       _mxGetDimensions_700       1002ccb4 f   libmx:libmx.dll
 0001:0002bcba       _mxGetNumberOfDimensions_700 1002ccba f   libmx:libmx.dll
 0001:0002bcc0       _mxCreateNumericArray_700  1002ccc0 f   libmx:libmx.dll
 0001:0002bcc6       _mxGetElementSize          1002ccc6 f   libmx:libmx.dll
 0001:0002bccc       _mxGetString_700           1002cccc f   libmx:libmx.dll
 0001:0002bcd2       _mxIsLogicalScalarTrue     1002ccd2 f   libmx:libmx.dll
 0001:0002bcd8       _mxCreateLogicalScalar     1002ccd8 f   libmx:libmx.dll
 0001:0002bcde       _mexUnlock                 1002ccde f   libmex:libmex.dll
 0001:0002bce4       _mexIsLocked               1002cce4 f   libmex:libmex.dll
 0001:0002bcea       _mexWarnMsgTxt             1002ccea f   libmex:libmex.dll
 0001:0002bcf0       _mexCallMATLAB             1002ccf0 f   libmex:libmex.dll
 0001:0002bcf6       _mexErrMsgTxt              1002ccf6 f   libmex:libmex.dll
 0001:0002bcfc       _mexSetTrapFlag            1002ccfc f   libmex:libmex.dll
 0001:0002bd02       _mexMakeArrayPersistent    1002cd02 f   libmex:libmex.dll
 0001:0002bd08       _mexPutVariable            1002cd08 f   libmex:libmex.dll
 0001:0002bd0e       _mexGetVariable            1002cd0e f   libmex:libmex.dll
 0001:0002bd14       _mexLock                   1002cd14 f   libmex:libmex.dll
 0001:0002bd1a       _mexMakeMemoryPersistent   1002cd1a f   libmex:libmex.dll
 0001:0002bd20       _mexFunctionName           1002cd20 f   libmex:libmex.dll
 0001:0002bd26       _ssRegisterDataTypeFxpFSlopeFixExpBias 1002cd26 f   libfixedpoint:libfixedpoint.dll
 0001:0002bd2c       _utVSNprintf               1002cd2c f   libut:libut.dll
 0001:0002bd32       _utCPUtime                 1002cd32 f   libut:libut.dll
 0001:0002bd38       _utFree                    1002cd38 f   libut:libut.dll
 0001:0002bd3e       _utMalloc                  1002cd3e f   libut:libut.dll
 0001:0002bd44       _emlrtCheckBuiltInR2009a   1002cd44 f   libemlrt:libemlrt.dll
 0001:0002bd4a       _emlrtCheckVsBuiltInR2009a 1002cd4a f   libemlrt:libemlrt.dll
 0001:0002bd50       _emlrtCheckEnumR2009a      1002cd50 f   libemlrt:libemlrt.dll
 0001:0002bd56       _emlrtCreateEnumR2010a     1002cd56 f   libemlrt:libemlrt.dll
 0001:0002bd5c       _emlrtGetEnumElementR2009a 1002cd5c f   libemlrt:libemlrt.dll
 0001:0002bd62       _emlrtImportVsFiArrayR2009b 1002cd62 f   libemlrt:libemlrt.dll
 0001:0002bd68       _emlrtGetEnumUnderlyingArrayR2009a 1002cd68 f   libemlrt:libemlrt.dll
 0001:0002bd6e       _emlrtIsEnumR2009a         1002cd6e f   libemlrt:libemlrt.dll
 0001:0002bd74       _dnrm232                   1002cd74 f   libmwblascompat32:libmwblascompat32.dll
 0001:0002bd7a       _strlen                    1002cd7a f   MSVCRT:MSVCR90.dll
 0001:0002bd80       _memset                    1002cd80 f   MSVCRT:MSVCR90.dll
 0001:0002bd86       _malloc                    1002cd86 f   MSVCRT:MSVCR90.dll
 0001:0002bd90       __ftol2_sse                1002cd90 f   MSVCRT:ftol2.obj
 0001:0002bd99       __ftol2_pentium4           1002cd99 f   MSVCRT:ftol2.obj
 0001:0002bdac       __ftol2_sse_excpt          1002cdac f   MSVCRT:ftol2.obj
 0001:0002bdc6       __ftol2                    1002cdc6 f   MSVCRT:ftol2.obj
 0001:0002be3c       _free                      1002ce3c f   MSVCRT:MSVCR90.dll
 0001:0002be42       _strcmp                    1002ce42 f   MSVCRT:MSVCR90.dll
 0001:0002be48       @__security_check_cookie@4 1002ce48 f   MSVCRT:secchk.obj
 0001:0002be58       _sprintf                   1002ce58 f   MSVCRT:MSVCR90.dll
 0001:0002be5e       _strcat                    1002ce5e f   MSVCRT:MSVCR90.dll
 0001:0002be64       _memcpy                    1002ce64 f   MSVCRT:MSVCR90.dll
 0001:0002be6a       _NtCurrentTeb              1002ce6a f i MSVCRT:crtdll.obj
 0001:0002bec0       __CRT_INIT@12              1002cec0 f   MSVCRT:crtdll.obj
 0001:0002c1fc       __DllMainCRTStartup@12     1002d1fc f   MSVCRT:crtdll.obj
 0001:0002c220       _strncpy                   1002d220 f   MSVCRT:MSVCR90.dll
 0001:0002c230       __alloca_probe             1002d230     MSVCRT:chkstk.obj
 0001:0002c230       __chkstk                   1002d230 f   MSVCRT:chkstk.obj
 0001:0002c25c       _longjmp                   1002d25c f   MSVCRT:MSVCR90.dll
 0001:0002c262       _strncmp                   1002d262 f   MSVCRT:MSVCR90.dll
 0001:0002c268       _ceil                      1002d268 f   MSVCRT:MSVCR90.dll
 0001:0002c26e       _strrchr                   1002d26e f   MSVCRT:MSVCR90.dll
 0001:0002c274       __setjmp3                  1002d274 f   MSVCRT:MSVCR90.dll
 0001:0002c27a       _calloc                    1002d27a f   MSVCRT:MSVCR90.dll
 0001:0002c280       _realloc                   1002d280 f   MSVCRT:MSVCR90.dll
 0001:0002c286       _ldexp                     1002d286 f   MSVCRT:MSVCR90.dll
 0001:0002c2dc       __get_sse2_info            1002d2dc f   MSVCRT:cpu_disp.obj
 0001:0002c33e       ___sse2_available_init     1002d33e f   MSVCRT:cpu_disp.obj
 0001:0002c34b       ___report_gsfailure        1002d34b f   MSVCRT:gs_report.obj
 0001:0002c451       ___clean_type_info_names   1002d451 f   MSVCRT:tncleanup.obj
 0001:0002c45d       __onexit                   1002d45d f   MSVCRT:atonexit.obj
 0001:0002c502       _atexit                    1002d502 f   MSVCRT:atonexit.obj
 0001:0002c519       __RTC_Initialize           1002d519 f   MSVCRT:_initsect_.obj
 0001:0002c53f       __RTC_Terminate            1002d53f f   MSVCRT:_initsect_.obj
 0001:0002c566       __encode_pointer           1002d566 f   MSVCRT:MSVCR90.dll
 0001:0002c56c       __malloc_crt               1002d56c f   MSVCRT:MSVCR90.dll
 0001:0002c572       __encoded_null             1002d572 f   MSVCRT:MSVCR90.dll
 0001:0002c578       __decode_pointer           1002d578 f   MSVCRT:MSVCR90.dll
 0001:0002c580       __ValidateImageBase        1002d580 f   MSVCRT:pesect.obj
 0001:0002c5c0       __FindPESection            1002d5c0 f   MSVCRT:pesect.obj
 0001:0002c610       __IsNonwritableInCurrentImage 1002d610 f   MSVCRT:pesect.obj
 0001:0002c6ce       __initterm                 1002d6ce f   MSVCRT:MSVCR90.dll
 0001:0002c6d4       __initterm_e               1002d6d4 f   MSVCRT:MSVCR90.dll
 0001:0002c6da       __amsg_exit                1002d6da f   MSVCRT:MSVCR90.dll
 0001:0002c6e0       ___CppXcptFilter           1002d6e0 f   MSVCRT:MSVCR90.dll
 0001:0002c6e6       _DllMain@12                1002d6e6 f   MSVCRT:dllmain.obj
 0001:0002c70c       __SEH_prolog4              1002d70c f   MSVCRT:sehprolg4.obj
 0001:0002c751       __SEH_epilog4              1002d751 f   MSVCRT:sehprolg4.obj
 0001:0002c765       __except_handler4          1002d765 f   MSVCRT:chandler4gs.obj
 0001:0002c78a       ___security_init_cookie    1002d78a f   MSVCRT:gs_support.obj
 0001:0002c820       __crt_debugger_hook        1002d820 f   MSVCRT:MSVCR90.dll
 0001:0002c826       ___clean_type_info_names_internal 1002d826 f   MSVCRT:MSVCR90.dll
 0001:0002c82c       __unlock                   1002d82c f   MSVCRT:MSVCR90.dll
 0001:0002c832       ___dllonexit               1002d832 f   MSVCRT:MSVCR90.dll
 0001:0002c838       __lock                     1002d838 f   MSVCRT:MSVCR90.dll
 0001:0002c83e       __except_handler4_common   1002d83e f   MSVCRT:MSVCR90.dll
 0001:0002c844       _InterlockedExchange@8     1002d844 f   kernel32:KERNEL32.dll
 0001:0002c84a       _Sleep@4                   1002d84a f   kernel32:KERNEL32.dll
 0001:0002c850       _InterlockedCompareExchange@12 1002d850 f   kernel32:KERNEL32.dll
 0001:0002c856       _TerminateProcess@8        1002d856 f   kernel32:KERNEL32.dll
 0001:0002c85c       _GetCurrentProcess@0       1002d85c f   kernel32:KERNEL32.dll
 0001:0002c862       _UnhandledExceptionFilter@4 1002d862 f   kernel32:KERNEL32.dll
 0001:0002c868       _SetUnhandledExceptionFilter@4 1002d868 f   kernel32:KERNEL32.dll
 0001:0002c86e       _IsDebuggerPresent@0       1002d86e f   kernel32:KERNEL32.dll
 0001:0002c874       _DisableThreadLibraryCalls@4 1002d874 f   kernel32:KERNEL32.dll
 0001:0002c87a       _QueryPerformanceCounter@4 1002d87a f   kernel32:KERNEL32.dll
 0001:0002c880       _GetTickCount@0            1002d880 f   kernel32:KERNEL32.dll
 0001:0002c886       _GetCurrentThreadId@0      1002d886 f   kernel32:KERNEL32.dll
 0001:0002c88c       _GetCurrentProcessId@0     1002d88c f   kernel32:KERNEL32.dll
 0001:0002c892       _GetSystemTimeAsFileTime@4 1002d892 f   kernel32:KERNEL32.dll
 0002:00000000       __imp__GetSystemTimeAsFileTime@4 1002e000     kernel32:KERNEL32.dll
 0002:00000004       __imp__GetCurrentProcessId@0 1002e004     kernel32:KERNEL32.dll
 0002:00000008       __imp__GetCurrentThreadId@0 1002e008     kernel32:KERNEL32.dll
 0002:0000000c       __imp__GetTickCount@0      1002e00c     kernel32:KERNEL32.dll
 0002:00000010       __imp__QueryPerformanceCounter@4 1002e010     kernel32:KERNEL32.dll
 0002:00000014       __imp__DisableThreadLibraryCalls@4 1002e014     kernel32:KERNEL32.dll
 0002:00000018       __imp__IsDebuggerPresent@0 1002e018     kernel32:KERNEL32.dll
 0002:0000001c       __imp__SetUnhandledExceptionFilter@4 1002e01c     kernel32:KERNEL32.dll
 0002:00000020       __imp__UnhandledExceptionFilter@4 1002e020     kernel32:KERNEL32.dll
 0002:00000024       __imp__GetCurrentProcess@0 1002e024     kernel32:KERNEL32.dll
 0002:00000028       __imp__TerminateProcess@8  1002e028     kernel32:KERNEL32.dll
 0002:0000002c       __imp__InterlockedCompareExchange@12 1002e02c     kernel32:KERNEL32.dll
 0002:00000030       __imp__Sleep@4             1002e030     kernel32:KERNEL32.dll
 0002:00000034       __imp__InterlockedExchange@8 1002e034     kernel32:KERNEL32.dll
 0002:00000038       \177KERNEL32_NULL_THUNK_DATA 1002e038     kernel32:KERNEL32.dll
 0002:0000003c       __imp___except_handler4_common 1002e03c     MSVCRT:MSVCR90.dll
 0002:00000040       __imp___onexit             1002e040     MSVCRT:MSVCR90.dll
 0002:00000044       __imp___lock               1002e044     MSVCRT:MSVCR90.dll
 0002:00000048       __imp____dllonexit         1002e048     MSVCRT:MSVCR90.dll
 0002:0000004c       __imp___unlock             1002e04c     MSVCRT:MSVCR90.dll
 0002:00000050       __imp____clean_type_info_names_internal 1002e050     MSVCRT:MSVCR90.dll
 0002:00000054       __imp___crt_debugger_hook  1002e054     MSVCRT:MSVCR90.dll
 0002:00000058       __imp____CppXcptFilter     1002e058     MSVCRT:MSVCR90.dll
 0002:0000005c       __imp___adjust_fdiv        1002e05c     MSVCRT:MSVCR90.dll
 0002:00000060       __imp___amsg_exit          1002e060     MSVCRT:MSVCR90.dll
 0002:00000064       __imp___initterm_e         1002e064     MSVCRT:MSVCR90.dll
 0002:00000068       __imp___initterm           1002e068     MSVCRT:MSVCR90.dll
 0002:0000006c       __imp___decode_pointer     1002e06c     MSVCRT:MSVCR90.dll
 0002:00000070       __imp___encoded_null       1002e070     MSVCRT:MSVCR90.dll
 0002:00000074       __imp___malloc_crt         1002e074     MSVCRT:MSVCR90.dll
 0002:00000078       __imp___encode_pointer     1002e078     MSVCRT:MSVCR90.dll
 0002:0000007c       __imp__ldexp               1002e07c     MSVCRT:MSVCR90.dll
 0002:00000080       __imp__realloc             1002e080     MSVCRT:MSVCR90.dll
 0002:00000084       __imp__calloc              1002e084     MSVCRT:MSVCR90.dll
 0002:00000088       __imp___setjmp3            1002e088     MSVCRT:MSVCR90.dll
 0002:0000008c       __imp__strrchr             1002e08c     MSVCRT:MSVCR90.dll
 0002:00000090       __imp__ceil                1002e090     MSVCRT:MSVCR90.dll
 0002:00000094       __imp__strncmp             1002e094     MSVCRT:MSVCR90.dll
 0002:00000098       __imp__longjmp             1002e098     MSVCRT:MSVCR90.dll
 0002:0000009c       __imp__strncpy             1002e09c     MSVCRT:MSVCR90.dll
 0002:000000a0       __imp__memcpy              1002e0a0     MSVCRT:MSVCR90.dll
 0002:000000a4       __imp__strcat              1002e0a4     MSVCRT:MSVCR90.dll
 0002:000000a8       __imp__sprintf             1002e0a8     MSVCRT:MSVCR90.dll
 0002:000000ac       __imp__strcmp              1002e0ac     MSVCRT:MSVCR90.dll
 0002:000000b0       __imp__free                1002e0b0     MSVCRT:MSVCR90.dll
 0002:000000b4       __imp__malloc              1002e0b4     MSVCRT:MSVCR90.dll
 0002:000000b8       __imp__memset              1002e0b8     MSVCRT:MSVCR90.dll
 0002:000000bc       __imp__strlen              1002e0bc     MSVCRT:MSVCR90.dll
 0002:000000c0       \177MSVCR90_NULL_THUNK_DATA 1002e0c0     MSVCRT:MSVCR90.dll
 0002:000000c4       __imp__emlrtIsEnumR2009a   1002e0c4     libemlrt:libemlrt.dll
 0002:000000c8       __imp__emlrtGetEnumUnderlyingArrayR2009a 1002e0c8     libemlrt:libemlrt.dll
 0002:000000cc       __imp__emlrtImportVsFiArrayR2009b 1002e0cc     libemlrt:libemlrt.dll
 0002:000000d0       __imp__emlrtGetEnumElementR2009a 1002e0d0     libemlrt:libemlrt.dll
 0002:000000d4       __imp__emlrtCreateEnumR2010a 1002e0d4     libemlrt:libemlrt.dll
 0002:000000d8       __imp__emlrtCheckVsBuiltInR2009a 1002e0d8     libemlrt:libemlrt.dll
 0002:000000dc       __imp__emlrtCheckEnumR2009a 1002e0dc     libemlrt:libemlrt.dll
 0002:000000e0       __imp__emlrtCheckBuiltInR2009a 1002e0e0     libemlrt:libemlrt.dll
 0002:000000e4       \177libemlrt_NULL_THUNK_DATA 1002e0e4     libemlrt:libemlrt.dll
 0002:000000e8       __imp__ssRegisterDataTypeFxpFSlopeFixExpBias 1002e0e8     libfixedpoint:libfixedpoint.dll
 0002:000000ec       \177libfixedpoint_NULL_THUNK_DATA 1002e0ec     libfixedpoint:libfixedpoint.dll
 0002:000000f0       __imp__mexSetTrapFlag      1002e0f0     libmex:libmex.dll
 0002:000000f4       __imp__mexWarnMsgTxt       1002e0f4     libmex:libmex.dll
 0002:000000f8       __imp__mexPutVariable      1002e0f8     libmex:libmex.dll
 0002:000000fc       __imp__mexErrMsgTxt        1002e0fc     libmex:libmex.dll
 0002:00000100       __imp__mexLock             1002e100     libmex:libmex.dll
 0002:00000104       __imp__mexMakeMemoryPersistent 1002e104     libmex:libmex.dll
 0002:00000108       __imp__mexFunctionName     1002e108     libmex:libmex.dll
 0002:0000010c       __imp__mexGetVariable      1002e10c     libmex:libmex.dll
 0002:00000110       __imp__mexCallMATLAB       1002e110     libmex:libmex.dll
 0002:00000114       __imp__mexIsLocked         1002e114     libmex:libmex.dll
 0002:00000118       __imp__mexUnlock           1002e118     libmex:libmex.dll
 0002:0000011c       __imp__mexMakeArrayPersistent 1002e11c     libmex:libmex.dll
 0002:00000120       \177libmex_NULL_THUNK_DATA 1002e120     libmex:libmex.dll
 0002:00000124       __imp__dnrm232             1002e124     libmwblascompat32:libmwblascompat32.dll
 0002:00000128       \177libmwblascompat32_NULL_THUNK_DATA 1002e128     libmwblascompat32:libmwblascompat32.dll
 0002:0000012c       __imp__mxSetField_730      1002e12c     libmx:libmx.dll
 0002:00000130       __imp__mxCreateDoubleMatrix_730 1002e130     libmx:libmx.dll
 0002:00000134       __imp__mxCreateStructMatrix_730 1002e134     libmx:libmx.dll
 0002:00000138       __imp__mxCreateDoubleScalar 1002e138     libmx:libmx.dll
 0002:0000013c       __imp__mxIsLogicalScalarTrue 1002e13c     libmx:libmx.dll
 0002:00000140       __imp__mxGetString_700     1002e140     libmx:libmx.dll
 0002:00000144       __imp__mxGetElementSize    1002e144     libmx:libmx.dll
 0002:00000148       __imp__mxCreateNumericArray_700 1002e148     libmx:libmx.dll
 0002:0000014c       __imp__mxCreateLogicalScalar 1002e14c     libmx:libmx.dll
 0002:00000150       __imp__mxIsClass           1002e150     libmx:libmx.dll
 0002:00000154       __imp__mxGetNumberOfDimensions_700 1002e154     libmx:libmx.dll
 0002:00000158       __imp__mxGetDimensions_700 1002e158     libmx:libmx.dll
 0002:0000015c       __imp__mxCalcSingleSubscript_700 1002e15c     libmx:libmx.dll
 0002:00000160       __imp__mxCreateStructArray_700 1002e160     libmx:libmx.dll
 0002:00000164       __imp__mxCreateNumericMatrix_700 1002e164     libmx:libmx.dll
 0002:00000168       __imp__mxArrayClassIDName  1002e168     libmx:libmx.dll
 0002:0000016c       __imp__mxGetImagData       1002e16c     libmx:libmx.dll
 0002:00000170       __imp__mxGetData           1002e170     libmx:libmx.dll
 0002:00000174       __imp__mxIsEmpty           1002e174     libmx:libmx.dll
 0002:00000178       __imp__mxIsNaN             1002e178     libmx:libmx.dll
 0002:0000017c       __imp__mxGetFieldNumber    1002e17c     libmx:libmx.dll
 0002:00000180       __imp__mxCreateStructMatrix_700 1002e180     libmx:libmx.dll
 0002:00000184       __imp__mxGetNumberOfFields 1002e184     libmx:libmx.dll
 0002:00000188       __imp__mxGetFieldNameByNumber 1002e188     libmx:libmx.dll
 0002:0000018c       __imp__mxGetFieldByNumber_700 1002e18c     libmx:libmx.dll
 0002:00000190       __imp__mxSetFieldByNumber_700 1002e190     libmx:libmx.dll
 0002:00000194       __imp__mxIsSparse          1002e194     libmx:libmx.dll
 0002:00000198       __imp__mxGetLogicals       1002e198     libmx:libmx.dll
 0002:0000019c       __imp__mxGetPr             1002e19c     libmx:libmx.dll
 0002:000001a0       __imp__mxIsStruct          1002e1a0     libmx:libmx.dll
 0002:000001a4       __imp__mxGetNumberOfElements 1002e1a4     libmx:libmx.dll
 0002:000001a8       __imp__mxGetField_700      1002e1a8     libmx:libmx.dll
 0002:000001ac       __imp__mxAddField          1002e1ac     libmx:libmx.dll
 0002:000001b0       __imp__mxSetField_700      1002e1b0     libmx:libmx.dll
 0002:000001b4       __imp__mxGetClassName      1002e1b4     libmx:libmx.dll
 0002:000001b8       __imp__mxGetCell_700       1002e1b8     libmx:libmx.dll
 0002:000001bc       __imp__mxSetCell_700       1002e1bc     libmx:libmx.dll
 0002:000001c0       __imp__mxCreateCellMatrix_700 1002e1c0     libmx:libmx.dll
 0002:000001c4       __imp__mxArrayToString     1002e1c4     libmx:libmx.dll
 0002:000001c8       __imp__mxFree              1002e1c8     libmx:libmx.dll
 0002:000001cc       __imp__mxCreateDoubleMatrix_700 1002e1cc     libmx:libmx.dll
 0002:000001d0       __imp__mxIsLogical         1002e1d0     libmx:libmx.dll
 0002:000001d4       __imp__mxGetScalar         1002e1d4     libmx:libmx.dll
 0002:000001d8       __imp__mxCalloc            1002e1d8     libmx:libmx.dll
 0002:000001dc       __imp__mxGetM              1002e1dc     libmx:libmx.dll
 0002:000001e0       __imp__mxGetN              1002e1e0     libmx:libmx.dll
 0002:000001e4       __imp__mxIsComplex         1002e1e4     libmx:libmx.dll
 0002:000001e8       __imp__mxIsNumeric         1002e1e8     libmx:libmx.dll
 0002:000001ec       __imp__mxGetClassID        1002e1ec     libmx:libmx.dll
 0002:000001f0       __imp__mxIsChar            1002e1f0     libmx:libmx.dll
 0002:000001f4       __imp__mxGetString_730     1002e1f4     libmx:libmx.dll
 0002:000001f8       __imp__mxDuplicateArray    1002e1f8     libmx:libmx.dll
 0002:000001fc       __imp__mxCreateString      1002e1fc     libmx:libmx.dll
 0002:00000200       __imp__mxDestroyArray      1002e200     libmx:libmx.dll
 0002:00000204       \177libmx_NULL_THUNK_DATA  1002e204     libmx:libmx.dll
 0002:00000208       __imp__utCPUtime           1002e208     libut:libut.dll
 0002:0000020c       __imp__utFree              1002e20c     libut:libut.dll
 0002:00000210       __imp__utMalloc            1002e210     libut:libut.dll
 0002:00000214       __imp__utVSNprintf         1002e214     libut:libut.dll
 0002:00000218       \177libut_NULL_THUNK_DATA  1002e218     libut:libut.dll
 0002:0000021c       ___xc_a                    1002e21c     MSVCRT:cinitexe.obj
 0002:00000220       ___xc_z                    1002e220     MSVCRT:cinitexe.obj
 0002:00000224       ___xi_a                    1002e224     MSVCRT:cinitexe.obj
 0002:00000230       ___xi_z                    1002e230     MSVCRT:cinitexe.obj
 0002:00000238       __real@41c80a8ac7800000    1002e238     c2_testing_embedded_matlab_functions.obj
 0002:00000240       __real@41d0cdbdea800000    1002e240     c2_testing_embedded_matlab_functions.obj
 0002:00000248       __real@41e90b0f97000000    1002e248     c2_testing_embedded_matlab_functions.obj
 0002:00000250       __real@41ee2833e3400000    1002e250     c2_testing_embedded_matlab_functions.obj
 0002:00000258       __real@0000000000000000    1002e258     c2_testing_embedded_matlab_functions.obj
 0002:00000260       __real@4024000000000000    1002e260     c2_testing_embedded_matlab_functions.obj
 0002:00000268       __real@4008000000000000    1002e268     c2_testing_embedded_matlab_functions.obj
 0002:00000270       __real@4010000000000000    1002e270     c2_testing_embedded_matlab_functions.obj
 0002:00000278       __real@41d2663900000000    1002e278     c2_testing_embedded_matlab_functions.obj
 0002:00000280       __real@41ed38362ae00000    1002e280     c2_testing_embedded_matlab_functions.obj
 0002:00000288       __real@41eab555c2600000    1002e288     c2_testing_embedded_matlab_functions.obj
 0002:00000290       __real@41db97d7b3000000    1002e290     c2_testing_embedded_matlab_functions.obj
 0002:00000298       __real@3ff0000000000000    1002e298     c2_testing_embedded_matlab_functions.obj
[...]
 0001:0000a4f0       _sfrtAddSize               1000b4f0 f   sfc_mexmsvc80:sfc_mex.obj
 0001:0000a5a0       _sfrtGenSizeString         1000b5a0 f   sfc_mexmsvc80:sfc_mex.obj
 0001:0000a5d0       _sfIsProperMatrix          1000b5d0 f   sfc_mexmsvc80:sfc_mex.obj
 0001:0000a600       _sfIsRowVector             1000b600 f   sfc_mexmsvc80:sfc_mex.obj
 0001:0000a8e0       _sf_mex_err                1000b8e0 f   sfc_mexmsvc80:sfc_mex.obj
 0001:0000a8f0       _sf_error_dimension_out_of_bound 1000b8f0 f   sfc_mexmsvc80:sfc_mex.obj
 0001:0000a910       _sf_mex_check_and_set_actual_dimensions 1000b910 f   sfc_mexmsvc80:sfc_mex.obj
 0001:0000b1a0       _size_mismatch_error       1000c1a0 f   sfc_mexmsvc80:sfc_mex.obj
 0001:0000b810       _check_array_dimensions    1000c810 f   sfc_mexmsvc80:sfc_mex.obj
 0001:0000b860       _check_input_mxarray       1000c860 f   sfc_mexmsvc80:sfc_mex.obj
 0001:0000bdf0       _sf_numeric_value_to_double 1000cdf0 f   sfc_mexmsvc80:sfc_mex.obj
 0001:0000be30       _ml_generic_out_of_bounds_check 1000ce30 f   sfc_mexmsvc80:sfc_mex.obj
 0001:0000bf20       _ml_get_element_value_from_array 1000cf20 f   sfc_mexmsvc80:sfc_mex.obj
 0001:0000c2d0       __ml_generic_castability_check 1000d2d0 f   sfc_mexmsvc80:sfc_mex.obj
 0001:0000c790       _ml_generic_castability_check 1000d790 f   sfc_mexmsvc80:sfc_mex.obj
 0001:0000c7f0       _ml_check_mx_array_for_single_castability 1000d7f0 f   sfc_mexmsvc80:sfc_mex.obj
 0001:0000c920       _ml_check_mx_array_for_logical_castability 1000d920 f   sfc_mexmsvc80:sfc_mex.obj
 0001:0000c980       _ml_check_mx_array_for_int8_castability 1000d980 f   sfc_mexmsvc80:sfc_mex.obj
 0001:0000ca10       _ml_check_mx_array_for_uint8_castability 1000da10 f   sfc_mexmsvc80:sfc_mex.obj
 0001:0000cbc0       _ml_check_mx_array_for_int16_castability 1000dbc0 f   sfc_mexmsvc80:sfc_mex.obj
 0001:0000cd70       _ml_check_mx_array_for_uint16_castability 1000dd70 f   sfc_mexmsvc80:sfc_mex.obj
 0001:0000d080       _ml_check_mx_array_for_int32_castability 1000e080 f   sfc_mexmsvc80:sfc_mex.obj
 0001:0000d360       _ml_check_mx_array_for_uint32_castability 1000e360 f   sfc_mexmsvc80:sfc_mex.obj
 0001:0000d670       _ml_check_mx_array_for_castability 1000e670 f   sfc_mexmsvc80:sfc_mex.obj
 0001:0000dba0       _set_data_value            1000eba0 f   sfc_mexmsvc80:sfc_mex.obj
 0001:0000e070       _get_data_value            1000f070 f   sfc_mexmsvc80:sfc_mex.obj
 0001:0000e170       _get_next_element_address  1000f170 f   sfc_mexmsvc80:sfc_mex.obj
 0001:0000e210       _sf_normalize_index        1000f210 f   sfc_mexmsvc80:sfc_mex.obj
 0001:0000e4a0       _ml_array_index_bound_check 1000f4a0 f   sfc_mexmsvc80:sfc_mex.obj
 0001:0000ed40       _mx_value                  1000fd40 f   sfc_mexmsvc80:sfc_mex.obj
 0001:0000ed90       _sf_create_numeric_array   1000fd90 f   sfc_mexmsvc80:sfc_mex.obj
 0001:0000ee10       _sf_mex_assign_to_mx_array 1000fe10 f   sfc_mexmsvc80:sfc_mex.obj
 0001:0000f040       _assign_from_mx_array      10010040 f   sfc_mexmsvc80:sfc_mex.obj
 0001:0000fb00       _get_machine_and_chart_file_number 10010b00 f   sfc_mexmsvc80:sfc_sf.obj
 0001:0000fbc0       _get_sfun_block_specialization 10010bc0 f   sfc_mexmsvc80:sfc_sf.obj
 0001:0000fc20       _call_sf_machine_global_method_dispatcher 10010c20 f   sfc_mexmsvc80:sfc_sf.obj
 0001:0000fda0       _mdl_zeroCrossings_processing 10010da0 f   sfc_mexmsvc80:sfc_sf.obj
 0001:0000fe50       _mdl_derivatives_processing 10010e50 f   sfc_mexmsvc80:sfc_sf.obj
 0001:000100d0       _mdl_outputs_continuous_legacy 100110d0 f   sfc_mexmsvc80:sfc_sf.obj
 0001:00010150       _mdl_outputs_processing    10011150 f   sfc_mexmsvc80:sfc_sf.obj
 0001:000103b0       _mdl_enable_processing     100113b0 f   sfc_mexmsvc80:sfc_sf.obj
 0001:00010460       _mdl_disable_processing    10011460 f   sfc_mexmsvc80:sfc_sf.obj
 0001:00010ad0       _write_symbol_mapping      10011ad0 f   sfc_mexmsvc80:sfc_sf.obj
 0001:000110f0       _sf_call_output_fcn_enable_disable 100120f0 f   sfc_mexmsvc80:sfc_sf.obj
 0001:00011310       _set_dwork_information_from_mx_array 10012310 f   sfc_mexmsvc80:sfc_sf.obj
 0001:00011ae0       _get_dwork_info_from_mat_file 10012ae0 f   sfc_mexmsvc80:sfc_sf.obj
 0001:00011bc0       _ptr2mxStruct              10012bc0 f   sfc_mexmsvc80:sfc_sf.obj
 0001:00011de0       _SNPRINTF_WRAPPER          10012de0 f   sfc_debugmsvc80:sfcdebug.obj
 0001:00011e00       _sf_debug_chart_instance_initialized_quick 10012e00 f   sfc_debugmsvc80:sfcdebug.obj
 0001:00011e10       _sf_debug_chart_instance_initialized 10012e10 f   sfc_debugmsvc80:sfcdebug.obj
 0001:00011f90       _sfrtAddSize               10012f90 f   sfc_debugmsvc80:sfcdebug.obj
 0001:00012040       _sfrtGenSizeString         10013040 f   sfc_debugmsvc80:sfcdebug.obj
 0001:000124c0       _sf_debug_sim_status_listener 100134c0 f   sfc_debugmsvc80:sfcdebug.obj
 0001:00012930       _sf_debug_form_mask_bits   10013930 f   sfc_debugmsvc80:sfcdebug.obj
 0001:00012970       _sf_debug_form_sf_data_type_offsets 10013970 f   sfc_debugmsvc80:sfcdebug.obj
 0001:00012a00       _sf_debug_free_all         10013a00 f   sfc_debugmsvc80:sfcdebug.obj
 0001:00012b80       _sf_debug_append_debugger_context 10013b80 f   sfc_debugmsvc80:sfcdebug.obj
 0001:00012e60       _local_strdup              10013e60 f   sfc_debugmsvc80:sfcdebug.obj
 0001:00013a50       _sf_debug_em_terminate     10014a50 f   sfc_debugmsvc80:sfcdebug.obj
 0001:00013a90       _sf_debug_push_eml_function 10014a90 f   sfc_debugmsvc80:sfcdebug.obj
 0001:00013b20       _sf_debug_pop_eml_function 10014b20 f   sfc_debugmsvc80:sfcdebug.obj
 0001:000142e0       _sf_debug_get_machine_number_from_id_or_name 100152e0 f   sfc_debugmsvc80:sfcdebug.obj
 0001:00014440       _sf_debug_get_chart_number_from_id 10015440 f   sfc_debugmsvc80:sfcdebug.obj
 0001:00014d60       _sf_debug_transfer_control_to_debugger_GUI 10015d60 f   sfc_debugmsvc80:sfcdebug.obj
 0001:00015ac0       _sf_debug_scripts_rehash   10016ac0 f   sfc_debugmsvc80:sfcdebug.obj
 0001:00015c70       _sf_debug_get_script_line_count 10016c70 f   sfc_debugmsvc80:sfcdebug.obj
 0001:00016110       _cv_eml_state_cvId         10017110 f   sfc_debugmsvc80:sfcdebug.obj
 0001:00016dd0       _sf_debug_data_array_bounds_error 10017dd0 f   sfc_debugmsvc80:sfcdebug.obj
 0001:000170e0       _sf_debug_runtime_error    100180e0 f   sfc_debugmsvc80:sfcdebug.obj
 0001:00017280       _sf_debug_matlab_error     10018280 f   sfc_debugmsvc80:sfcdebug.obj
 0001:000176b0       _sf_debug_data_value_error 100186b0 f   sfc_debugmsvc80:sfcdebug.obj
 0001:00017cb0       _sf_debug_data_loss_error  10018cb0 f   sfc_debugmsvc80:sfcdebug.obj
 0001:00018570       _call_cv_range_check       10019570 f   sfc_debugmsvc80:sfcdebug.obj
 0001:00018af0       _sf_debug_invoke_cycle_detection_code 10019af0 f   sfc_debugmsvc80:sfcdebug.obj
 0001:000194b0       _sf_reset_debug_info_struct 1001a4b0 f   sfc_debugmsvc80:sfcdebug.obj
 0001:00019b80       _cv_script_cvId            1001ab80 f   sfc_debugmsvc80:sfcdebug.obj
 0001:0001a370       _sfc_api_chart_visible     1001b370 f   sfc_debugmsvc80:sfc_api.obj
 0001:0001a420       _sfc_api_active_instance   1001b420 f   sfc_debugmsvc80:sfc_api.obj
 0001:0001a4c0       _sfc_api_machine_load      1001b4c0 f   sfc_debugmsvc80:sfc_api.obj
 0001:0001a5c0       _sfc_api_debugger_alive    1001b5c0 f   sfc_debugmsvc80:sfc_api.obj
 0001:0001a5d0       _sfc_api_go                1001b5d0 f   sfc_debugmsvc80:sfc_api.obj
 0001:0001a5e0       _sfc_api_step_over         1001b5e0 f   sfc_debugmsvc80:sfc_api.obj
 0001:0001a5f0       _sfc_api_step_out          1001b5f0 f   sfc_debugmsvc80:sfc_api.obj
 0001:0001a600       _sfc_api_resume            1001b600 f   sfc_debugmsvc80:sfc_api.obj
 0001:0001a610       _sfc_api_break             1001b610 f   sfc_debugmsvc80:sfc_api.obj
 0001:0001a620       _sfc_api_stop_debugging    1001b620 f   sfc_debugmsvc80:sfc_api.obj
 0001:0001a670       _sfc_api_is_cycle_detected 1001b670 f   sfc_debugmsvc80:sfc_api.obj
 0001:0001a6c0       _sfc_api_is_array_bounds_detected 1001b6c0 f   sfc_debugmsvc80:sfc_api.obj
 0001:0001a710       _sfc_api_set_disable_all_breakpoints 1001b710 f   sfc_debugmsvc80:sfc_api.obj
 0001:0001a7a0       _sfc_api_disable_all_breakpoints_and_go 1001b7a0 f   sfc_debugmsvc80:sfc_api.obj
 0001:0001a7b0       _sfc_api_close             1001b7b0 f   sfc_debugmsvc80:sfc_api.obj
 0001:0001a7c0       _sfc_api_browse_data       1001b7c0 f   sfc_debugmsvc80:sfc_api.obj
 0001:0001a840       _sfc_api_watch_data        1001b840 f   sfc_debugmsvc80:sfc_api.obj
 0001:0001a8c0       _sfc_api_whos              1001b8c0 f   sfc_debugmsvc80:sfc_api.obj
 0001:0001a950       _sfc_api_get_consistency_info 1001b950 f   sfc_debugmsvc80:sfc_api.obj
 0001:0001a970       _sfc_api_browse_trace      1001b970 f   sfc_debugmsvc80:sfc_api.obj
 0001:0001a990       _sfc_api_break_on_chart_entry 1001b990 f   sfc_debugmsvc80:sfc_api.obj
 0001:0001a9d0       _sfc_api_break_on_event_broadcast 1001b9d0 f   sfc_debugmsvc80:sfc_api.obj
 0001:0001aa10       _sfc_api_break_on_state_entry 1001ba10 f   sfc_debugmsvc80:sfc_api.obj
 0001:0001aa50       _sfc_api_set_watch         1001ba50 f   sfc_debugmsvc80:sfc_api.obj
 0001:0001ab30       _sfc_api_set_breakpoints   1001bb30 f   sfc_debugmsvc80:sfc_api.obj
 0001:0001ac10       _sfc_api_set_eml_breakpoints 1001bc10 f   sfc_debugmsvc80:sfc_api.obj
 0001:0001acc0       _sfc_api_set_script_breakpoints 1001bcc0 f   sfc_debugmsvc80:sfc_api.obj
 0001:0001ad20       _sfc_api_add_script_breakpoints 1001bd20 f   sfc_debugmsvc80:sfc_api.obj
 0001:0001ad80       _sfc_api_clear_script_breakpoints 1001bd80 f   sfc_debugmsvc80:sfc_api.obj
 0001:0001ade0       _sfc_api_query_script_breakpoints 1001bde0 f   sfc_debugmsvc80:sfc_api.obj
 0001:0001ae50       _sfc_api_get_script_id     1001be50 f   sfc_debugmsvc80:sfc_api.obj
 0001:0001aef0       _sfc_api_get_active_states 1001bef0 f   sfc_debugmsvc80:sfc_api.obj
 0001:0001af60       _sfc_api_break_between_times 1001bf60 f   sfc_debugmsvc80:sfc_api.obj
 0001:0001afc0       _sfc_api_get_instance_handle 1001bfc0 f   sfc_debugmsvc80:sfc_api.obj
 0001:0001b0a0       _sfc_api_get_coverage      1001c0a0 f   sfc_debugmsvc80:sfc_api.obj
 0001:0001b110       _sfc_api_set_animation     1001c110 f   sfc_debugmsvc80:sfc_api.obj
 0001:0001b170       _sfc_api_select_chart      1001c170 f   sfc_debugmsvc80:sfc_api.obj
 0001:0001b200       _sfc_api_select_charts     1001c200 f   sfc_debugmsvc80:sfc_api.obj
 0001:0001b230       _sfc_api_cycle_detection_check 1001c230 f   sfc_debugmsvc80:sfc_api.obj
 0001:0001b290       _sfc_api_data_range_check  1001c290 f   sfc_debugmsvc80:sfc_api.obj
 0001:0001b2f0       _sfc_api_transition_conflict_check 1001c2f0 f   sfc_debugmsvc80:sfc_api.obj
 0001:0001b350       _sfc_api_state_consistency_check 1001c350 f   sfc_debugmsvc80:sfc_api.obj
 0001:0001b3b0       _sfc_api_set_instance_cv_ids 1001c3b0 f   sfc_debugmsvc80:sfc_api.obj
 0001:0001b4e0       _sfc_api_set_script_cv_ids 1001c4e0 f   sfc_debugmsvc80:sfc_api.obj
 0001:0001b580       _sfc_api_get_current_machine_id 1001c580 f   sfc_debugmsvc80:sfc_api.obj
 0001:0001b5b0       _sfc_api_get_current_machine_number 1001c5b0 f   sfc_debugmsvc80:sfc_api.obj
 0001:0001b5e0       _sfc_api_get_current_chart_number 1001c5e0 f   sfc_debugmsvc80:sfc_api.obj
 0001:0001b610       _sfc_api_get_current_instance_number 1001c610 f   sfc_debugmsvc80:sfc_api.obj
 0001:0001b640       _sfc_api_get_current_instance_handle 1001c640 f   sfc_debugmsvc80:sfc_api.obj
 0001:0001b660       _sfc_api_get_current_is_minor_time_step 1001c660 f   sfc_debugmsvc80:sfc_api.obj
 0001:0001b690       _sfc_api_get_current_machine_name 1001c690 f   sfc_debugmsvc80:sfc_api.obj
 0001:0001b6b0       _sfc_api_get_current_chart_id 1001c6b0 f   sfc_debugmsvc80:sfc_api.obj
 0001:0001b6e0       _sfc_api_get_current_object_type 1001c6e0 f   sfc_debugmsvc80:sfc_api.obj
 0001:0001b710       _sfc_api_get_current_event_type 1001c710 f   sfc_debugmsvc80:sfc_api.obj
 0001:0001b740       _sfc_api_get_current_object_id 1001c740 f   sfc_debugmsvc80:sfc_api.obj
 0001:0001b770       _sfc_get_current_active_event_type 1001c770 f   sfc_debugmsvc80:sfc_api.obj
 0001:0001b7a0       _sfc_api_get_current_active_event_id 1001c7a0 f   sfc_debugmsvc80:sfc_api.obj
 0001:0001b7d0       _sfc_api_get_current_simulation_time 1001c7d0 f   sfc_debugmsvc80:sfc_api.obj
 0001:0001b7f0       _sfc_get_current_tag_type  1001c7f0 f   sfc_debugmsvc80:sfc_api.obj
 0001:0001b820       _sfc_get_current_coverage_percentage 1001c820 f   sfc_debugmsvc80:sfc_api.obj
 0001:0001b840       _sfc_get_current_statement_context 1001c840 f   sfc_debugmsvc80:sfc_api.obj
 0001:0001b860       _sfc_get_current_optional_integer 1001c860 f   sfc_debugmsvc80:sfc_api.obj
 0001:0001b890       _sfc_get_current_statement_info 1001c890 f   sfc_debugmsvc80:sfc_api.obj
 0001:0001b930       _sfc_api_get               1001c930 f   sfc_debugmsvc80:sfc_api.obj
 0001:0001c330       _sf_debug_sm_fill_state_activity_data 1001d330 f   sfc_debugmsvc80:sfdb_animation.obj
 0001:0001e270       _sf_debug_hm_get_simulink_handle 1001f270 f   sfc_debugmsvc80:sfdb_handle_management.obj
 0001:0001e860       _sf_debug_hm_initialize_globals 1001f860 f   sfc_debugmsvc80:sfdb_handle_management.obj
 0001:0001e950       _sf_debug_hm_get_machine_debug_flag 1001f950 f   sfc_debugmsvc80:sfdb_handle_management.obj
 0001:0001eaa0       _sf_debug_hm_get_machine_id 1001faa0 f   sfc_debugmsvc80:sfdb_handle_management.obj
 0001:0001ebb0       _sf_debug_hm_get_chart_id  1001fbb0 f   sfc_debugmsvc80:sfdb_handle_management.obj
 0001:0001ed20       _sf_debug_hm_register_executing_SFunction 1001fd20 f   sfc_debugmsvc80:sfdb_handle_management.obj
 0001:0001ee70       _sf_debug_hm_get_chart_active_instance 1001fe70 f   sfc_debugmsvc80:sfdb_handle_management.obj
 0001:0001efa0       _sf_debug_hm_get_chart_visibility 1001ffa0 f   sfc_debugmsvc80:sfdb_handle_management.obj
 0001:0001f0e0       _sf_debug_hm_form_object_boolean_properties 100200e0 f   sfc_debugmsvc80:sfdb_handle_management.obj
 0001:0001f350       _sf_debug_hm_form_object_properties 10020350 f   sfc_debugmsvc80:sfdb_handle_management.obj
 0001:0001f550       _sf_debug_hm_terminate_charts 10020550 f   sfc_debugmsvc80:sfdb_handle_management.obj
 0001:0001faf0       _sf_debug_hm_terminate_machines 10020af0 f   sfc_debugmsvc80:sfdb_handle_management.obj
 0001:00021390       _void_ptr_stack_vector_free_total 10022390 f   sfc_debugmsvc80:sfdb_data_browse.obj
 0001:000213f0       _sf_debug_st_terminate_machine 100223f0 f   sfc_debugmsvc80:sfdb_data_browse.obj
 0001:00021420       _sf_debug_st_terminate_instance 10022420 f   sfc_debugmsvc80:sfdb_data_browse.obj
 0001:000215a0       _push_on_to_void_ptr_stack 100225a0 f   sfc_debugmsvc80:sfdb_data_browse.obj
 0001:000216d0       _pop_from_void_ptr_stack   100226d0 f   sfc_debugmsvc80:sfdb_data_browse.obj
 0001:000217d0       _sf_debug_st_get_data_value 100227d0 f   sfc_debugmsvc80:sfdb_data_browse.obj
 0001:00021c70       _mx_value                  10022c70 f   sfc_debugmsvc80:sfdb_data_browse.obj
 0001:00021ca0       _sf_debug_st_fill_data_struct 10022ca0 f   sfc_debugmsvc80:sfdb_data_browse.obj
 0001:00021f70       _data_type_format_strings  10022f70 f   sfc_debugmsvc80:sfdb_data_browse.obj
 0001:00021fe0       _sf_debug_st_fill_data     10022fe0 f   sfc_debugmsvc80:sfdb_data_browse.obj
 0001:00022d70       _sf_debug_ss_copy_dimension 10023d70 f   sfc_debugmsvc80:sfdb_symbol_scope.obj
 0001:00022de0       _sf_debug_ss_get_number_elements 10023de0 f   sfc_debugmsvc80:sfdb_symbol_scope.obj
 0001:00022e00       _sf_debug_ss_fill_data_struct 10023e00 f   sfc_debugmsvc80:sfdb_symbol_scope.obj
 0001:00022ff0       _sf_debug_ss_reset_data_info 10023ff0 f   sfc_debugmsvc80:sfdb_symbol_scope.obj
 0001:00023040       _sf_debug_fill_data_info_by_symbol_scope_entry 10024040 f   sfc_debugmsvc80:sfdb_symbol_scope.obj
 0001:000230e0       _sf_debug_fill_data_info_by_data_vector 100240e0 f   sfc_debugmsvc80:sfdb_symbol_scope.obj
 0001:000232a0       _sf_debug_ss_get_data_info 100242a0 f   sfc_debugmsvc80:sfdb_symbol_scope.obj
 0001:000234d0       _sf_debug_ss_get_data_value 100244d0 f   sfc_debugmsvc80:sfdb_symbol_scope.obj
 0001:00023810       _sf_debug_ss_data_bytes_string 10024810 f   sfc_debugmsvc80:sfdb_symbol_scope.obj
 0001:00023880       _sf_debug_ss_data_class_string 10024880 f   sfc_debugmsvc80:sfdb_symbol_scope.obj
 0001:00023bd0       _sf_debug_ss_data_size_string 10024bd0 f   sfc_debugmsvc80:sfdb_symbol_scope.obj
 0001:00023c90       _sf_debug_ss_data_create_data_info_struct 10024c90 f   sfc_debugmsvc80:sfdb_symbol_scope.obj
 0001:00023da0       _sf_debug_ss_data_create_name_value_pair 10024da0 f   sfc_debugmsvc80:sfdb_symbol_scope.obj
 0001:00023e00       _sf_debug_ss_data_get_whos_info 10024e00 f   sfc_debugmsvc80:sfdb_symbol_scope.obj
 0001:00023e30       _same_named_data_in_data_array 10024e30 f   sfc_debugmsvc80:sfdb_symbol_scope.obj
 0001:00025340       _sf_debug_cc_terminate_chart 10026340 f   sfc_debugmsvc80:sfdb_coverage.obj
 0001:00025620       _sf_debug_cc_terminate_instance 10026620 f   sfc_debugmsvc80:sfdb_coverage.obj
 0001:00026030       _sf_debug_cc_mark_object_if_needed 10027030 f   sfc_debugmsvc80:sfdb_coverage.obj
 0001:00026380       _sf_debug_cc_fill_transition_coverage_data 10027380 f   sfc_debugmsvc80:sfdb_coverage.obj
 0001:000264b0       _sf_debug_cc_fill_transition_coverage_map 100274b0 f   sfc_debugmsvc80:sfdb_coverage.obj
 0001:00026690       _sf_debug_cc_fill_state_coverage_map 10027690 f   sfc_debugmsvc80:sfdb_coverage.obj
 0001:00026830       _sf_debug_cc_fill_state_coverage_data 10027830 f   sfc_debugmsvc80:sfdb_coverage.obj
 0001:000271e0       _sf_debug_bm_initialize_eml 100281e0 f   sfc_debugmsvc80:sfdb_breakpoints.obj
 0001:000281d0       _sf_debug_bm_map_debug_tag_to_breakpoint_tag 100291d0 f   sfc_debugmsvc80:sfdb_breakpoints.obj
 0001:00028270       _sf_debug_bm_is_a_eml_breakpoint_impl 10029270 f   sfc_debugmsvc80:sfdb_breakpoints.obj
 0001:00029860       _sf_debug_sc_push_on_error_stack 1002a860 f   sfc_debugmsvc80:sfdb_state_consistency.obj
 0001:00029970       _sf_debug_sc_reset_error_stack 1002a970 f   sfc_debugmsvc80:sfdb_state_consistency.obj
 0001:00029ac0       _sf_debug_sc_is_state_inconsistent 1002aac0 f   sfc_debugmsvc80:sfdb_state_consistency.obj
 0001:00029ce0       _sf_debug_sc_fill_consistency_info 1002ace0 f   sfc_debugmsvc80:sfdb_state_consistency.obj
 0001:0002a160       _void_assertion_fcn        1002b160 f   sfc_debugmsvc80:sfdb_call_stack.obj
 0001:0002a650       _sf_debug_tm_fill_local_trace 1002b650 f   sfc_debugmsvc80:sfdb_call_stack.obj
 0001:0002aad0       _sf_debug_cd_terminate_instance 1002bad0 f   sfc_debugmsvc80:sfdb_cycle_detection.obj
 0001:0002ab30       _sf_debug_cd_free_checksum_stack 1002bb30 f   sfc_debugmsvc80:sfdb_cycle_detection.obj
 0001:0002ab60       _sf_debug_cd_reset_pack_strings 1002bb60 f   sfc_debugmsvc80:sfdb_cycle_detection.obj
 0001:0002b1b0       _md5file_clear             1002c1b0 f   sfc_debugmsvc80:ckmd5.obj
 0001:0002b1e0       _Encode                    1002c1e0 f   sfc_debugmsvc80:ckmd5.obj
 0001:0002b220       _Decode                    1002c220 f   sfc_debugmsvc80:ckmd5.obj
 0001:0002b2a0       _MD5Transform              1002c2a0 f   sfc_debugmsvc80:ckmd5.obj
 0001:0002b960       _md5file_addn              1002c960 f   sfc_debugmsvc80:ckmd5.obj
 0001:0002ba10       _md5file_hash              1002ca10 f   sfc_debugmsvc80:ckmd5.obj
 0001:0002be71       _pre_c_init                1002ce71 f   MSVCRT:crtdll.obj
 0001:0002c0e6       ___DllMainCRTStartup       1002d0e6 f   MSVCRT:crtdll.obj
 0001:0002c28c       _has_osfxsr_set            1002d28c f   MSVCRT:cpu_disp.obj
