 sf_newtons_cradle_sfun

 Timestamp is 50f4320b (Mon Jan 14 18:27:55 2013)

 Preferred load address is 10000000

 Start         Length     Name                   Class
 0001:00000000 000100d8H .text                   CODE
 0002:00000000 000001fcH .idata$5                DATA
 0002:000001fc 00000004H .CRT$XCA                DATA
 0002:00000200 00000004H .CRT$XCZ                DATA
 0002:00000204 00000004H .CRT$XIA                DATA
 0002:00000208 00000004H .CRT$XIAA               DATA
 0002:0000020c 00000004H .CRT$XIC                DATA
 0002:00000210 00000004H .CRT$XIZ                DATA
 0002:00000218 00002048H .rdata                  DATA
 0002:00002260 00000004H .rdata$sxdata           DATA
 0002:00002264 00000004H .rtc$IAA                DATA
 0002:00002268 00000004H .rtc$IZZ                DATA
 0002:0000226c 00000004H .rtc$TAA                DATA
 0002:00002270 00000004H .rtc$TZZ                DATA
 0002:00002278 00000084H .xdata$x                DATA
 0002:000022fc 000000a0H .idata$2                DATA
 0002:0000239c 00000014H .idata$3                DATA
 0002:000023b0 000001fcH .idata$4                DATA
 0002:000025ac 000008feH .idata$6                DATA
 0002:00002eb0 0000005cH .edata                  DATA
 0003:00000000 000018b8H .data                   DATA
 0003:000018b8 00001550H .bss                    DATA

  Address         Publics by Value              Rva+Base       Lib:Object

 0000:00000000       __except_list              00000000     <absolute>
 0000:00000001       ___safe_se_handler_count   00000001     <absolute>
 0000:00009876       __ldused                   00009876     <absolute>
 0000:00009876       __fltused                  00009876     <absolute>
 0000:00000000       ___ImageBase               10000000     <linker-defined>
 0001:00000000       _sf_c1_sf_newtons_cradle_get_eml_resolved_functions_info 10001000 f   c1_sf_newtons_cradle.obj
 0001:00000050       _sf_c1_sf_newtons_cradle_get_check_sum 10001050 f   c1_sf_newtons_cradle.obj
 0001:000000b0       _sf_c1_sf_newtons_cradle_get_autoinheritance_info 100010b0 f   c1_sf_newtons_cradle.obj
 0001:000003c0       _c1_sf_newtons_cradle_method_dispatcher 100013c0 f   c1_sf_newtons_cradle.obj
 0001:00001ab0       _sf_c2_sf_newtons_cradle_get_eml_resolved_functions_info 10002ab0 f   c2_sf_newtons_cradle.obj
 0001:00001b00       _sf_c2_sf_newtons_cradle_get_check_sum 10002b00 f   c2_sf_newtons_cradle.obj
 0001:00001b60       _sf_c2_sf_newtons_cradle_get_autoinheritance_info 10002b60 f   c2_sf_newtons_cradle.obj
 0001:00001d80       _c2_sf_newtons_cradle_method_dispatcher 10002d80 f   c2_sf_newtons_cradle.obj
 0001:00002a70       _sf_process_check_sum_call 10003a70 f   sf_newtons_cradle_sfun_registry.obj
 0001:00002aa0       _sf_process_autoinheritance_call 10003aa0 f   sf_newtons_cradle_sfun_registry.obj
 0001:00002ad0       _sf_process_get_eml_resolved_functions_info_call 10003ad0 f   sf_newtons_cradle_sfun_registry.obj
 0001:00002bf0       _sf_mex_unlock_call        10003bf0 f   sf_newtons_cradle_sfun_registry.obj
 0001:00002c80       _sf_machine_global_initializer_called 10003c80 f   sf_newtons_cradle_sfun_registry.obj
 0001:00002ca0       _sf_machine_global_method_dispatcher 10003ca0 f   sf_newtons_cradle_sfun_registry.obj
 0001:00002ce0       _sf_machine_global_terminator 10003ce0 f   sf_newtons_cradle_sfun_registry.obj
 0001:00002d10       _sf_register_machine_exported_symbols 10003d10 f   sf_newtons_cradle_sfun_registry.obj
 0001:00002d30       _callCustomFcn             10003d30 f   sf_newtons_cradle_sfun_registry.obj
 0001:00002d40       _sf_machine_global_initializer 10003d40 f   sf_newtons_cradle_sfun_registry.obj
 0001:00002d90       __ssSetInputPortMatrixDimensions 10003d90 f   sf_newtons_cradle_sfun_registry.obj
 0001:00002e40       __ssSetOutputPortMatrixDimensions 10003e40 f   sf_newtons_cradle_sfun_registry.obj
 0001:00002ef0       __ssSetInputPortVectorDimension 10003ef0 f   sf_newtons_cradle_sfun_registry.obj
 0001:00002f70       __ssSetOutputPortVectorDimension 10003f70 f   sf_newtons_cradle_sfun_registry.obj
 0001:00002ff0       _ssIsRunTimeParamTunable   10003ff0 f   sf_newtons_cradle_sfun_registry.obj
 0001:00003050       _ssGetSFuncBlockHandle     10004050 f   sf_newtons_cradle_sfun_registry.obj
 0001:000030a0       __ssGetCurrentInputPortWidth 100040a0 f   sf_newtons_cradle_sfun_registry.obj
 0001:00003170       __ssGetCurrentOutputPortWidth 10004170 f   sf_newtons_cradle_sfun_registry.obj
 0001:00003240       __ssGetCallSystemNumFcnCallDestinations 10004240 f   sf_newtons_cradle_sfun_registry.obj
 0001:000032a0       _ssWarning                 100042a0 f   sf_newtons_cradle_sfun_registry.obj
 0001:00003380       _ssSetIsInputPortUsedForContZcSignal 10004380 f   sf_newtons_cradle_sfun_registry.obj
 0001:000033d0       _ssSetZcSignalIsZcElementDisc 100043d0 f   sf_newtons_cradle_sfun_registry.obj
 0001:00003430       _ssSetZcSignalName         10004430 f   sf_newtons_cradle_sfun_registry.obj
 0001:00003480       _ssSetZcSignalWidth        10004480 f   sf_newtons_cradle_sfun_registry.obj
 0001:000034d0       _ssSetZcSignalZcEventType  100044d0 f   sf_newtons_cradle_sfun_registry.obj
 0001:00003520       _ssSetZcSignalType         10004520 f   sf_newtons_cradle_sfun_registry.obj
 0001:00003570       _ssSetZcSignalZcTol        10004570 f   sf_newtons_cradle_sfun_registry.obj
 0001:000035c0       _ssSetZcSignalNeedsEventNotification 100045c0 f   sf_newtons_cradle_sfun_registry.obj
 0001:00003610       _ssCreateAndAddZcSignalInfo 10004610 f   sf_newtons_cradle_sfun_registry.obj
 0001:00003670       _ssCloneAndAddZcSignalInfo 10004670 f   sf_newtons_cradle_sfun_registry.obj
 0001:000036d0       _ssGetNumZcSignals         100046d0 f   sf_newtons_cradle_sfun_registry.obj
 0001:00003730       _ssGetZcSignalVector       10004730 f   sf_newtons_cradle_sfun_registry.obj
 0001:00003790       _ssGetZcSignalZcEvents     10004790 f   sf_newtons_cradle_sfun_registry.obj
 0001:000037f0       _ssGetZcSignalName         100047f0 f   sf_newtons_cradle_sfun_registry.obj
 0001:00003850       _ssGetZcSignalWidth        10004850 f   sf_newtons_cradle_sfun_registry.obj
 0001:000038b0       _ssGetZcSignalZcEventType  100048b0 f   sf_newtons_cradle_sfun_registry.obj
 0001:00003910       _ssGetZcSignalType         10004910 f   sf_newtons_cradle_sfun_registry.obj
 0001:00003970       _ssGetZcSignalZcTol        10004970 f   sf_newtons_cradle_sfun_registry.obj
 0001:000039d0       _ssGetZcSignalNeedsEventNotification 100049d0 f   sf_newtons_cradle_sfun_registry.obj
 0001:00003a30       _ssGetZcSignalIsZcElementDisc 10004a30 f   sf_newtons_cradle_sfun_registry.obj
 0001:00003a90       _ssGetIsInputPortElementContinuous 10004a90 f   sf_newtons_cradle_sfun_registry.obj
 0001:00003af0       __ssGetInputPortSignalPtrsFcn 10004af0 f   sf_newtons_cradle_sfun_registry.obj
 0001:00003cf0       __ssGetInputPortSignalFcn  10004cf0 f   sf_newtons_cradle_sfun_registry.obj
 0001:00003e80       __ssSetInputPortDirectFeedThroughFcn 10004e80 f   sf_newtons_cradle_sfun_registry.obj
 0001:00003fb0       __ssSetInputPortReusableFcn 10004fb0 f   sf_newtons_cradle_sfun_registry.obj
 0001:00004040       __ssSetOutputPortReusableFcn 10005040 f   sf_newtons_cradle_sfun_registry.obj
 0001:000040d0       _ssGetDTypeIdFromMxArray   100050d0 f   sf_newtons_cradle_sfun_registry.obj
 0001:000041c0       _ssWriteRTWStr             100051c0 f   sf_newtons_cradle_sfun_registry.obj
 0001:00004200       _ssWriteRTWMxVectParam     10005200 f   sf_newtons_cradle_sfun_registry.obj
 0001:00004240       _ssWriteRTWMx2dMatParam    10005240 f   sf_newtons_cradle_sfun_registry.obj
 0001:00004280       _ssWriteRTWNameValuePair   10005280 f   sf_newtons_cradle_sfun_registry.obj
 0001:000045f0       _ssWriteRTWParameters      100055f0 f   sf_newtons_cradle_sfun_registry.obj
 0001:00004990       _ssWriteRTWParamSettings   10005990 f   sf_newtons_cradle_sfun_registry.obj
 0001:00004e40       _ssWriteRTWWorkVect        10005e40 f   sf_newtons_cradle_sfun_registry.obj
 0001:000051d0       _mexFunction               100061d0 f   sf_newtons_cradle_sfun_registry.obj
 0001:00006870       _ProcessMexSfunctionEveryCall 10007870 f   sf_newtons_cradle_sfun_registry.obj
 0001:00006980       _sf_newtons_cradle_initializer 10007980 f   sf_newtons_cradle_sfun.obj
 0001:00006990       _sf_newtons_cradle_terminator 10007990 f   sf_newtons_cradle_sfun.obj
 0001:000069a0       _sf_sf_newtons_cradle_method_dispatcher 100079a0 f   sf_newtons_cradle_sfun.obj
 0001:000069f0       _sf_sf_newtons_cradle_process_check_sum_call 100079f0 f   sf_newtons_cradle_sfun.obj
 0001:00006db0       _sf_sf_newtons_cradle_autoinheritance_info 10007db0 f   sf_newtons_cradle_sfun.obj
 0001:00006ea0       _sf_sf_newtons_cradle_get_eml_resolved_functions_info 10007ea0 f   sf_newtons_cradle_sfun.obj
 0001:00006fc0       _sf_newtons_cradle_register_exported_symbols 10007fc0 f   sf_newtons_cradle_sfun.obj
 0001:00007030       _sf_mex_mx_is_numeric      10008030 f   sfc_mexmsvc80:sfc_mex.obj
 0001:00007070       _strcmp_ignore_ws          10008070 f   sfc_mexmsvc80:sfc_mex.obj
 0001:00007190       _sf_mex_duplicatearraysafe 10008190 f   sfc_mexmsvc80:sfc_mex.obj
 0001:00007370       _sf_set_error_debugger_context_message_fcn 10008370 f   sfc_mexmsvc80:sfc_mex.obj
 0001:00007380       _sf_set_debugger_matlab_error_fcn 10008380 f   sfc_mexmsvc80:sfc_mex.obj
 0001:000073a0       _sf_set_error_prefix_string 100083a0 f   sfc_mexmsvc80:sfc_mex.obj
 0001:000073d0       _sf_get_error_prefix_string 100083d0 f   sfc_mexmsvc80:sfc_mex.obj
 0001:000073e0       _sf_get_current_jmp_buf_ptr 100083e0 f   sfc_mexmsvc80:sfc_mex.obj
 0001:000073f0       _sf_set_current_jmp_buf_ptr 100083f0 f   sfc_mexmsvc80:sfc_mex.obj
 0001:00007400       _sf_mex_set_halt_simulation 10008400 f   sfc_mexmsvc80:sfc_mex.obj
 0001:00007410       _sf_mex_get_halt_simulation 10008410 f   sfc_mexmsvc80:sfc_mex.obj
 0001:00007420       _sf_mex_clear_error_message 10008420 f   sfc_mexmsvc80:sfc_mex.obj
 0001:00007440       _sf_mex_get_error_message_for_read 10008440 f   sfc_mexmsvc80:sfc_mex.obj
 0001:00007450       _sf_mex_get_error_message_buffer_length 10008450 f   sfc_mexmsvc80:sfc_mex.obj
 0001:00007520       _sf_mex_warning_message    10008520 f   sfc_mexmsvc80:sfc_mex.obj
 0001:00007570       _sf_mex_v_errbuf_createf   10008570 f   sfc_mexmsvc80:sfc_mex.obj
 0001:00007590       _sf_mex_errbuf_createf     10008590 f   sfc_mexmsvc80:sfc_mex.obj
 0001:000075b0       _sf_mex_v_errbuf_catf      100085b0 f   sfc_mexmsvc80:sfc_mex.obj
 0001:000075f0       _sf_mex_errbuf_catf        100085f0 f   sfc_mexmsvc80:sfc_mex.obj
 0001:00007630       _sf_mex_errbuf_copy        10008630 f   sfc_mexmsvc80:sfc_mex.obj
 0001:00007650       _sf_mex_errbuf_clear       10008650 f   sfc_mexmsvc80:sfc_mex.obj
 0001:00007660       _sf_mex_errbuf_isempty     10008660 f   sfc_mexmsvc80:sfc_mex.obj
 0001:000076f0       _sf_mex_set_error_status   100086f0 f   sfc_mexmsvc80:sfc_mex.obj
 0001:00007720       _sf_mex_error_direct_call  10008720 f   sfc_mexmsvc80:sfc_mex.obj
 0001:00007740       _sf_mex_long_jump_on_error 10008740 f   sfc_mexmsvc80:sfc_mex.obj
 0001:00007770       _sf_mex_call_matlab        10008770 f   sfc_mexmsvc80:sfc_mex.obj
 0001:00007840       _sf_mex_check_builtin      10008840 f   sfc_mexmsvc80:sfc_mex.obj
 0001:00007870       _sf_mex_check_builtin_vs   10008870 f   sfc_mexmsvc80:sfc_mex.obj
 0001:000078b0       _sf_mex_check_enum         100088b0 f   sfc_mexmsvc80:sfc_mex.obj
 0001:000078e0       _sf_mex_create_enum        100088e0 f   sfc_mexmsvc80:sfc_mex.obj
 0001:00007900       _sf_mex_get_enum_element   10008900 f   sfc_mexmsvc80:sfc_mex.obj
 0001:00007910       _sf_mex_createcellarray    10008910 f   sfc_mexmsvc80:sfc_mex.obj
 0001:00007930       _sf_mex_setcell            10008930 f   sfc_mexmsvc80:sfc_mex.obj
 0001:00007940       _sf_mex_getcell            10008940 f   sfc_mexmsvc80:sfc_mex.obj
 0001:00007950       _sf_mex_dup                10008950 f   sfc_mexmsvc80:sfc_mex.obj
 0001:00007980       _sf_mex_assign             10008980 f   sfc_mexmsvc80:sfc_mex.obj
 0001:000079d0       _sf_mex_destroy            100089d0 f   sfc_mexmsvc80:sfc_mex.obj
 0001:000079f0       _mx_array_has_fi_type      100089f0 f   sfc_mexmsvc80:sfc_mex.obj
 0001:00007a20       _sf_mex_convert_from_fi    10008a20 f   sfc_mexmsvc80:sfc_mex.obj
 0001:00007aa0       _sf_mex_convert_to_double  10008aa0 f   sfc_mexmsvc80:sfc_mex.obj
 0001:00007ae0       _sf_mex_import_fi_vs       10008ae0 f   sfc_mexmsvc80:sfc_mex.obj
 0001:00007c40       _sf_matrix_matrix_index_ok 10008c40 f   sfc_mexmsvc80:sfc_mex.obj
 0001:00007cc0       _ssGetCurrentInputPortDimensions_wrapper 10008cc0 f   sfc_mexmsvc80:sfc_mex.obj
 0001:00007ce0       _ssGetCurrentOutputPortDimensions_wrapper 10008ce0 f   sfc_mexmsvc80:sfc_mex.obj
 0001:00007d00       _sf_mex_emlrt_context_is_debug_mode 10008d00 f   sfc_mexmsvc80:sfc_mex.obj
 0001:00007d10       _sf_mex_emlrt_context_set_debug_mode 10008d10 f   sfc_mexmsvc80:sfc_mex.obj
 0001:00007d20       _sf_clear_error_manager_info 10008d20 f   sfc_mexmsvc80:sfc_mex.obj
 0001:00007d70       _sf_mex_stop_simulation_abruptly_wo_error 10008d70 f   sfc_mexmsvc80:sfc_mex.obj
 0001:00007da0       _sf_mex_error_message      10008da0 f   sfc_mexmsvc80:sfc_mex.obj
 0001:00007df0       _sf_react_to_error_in_matlab_call 10008df0 f   sfc_mexmsvc80:sfc_mex.obj
 0001:00007e10       _sf_mex_addfield           10008e10 f   sfc_mexmsvc80:sfc_mex.obj
 0001:00007e80       _sf_mex_getfield           10008e80 f   sfc_mexmsvc80:sfc_mex.obj
 0001:00008000       _sf_mex_check_class        10009000 f   sfc_mexmsvc80:sfc_mex.obj
 0001:00008080       _sf_mex_is_real            10009080 f   sfc_mexmsvc80:sfc_mex.obj
 0001:000080c0       _sf_mex_check_complex      100090c0 f   sfc_mexmsvc80:sfc_mex.obj
 0001:00008130       _sf_mex_check_sparse       10009130 f   sfc_mexmsvc80:sfc_mex.obj
 0001:00008180       _sf_mex_check_numerictype  10009180 f   sfc_mexmsvc80:sfc_mex.obj
 0001:00008220       _sf_mex_check_fimath       10009220 f   sfc_mexmsvc80:sfc_mex.obj
 0001:000082c0       _sf_mex_decode_encoded_mx_struct_array 100092c0 f   sfc_mexmsvc80:sfc_mex.obj
 0001:00008460       _sf_mex_lw_bounds_check    10009460 f   sfc_mexmsvc80:sfc_mex.obj
 0001:00008490       _sf_mex_lw_size_eq_check_1d 10009490 f   sfc_mexmsvc80:sfc_mex.obj
 0001:000084b0       _sf_mex_lw_size_eq_check_nd 100094b0 f   sfc_mexmsvc80:sfc_mex.obj
 0001:00008590       _sf_mex_lw_dim_size_eq_check 10009590 f   sfc_mexmsvc80:sfc_mex.obj
 0001:000085c0       _sf_mex_lw_dim_size_geq_check 100095c0 f   sfc_mexmsvc80:sfc_mex.obj
 0001:000085f0       _sf_mex_lw_sub_assign_size_check_nd 100095f0 f   sfc_mexmsvc80:sfc_mex.obj
 0001:00008720       _sf_mex_lw_matrix_matrix_index_check 10009720 f   sfc_mexmsvc80:sfc_mex.obj
 0001:00008750       _sf_mex_lw_non_negative_check 10009750 f   sfc_mexmsvc80:sfc_mex.obj
 0001:00008780       _sf_mex_overflow_error     10009780 f   sfc_mexmsvc80:sfc_mex.obj
 0001:00008790       _sf_mex_dividebyzero_error 10009790 f   sfc_mexmsvc80:sfc_mex.obj
 0001:000087a0       _sf_mex_unsafe_enum_error  100097a0 f   sfc_mexmsvc80:sfc_mex.obj
 0001:000087b0       _sf_emlrtErrHandler        100097b0 f   sfc_mexmsvc80:sfc_mex.obj
 0001:000087f0       _sf_mex_printf             100097f0 f   sfc_mexmsvc80:sfc_mex.obj
 0001:000088d0       _sf_mex_check_size         100098d0 f   sfc_mexmsvc80:sfc_mex.obj
 0001:00008b50       _sf_mex_check_struct       10009b50 f   sfc_mexmsvc80:sfc_mex.obj
 0001:00008c50       _sf_mex_check_struct_vs    10009c50 f   sfc_mexmsvc80:sfc_mex.obj
 0001:00008c90       _sf_mex_check_fi           10009c90 f   sfc_mexmsvc80:sfc_mex.obj
 0001:00008d60       _sf_mex_check_fi_vs        10009d60 f   sfc_mexmsvc80:sfc_mex.obj
 0001:00008db0       _sf_echo_expression        10009db0 f   sfc_mexmsvc80:sfc_mex.obj
 0001:00008e00       _sf_assertion_failed       10009e00 f   sfc_mexmsvc80:sfc_mex.obj
 0001:00008f80       _sf_mex_evalin             10009f80 f   sfc_mexmsvc80:sfc_mex.obj
 0001:000091e0       _sf_mex_export             1000a1e0 f   sfc_mexmsvc80:sfc_mex.obj
 0001:00009290       _sf_mex_get_ml_var_no_error 1000a290 f   sfc_mexmsvc80:sfc_mex.obj
 0001:000093f0       _sf_mex_get_ml_var         1000a3f0 f   sfc_mexmsvc80:sfc_mex.obj
 0001:00009700       _ml_set_element_value_in_array 1000a700 f   sfc_mexmsvc80:sfc_mex.obj
 0001:0000ae00       _sf_mex_call_impl          1000be00 f   sfc_mexmsvc80:sfc_mex.obj
 0001:0000b190       _sf_mex_call_debug         1000c190 f   sfc_mexmsvc80:sfc_mex.obj
 0001:0000b1b0       _sf_mex_call               1000c1b0 f   sfc_mexmsvc80:sfc_mex.obj
 0001:0000b8c0       _sf_mex_createstruct       1000c8c0 f   sfc_mexmsvc80:sfc_mex.obj
 0001:0000b960       _sf_mex_createstructarray  1000c960 f   sfc_mexmsvc80:sfc_mex.obj
 0001:0000b9c0       _sf_mex_get_mx_datatype_from_sf_datatype 1000c9c0 f   sfc_mexmsvc80:sfc_mex.obj
 0001:0000bc40       _sf_mex_ml_var_sub         1000cc40 f   sfc_mexmsvc80:sfc_mex.obj
 0001:0000bda0       _sf_mex_ml_var_subsasgn    1000cda0 f   sfc_mexmsvc80:sfc_mex.obj
 0001:0000c0b0       _sf_mex_sub                1000d0b0 f   sfc_mexmsvc80:sfc_mex.obj
 0001:0000c230       _sf_mex_subsasgn           1000d230 f   sfc_mexmsvc80:sfc_mex.obj
 0001:0000c5e0       _sf_mex_create             1000d5e0 f   sfc_mexmsvc80:sfc_mex.obj
 0001:0000ce40       _sf_mex_import             1000de40 f   sfc_mexmsvc80:sfc_mex.obj
 0001:0000cee0       _sf_mex_import_vs          1000dee0 f   sfc_mexmsvc80:sfc_mex.obj
 0001:0000cf70       _sf_mex_lower_fixpt_mx_array 1000df70 f   sfc_mexmsvc80:sfc_mex.obj
 0001:0000d330       _sim_mode_is_rtw_gen       1000e330 f   sfc_mexmsvc80:sfc_sf.obj
 0001:0000d370       _sim_mode_is_external      1000e370 f   sfc_mexmsvc80:sfc_sf.obj
 0001:0000d390       _mdlInitializeSizes        1000e390 f   sfc_mexmsvc80:sfc_sf.obj
 0001:0000d3b0       _mdlInitializeSampleTimes  1000e3b0 f   sfc_mexmsvc80:sfc_sf.obj
 0001:0000d3f0       _mdlZeroCrossings          1000e3f0 f   sfc_mexmsvc80:sfc_sf.obj
 0001:0000d4a0       _mdlDerivatives            1000e4a0 f   sfc_mexmsvc80:sfc_sf.obj
 0001:0000d540       _mdl_initialize_conditions_processing 1000e540 f   sfc_mexmsvc80:sfc_sf.obj
 0001:0000d570       _mdlInitializeConditions   1000e570 f   sfc_mexmsvc80:sfc_sf.obj
 0001:0000d610       _mdlGetSimState            1000e610 f   sfc_mexmsvc80:sfc_sf.obj
 0001:0000d630       _mdlSetSimState            1000e630 f   sfc_mexmsvc80:sfc_sf.obj
 0001:0000d650       _mdl_ext_mode_exec_processing 1000e650 f   sfc_mexmsvc80:sfc_sf.obj
 0001:0000d670       _mdlExtModeExec            1000e670 f   sfc_mexmsvc80:sfc_sf.obj
 0001:0000d820       _mdlTerminate              1000e820 f   sfc_mexmsvc80:sfc_sf.obj
 0001:0000d880       _mdlRTW                    1000e880 f   sfc_mexmsvc80:sfc_sf.obj
 0001:0000d8b0       _mdlSetWorkWidths          1000e8b0 f   sfc_mexmsvc80:sfc_sf.obj
 0001:0000d8d0       _mdlProcessParameters      1000e8d0 f   sfc_mexmsvc80:sfc_sf.obj
 0001:0000d8f0       _mdl_start_processing      1000e8f0 f   sfc_mexmsvc80:sfc_sf.obj
 0001:0000d930       _mdlStart                  1000e930 f   sfc_mexmsvc80:sfc_sf.obj
 0001:0000da00       _mdlEnable                 1000ea00 f   sfc_mexmsvc80:sfc_sf.obj
 0001:0000dab0       _mdlDisable                1000eab0 f   sfc_mexmsvc80:sfc_sf.obj
 0001:0000db40       _sf_get_chart_instance_ptr 1000eb40 f   sfc_mexmsvc80:sfc_sf.obj
 0001:0000db60       _sf_rtw_info_uint_prop     1000eb60 f   sfc_mexmsvc80:sfc_sf.obj
 0001:0000dc90       _sf_is_chart_inlinable     1000ec90 f   sfc_mexmsvc80:sfc_sf.obj
 0001:0000dcb0       _sf_mark_output_events_with_multiple_callers 1000ecb0 f   sfc_mexmsvc80:sfc_sf.obj
 0001:0000de20       _sf_mark_chart_reusable_outputs 1000ee20 f   sfc_mexmsvc80:sfc_sf.obj
 0001:0000df90       _sf_mark_chart_expressionable_inputs 1000ef90 f   sfc_mexmsvc80:sfc_sf.obj
 0001:0000e180       _sf_get_subchart_simstruct 1000f180 f   sfc_mexmsvc80:sfc_sf.obj
 0001:0000e1c0       _sf_write_symbol_mapping   1000f1c0 f   sfc_mexmsvc80:sfc_sf.obj
 0001:0000e390       _sf_get_fixpt_data_type_id 1000f390 f   sfc_mexmsvc80:sfc_sf.obj
 0001:0000e3d0       _sf_get_enum_data_type_id  1000f3d0 f   sfc_mexmsvc80:sfc_sf.obj
 0001:0000e410       _sf_get_param_data_type_id 1000f410 f   sfc_mexmsvc80:sfc_sf.obj
 0001:0000e440       _sf_mex_listen_for_ctrl_c_force 1000f440 f   sfc_mexmsvc80:sfc_sf.obj
 0001:0000e540       _sf_mex_draw_now           1000f540 f   sfc_mexmsvc80:sfc_sf.obj
 0001:0000e580       _sf_mex_set_debugger_sim_status_listener_fcn 1000f580 f   sfc_mexmsvc80:sfc_sf.obj
 0001:0000e590       _sf_mex_listen_for_ctrl_c  1000f590 f   sfc_mexmsvc80:sfc_sf.obj
 0001:0000e620       _sf_mex_get_sfun_param     1000f620 f   sfc_mexmsvc80:sfc_sf.obj
 0001:0000e670       _sf_get_runtime_param_data 1000f670 f   sfc_mexmsvc80:sfc_sf.obj
 0001:0000e6b0       _sf_call_output_fcn_call   1000f6b0 f   sfc_mexmsvc80:sfc_sf.obj
 0001:0000e7d0       _sf_call_output_fcn_enable 1000f7d0 f   sfc_mexmsvc80:sfc_sf.obj
 0001:0000e850       _sf_call_output_fcn_disable 1000f850 f   sfc_mexmsvc80:sfc_sf.obj
 0001:0000e8d0       _sf_clear_rtw_identifier   1000f8d0 f   sfc_mexmsvc80:sfc_sf.obj
 0001:0000f0d0       _sf_set_encoded_dwork_info 100100d0 f   sfc_mexmsvc80:sfc_sf.obj
 0001:0000f260       _sf_set_rtw_dwork_info     10010260 f   sfc_mexmsvc80:sfc_sf.obj
 0001:0000f380       _mdlOutputs                10010380 f   sfc_mexmsvc80:sfc_sf.obj
 0001:0000f402       _mxGetPr                   10010402 f   libmx:libmx.dll
 0001:0000f408       _mxCreateDoubleScalar      10010408 f   libmx:libmx.dll
 0001:0000f40e       _mxSetField_730            1001040e f   libmx:libmx.dll
 0001:0000f414       _mxCreateDoubleMatrix_730  10010414 f   libmx:libmx.dll
 0001:0000f41a       _mxCreateStructMatrix_730  1001041a f   libmx:libmx.dll
 0001:0000f420       _mxDestroyArray            10010420 f   libmx:libmx.dll
 0001:0000f426       _mxCreateString            10010426 f   libmx:libmx.dll
 0001:0000f42c       _mxDuplicateArray          1001042c f   libmx:libmx.dll
 0001:0000f432       _mxGetString_730           10010432 f   libmx:libmx.dll
 0001:0000f438       _mxIsChar                  10010438 f   libmx:libmx.dll
 0001:0000f43e       _mxGetClassID              1001043e f   libmx:libmx.dll
 0001:0000f444       _mxIsNumeric               10010444 f   libmx:libmx.dll
 0001:0000f44a       _mxIsComplex               1001044a f   libmx:libmx.dll
 0001:0000f450       _mxGetN                    10010450 f   libmx:libmx.dll
 0001:0000f456       _mxGetM                    10010456 f   libmx:libmx.dll
 0001:0000f45c       _mxCalloc                  1001045c f   libmx:libmx.dll
 0001:0000f462       _mxGetScalar               10010462 f   libmx:libmx.dll
 0001:0000f468       _mxIsLogical               10010468 f   libmx:libmx.dll
 0001:0000f46e       _mxCreateDoubleMatrix_700  1001046e f   libmx:libmx.dll
 0001:0000f474       _mxFree                    10010474 f   libmx:libmx.dll
 0001:0000f47a       _mxArrayToString           1001047a f   libmx:libmx.dll
 0001:0000f480       _mxCreateCellMatrix_700    10010480 f   libmx:libmx.dll
 0001:0000f486       _mxSetCell_700             10010486 f   libmx:libmx.dll
 0001:0000f48c       _mxGetCell_700             1001048c f   libmx:libmx.dll
 0001:0000f492       _mxGetClassName            10010492 f   libmx:libmx.dll
 0001:0000f498       _mxSetField_700            10010498 f   libmx:libmx.dll
 0001:0000f49e       _mxAddField                1001049e f   libmx:libmx.dll
 0001:0000f4a4       _mxGetField_700            100104a4 f   libmx:libmx.dll
 0001:0000f4aa       _mxGetNumberOfElements     100104aa f   libmx:libmx.dll
 0001:0000f4b0       _mxIsStruct                100104b0 f   libmx:libmx.dll
 0001:0000f4b6       _mxIsClass                 100104b6 f   libmx:libmx.dll
 0001:0000f4bc       _mxGetLogicals             100104bc f   libmx:libmx.dll
 0001:0000f4c2       _mxIsSparse                100104c2 f   libmx:libmx.dll
 0001:0000f4c8       _mxSetFieldByNumber_700    100104c8 f   libmx:libmx.dll
 0001:0000f4ce       _mxGetFieldByNumber_700    100104ce f   libmx:libmx.dll
 0001:0000f4d4       _mxGetFieldNameByNumber    100104d4 f   libmx:libmx.dll
 0001:0000f4da       _mxGetNumberOfFields       100104da f   libmx:libmx.dll
 0001:0000f4e0       _mxCreateStructMatrix_700  100104e0 f   libmx:libmx.dll
 0001:0000f4e6       _mxGetFieldNumber          100104e6 f   libmx:libmx.dll
 0001:0000f4ec       _mxIsNaN                   100104ec f   libmx:libmx.dll
 0001:0000f4f2       _mxIsEmpty                 100104f2 f   libmx:libmx.dll
 0001:0000f4f8       _mxGetData                 100104f8 f   libmx:libmx.dll
 0001:0000f4fe       _mxGetImagData             100104fe f   libmx:libmx.dll
 0001:0000f504       _mxArrayClassIDName        10010504 f   libmx:libmx.dll
 0001:0000f50a       _mxCreateNumericMatrix_700 1001050a f   libmx:libmx.dll
 0001:0000f510       _mxCreateStructArray_700   10010510 f   libmx:libmx.dll
 0001:0000f516       _mxCalcSingleSubscript_700 10010516 f   libmx:libmx.dll
 0001:0000f51c       _mxGetDimensions_700       1001051c f   libmx:libmx.dll
 0001:0000f522       _mxGetNumberOfDimensions_700 10010522 f   libmx:libmx.dll
 0001:0000f528       _mxCreateNumericArray_700  10010528 f   libmx:libmx.dll
 0001:0000f52e       _mxGetElementSize          1001052e f   libmx:libmx.dll
 0001:0000f534       _mxGetString_700           10010534 f   libmx:libmx.dll
 0001:0000f53a       _mexUnlock                 1001053a f   libmex:libmex.dll
 0001:0000f540       _mexIsLocked               10010540 f   libmex:libmex.dll
 0001:0000f546       _mexWarnMsgTxt             10010546 f   libmex:libmex.dll
 0001:0000f54c       _mexCallMATLAB             1001054c f   libmex:libmex.dll
 0001:0000f552       _mexErrMsgTxt              10010552 f   libmex:libmex.dll
 0001:0000f558       _mexSetTrapFlag            10010558 f   libmex:libmex.dll
 0001:0000f55e       _mexMakeArrayPersistent    1001055e f   libmex:libmex.dll
 0001:0000f564       _mexPutVariable            10010564 f   libmex:libmex.dll
 0001:0000f56a       _mexGetVariable            1001056a f   libmex:libmex.dll
 0001:0000f570       _mexLock                   10010570 f   libmex:libmex.dll
 0001:0000f576       _mexMakeMemoryPersistent   10010576 f   libmex:libmex.dll
 0001:0000f57c       _ssRegisterDataTypeFxpFSlopeFixExpBias 1001057c f   libfixedpoint:libfixedpoint.dll
 0001:0000f582       _utVSNprintf               10010582 f   libut:libut.dll
 0001:0000f588       _utCPUtime                 10010588 f   libut:libut.dll
 0001:0000f58e       _muDoubleScalarSin         1001058e f   libmwmathutil:libmwmathutil.dll
 0001:0000f594       _emlrtCheckBuiltInR2009a   10010594 f   libemlrt:libemlrt.dll
 0001:0000f59a       _emlrtCheckVsBuiltInR2009a 1001059a f   libemlrt:libemlrt.dll
 0001:0000f5a0       _emlrtCheckEnumR2009a      100105a0 f   libemlrt:libemlrt.dll
 0001:0000f5a6       _emlrtCreateEnumR2010a     100105a6 f   libemlrt:libemlrt.dll
 0001:0000f5ac       _emlrtGetEnumElementR2009a 100105ac f   libemlrt:libemlrt.dll
 0001:0000f5b2       _emlrtImportVsFiArrayR2009b 100105b2 f   libemlrt:libemlrt.dll
 0001:0000f5b8       _emlrtGetEnumUnderlyingArrayR2009a 100105b8 f   libemlrt:libemlrt.dll
 0001:0000f5be       _emlrtIsEnumR2009a         100105be f   libemlrt:libemlrt.dll
 0001:0000f5d0       _memset                    100105d0 f   MSVCRT:MSVCR90.dll
 0001:0000f5d6       _malloc                    100105d6 f   MSVCRT:MSVCR90.dll
 0001:0000f5dc       _free                      100105dc f   MSVCRT:MSVCR90.dll
 0001:0000f5e2       _strcmp                    100105e2 f   MSVCRT:MSVCR90.dll
 0001:0000f5e8       @__security_check_cookie@4 100105e8 f   MSVCRT:secchk.obj
 0001:0000f5f8       _sprintf                   100105f8 f   MSVCRT:MSVCR90.dll
 0001:0000f5fe       _strlen                    100105fe f   MSVCRT:MSVCR90.dll
 0001:0000f604       _strcat                    10010604 f   MSVCRT:MSVCR90.dll
 0001:0000f610       __ftol2_sse                10010610 f   MSVCRT:ftol2.obj
 0001:0000f619       __ftol2_pentium4           10010619 f   MSVCRT:ftol2.obj
 0001:0000f62c       __ftol2_sse_excpt          1001062c f   MSVCRT:ftol2.obj
 0001:0000f646       __ftol2                    10010646 f   MSVCRT:ftol2.obj
 0001:0000f6bc       _memcpy                    100106bc f   MSVCRT:MSVCR90.dll
 0001:0000f6c2       _NtCurrentTeb              100106c2 f i MSVCRT:crtdll.obj
 0001:0000f718       __CRT_INIT@12              10010718 f   MSVCRT:crtdll.obj
 0001:0000fa54       __DllMainCRTStartup@12     10010a54 f   MSVCRT:crtdll.obj
 0001:0000fa78       _strncpy                   10010a78 f   MSVCRT:MSVCR90.dll
 0001:0000fa80       __alloca_probe             10010a80     MSVCRT:chkstk.obj
 0001:0000fa80       __chkstk                   10010a80 f   MSVCRT:chkstk.obj
 0001:0000faac       _longjmp                   10010aac f   MSVCRT:MSVCR90.dll
 0001:0000fab2       _strncmp                   10010ab2 f   MSVCRT:MSVCR90.dll
 0001:0000fab8       _ceil                      10010ab8 f   MSVCRT:MSVCR90.dll
 0001:0000fabe       _strrchr                   10010abe f   MSVCRT:MSVCR90.dll
 0001:0000fac4       __setjmp3                  10010ac4 f   MSVCRT:MSVCR90.dll
 0001:0000faca       ___report_gsfailure        10010aca f   MSVCRT:gs_report.obj
 0001:0000fc20       __get_sse2_info            10010c20 f   MSVCRT:cpu_disp.obj
 0001:0000fc82       ___sse2_available_init     10010c82 f   MSVCRT:cpu_disp.obj
 0001:0000fc8f       ___clean_type_info_names   10010c8f f   MSVCRT:tncleanup.obj
 0001:0000fc9b       __onexit                   10010c9b f   MSVCRT:atonexit.obj
 0001:0000fd40       _atexit                    10010d40 f   MSVCRT:atonexit.obj
 0001:0000fd57       __RTC_Initialize           10010d57 f   MSVCRT:_initsect_.obj
 0001:0000fd7d       __RTC_Terminate            10010d7d f   MSVCRT:_initsect_.obj
 0001:0000fda4       __encode_pointer           10010da4 f   MSVCRT:MSVCR90.dll
 0001:0000fdaa       __malloc_crt               10010daa f   MSVCRT:MSVCR90.dll
 0001:0000fdb0       __encoded_null             10010db0 f   MSVCRT:MSVCR90.dll
 0001:0000fdb6       __decode_pointer           10010db6 f   MSVCRT:MSVCR90.dll
 0001:0000fdc0       __ValidateImageBase        10010dc0 f   MSVCRT:pesect.obj
 0001:0000fe00       __FindPESection            10010e00 f   MSVCRT:pesect.obj
 0001:0000fe50       __IsNonwritableInCurrentImage 10010e50 f   MSVCRT:pesect.obj
 0001:0000ff0e       __initterm                 10010f0e f   MSVCRT:MSVCR90.dll
 0001:0000ff14       __initterm_e               10010f14 f   MSVCRT:MSVCR90.dll
 0001:0000ff1a       __amsg_exit                10010f1a f   MSVCRT:MSVCR90.dll
 0001:0000ff20       ___CppXcptFilter           10010f20 f   MSVCRT:MSVCR90.dll
 0001:0000ff26       _DllMain@12                10010f26 f   MSVCRT:dllmain.obj
 0001:0000ff4c       __SEH_prolog4              10010f4c f   MSVCRT:sehprolg4.obj
 0001:0000ff91       __SEH_epilog4              10010f91 f   MSVCRT:sehprolg4.obj
 0001:0000ffa5       __except_handler4          10010fa5 f   MSVCRT:chandler4gs.obj
 0001:0000ffca       ___security_init_cookie    10010fca f   MSVCRT:gs_support.obj
 0001:00010060       __crt_debugger_hook        10011060 f   MSVCRT:MSVCR90.dll
 0001:00010066       ___clean_type_info_names_internal 10011066 f   MSVCRT:MSVCR90.dll
 0001:0001006c       __unlock                   1001106c f   MSVCRT:MSVCR90.dll
 0001:00010072       ___dllonexit               10011072 f   MSVCRT:MSVCR90.dll
 0001:00010078       __lock                     10011078 f   MSVCRT:MSVCR90.dll
 0001:0001007e       __except_handler4_common   1001107e f   MSVCRT:MSVCR90.dll
 0001:00010084       _InterlockedExchange@8     10011084 f   kernel32:KERNEL32.dll
 0001:0001008a       _Sleep@4                   1001108a f   kernel32:KERNEL32.dll
 0001:00010090       _InterlockedCompareExchange@12 10011090 f   kernel32:KERNEL32.dll
 0001:00010096       _TerminateProcess@8        10011096 f   kernel32:KERNEL32.dll
 0001:0001009c       _GetCurrentProcess@0       1001109c f   kernel32:KERNEL32.dll
 0001:000100a2       _UnhandledExceptionFilter@4 100110a2 f   kernel32:KERNEL32.dll
 0001:000100a8       _SetUnhandledExceptionFilter@4 100110a8 f   kernel32:KERNEL32.dll
 0001:000100ae       _IsDebuggerPresent@0       100110ae f   kernel32:KERNEL32.dll
 0001:000100b4       _DisableThreadLibraryCalls@4 100110b4 f   kernel32:KERNEL32.dll
 0001:000100ba       _QueryPerformanceCounter@4 100110ba f   kernel32:KERNEL32.dll
 0001:000100c0       _GetTickCount@0            100110c0 f   kernel32:KERNEL32.dll
 0001:000100c6       _GetCurrentThreadId@0      100110c6 f   kernel32:KERNEL32.dll
 0001:000100cc       _GetCurrentProcessId@0     100110cc f   kernel32:KERNEL32.dll
 0001:000100d2       _GetSystemTimeAsFileTime@4 100110d2 f   kernel32:KERNEL32.dll
 0002:00000000       __imp__GetSystemTimeAsFileTime@4 10012000     kernel32:KERNEL32.dll
 0002:00000004       __imp__GetCurrentProcessId@0 10012004     kernel32:KERNEL32.dll
 0002:00000008       __imp__GetCurrentThreadId@0 10012008     kernel32:KERNEL32.dll
 0002:0000000c       __imp__GetTickCount@0      1001200c     kernel32:KERNEL32.dll
 0002:00000010       __imp__QueryPerformanceCounter@4 10012010     kernel32:KERNEL32.dll
 0002:00000014       __imp__DisableThreadLibraryCalls@4 10012014     kernel32:KERNEL32.dll
 0002:00000018       __imp__IsDebuggerPresent@0 10012018     kernel32:KERNEL32.dll
 0002:0000001c       __imp__SetUnhandledExceptionFilter@4 1001201c     kernel32:KERNEL32.dll
 0002:00000020       __imp__UnhandledExceptionFilter@4 10012020     kernel32:KERNEL32.dll
 0002:00000024       __imp__GetCurrentProcess@0 10012024     kernel32:KERNEL32.dll
 0002:00000028       __imp__TerminateProcess@8  10012028     kernel32:KERNEL32.dll
 0002:0000002c       __imp__InterlockedCompareExchange@12 1001202c     kernel32:KERNEL32.dll
 0002:00000030       __imp__Sleep@4             10012030     kernel32:KERNEL32.dll
 0002:00000034       __imp__InterlockedExchange@8 10012034     kernel32:KERNEL32.dll
 0002:00000038       \177KERNEL32_NULL_THUNK_DATA 10012038     kernel32:KERNEL32.dll
 0002:0000003c       __imp___except_handler4_common 1001203c     MSVCRT:MSVCR90.dll
 0002:00000040       __imp___onexit             10012040     MSVCRT:MSVCR90.dll
 0002:00000044       __imp___lock               10012044     MSVCRT:MSVCR90.dll
 0002:00000048       __imp____dllonexit         10012048     MSVCRT:MSVCR90.dll
 0002:0000004c       __imp___unlock             1001204c     MSVCRT:MSVCR90.dll
 0002:00000050       __imp____clean_type_info_names_internal 10012050     MSVCRT:MSVCR90.dll
 0002:00000054       __imp___crt_debugger_hook  10012054     MSVCRT:MSVCR90.dll
 0002:00000058       __imp____CppXcptFilter     10012058     MSVCRT:MSVCR90.dll
 0002:0000005c       __imp___adjust_fdiv        1001205c     MSVCRT:MSVCR90.dll
 0002:00000060       __imp___amsg_exit          10012060     MSVCRT:MSVCR90.dll
 0002:00000064       __imp___initterm_e         10012064     MSVCRT:MSVCR90.dll
 0002:00000068       __imp___initterm           10012068     MSVCRT:MSVCR90.dll
 0002:0000006c       __imp___decode_pointer     1001206c     MSVCRT:MSVCR90.dll
 0002:00000070       __imp___encoded_null       10012070     MSVCRT:MSVCR90.dll
 0002:00000074       __imp___malloc_crt         10012074     MSVCRT:MSVCR90.dll
 0002:00000078       __imp___encode_pointer     10012078     MSVCRT:MSVCR90.dll
 0002:0000007c       __imp___setjmp3            1001207c     MSVCRT:MSVCR90.dll
 0002:00000080       __imp__strrchr             10012080     MSVCRT:MSVCR90.dll
 0002:00000084       __imp__ceil                10012084     MSVCRT:MSVCR90.dll
 0002:00000088       __imp__strncmp             10012088     MSVCRT:MSVCR90.dll
 0002:0000008c       __imp__longjmp             1001208c     MSVCRT:MSVCR90.dll
 0002:00000090       __imp__strncpy             10012090     MSVCRT:MSVCR90.dll
 0002:00000094       __imp__memcpy              10012094     MSVCRT:MSVCR90.dll
 0002:00000098       __imp__strcat              10012098     MSVCRT:MSVCR90.dll
 0002:0000009c       __imp__strlen              1001209c     MSVCRT:MSVCR90.dll
 0002:000000a0       __imp__sprintf             100120a0     MSVCRT:MSVCR90.dll
 0002:000000a4       __imp__strcmp              100120a4     MSVCRT:MSVCR90.dll
 0002:000000a8       __imp__free                100120a8     MSVCRT:MSVCR90.dll
 0002:000000ac       __imp__malloc              100120ac     MSVCRT:MSVCR90.dll
 0002:000000b0       __imp__memset              100120b0     MSVCRT:MSVCR90.dll
 0002:000000b4       \177MSVCR90_NULL_THUNK_DATA 100120b4     MSVCRT:MSVCR90.dll
 0002:000000b8       __imp__emlrtIsEnumR2009a   100120b8     libemlrt:libemlrt.dll
 0002:000000bc       __imp__emlrtGetEnumUnderlyingArrayR2009a 100120bc     libemlrt:libemlrt.dll
 0002:000000c0       __imp__emlrtImportVsFiArrayR2009b 100120c0     libemlrt:libemlrt.dll
 0002:000000c4       __imp__emlrtGetEnumElementR2009a 100120c4     libemlrt:libemlrt.dll
 0002:000000c8       __imp__emlrtCreateEnumR2010a 100120c8     libemlrt:libemlrt.dll
 0002:000000cc       __imp__emlrtCheckEnumR2009a 100120cc     libemlrt:libemlrt.dll
 0002:000000d0       __imp__emlrtCheckVsBuiltInR2009a 100120d0     libemlrt:libemlrt.dll
 0002:000000d4       __imp__emlrtCheckBuiltInR2009a 100120d4     libemlrt:libemlrt.dll
 0002:000000d8       \177libemlrt_NULL_THUNK_DATA 100120d8     libemlrt:libemlrt.dll
 0002:000000dc       __imp__ssRegisterDataTypeFxpFSlopeFixExpBias 100120dc     libfixedpoint:libfixedpoint.dll
 0002:000000e0       \177libfixedpoint_NULL_THUNK_DATA 100120e0     libfixedpoint:libfixedpoint.dll
 0002:000000e4       __imp__mexIsLocked         100120e4     libmex:libmex.dll
 0002:000000e8       __imp__mexSetTrapFlag      100120e8     libmex:libmex.dll
 0002:000000ec       __imp__mexMakeArrayPersistent 100120ec     libmex:libmex.dll
 0002:000000f0       __imp__mexCallMATLAB       100120f0     libmex:libmex.dll
 0002:000000f4       __imp__mexGetVariable      100120f4     libmex:libmex.dll
 0002:000000f8       __imp__mexLock             100120f8     libmex:libmex.dll
 0002:000000fc       __imp__mexMakeMemoryPersistent 100120fc     libmex:libmex.dll
 0002:00000100       __imp__mexPutVariable      10012100     libmex:libmex.dll
 0002:00000104       __imp__mexWarnMsgTxt       10012104     libmex:libmex.dll
 0002:00000108       __imp__mexUnlock           10012108     libmex:libmex.dll
 0002:0000010c       __imp__mexErrMsgTxt        1001210c     libmex:libmex.dll
 0002:00000110       \177libmex_NULL_THUNK_DATA 10012110     libmex:libmex.dll
 0002:00000114       __imp__muDoubleScalarSin   10012114     libmwmathutil:libmwmathutil.dll
 0002:00000118       \177libmwmathutil_NULL_THUNK_DATA 10012118     libmwmathutil:libmwmathutil.dll
 0002:0000011c       __imp__mxGetNumberOfElements 1001211c     libmx:libmx.dll
 0002:00000120       __imp__mxCreateDoubleScalar 10012120     libmx:libmx.dll
 0002:00000124       __imp__mxSetField_730      10012124     libmx:libmx.dll
 0002:00000128       __imp__mxGetString_700     10012128     libmx:libmx.dll
 0002:0000012c       __imp__mxGetElementSize    1001212c     libmx:libmx.dll
 0002:00000130       __imp__mxCreateNumericArray_700 10012130     libmx:libmx.dll
 0002:00000134       __imp__mxGetNumberOfDimensions_700 10012134     libmx:libmx.dll
 0002:00000138       __imp__mxGetDimensions_700 10012138     libmx:libmx.dll
 0002:0000013c       __imp__mxCalcSingleSubscript_700 1001213c     libmx:libmx.dll
 0002:00000140       __imp__mxCreateStructArray_700 10012140     libmx:libmx.dll
 0002:00000144       __imp__mxCreateNumericMatrix_700 10012144     libmx:libmx.dll
 0002:00000148       __imp__mxArrayClassIDName  10012148     libmx:libmx.dll
 0002:0000014c       __imp__mxGetImagData       1001214c     libmx:libmx.dll
 0002:00000150       __imp__mxGetData           10012150     libmx:libmx.dll
 0002:00000154       __imp__mxIsEmpty           10012154     libmx:libmx.dll
 0002:00000158       __imp__mxIsNaN             10012158     libmx:libmx.dll
 0002:0000015c       __imp__mxGetFieldNumber    1001215c     libmx:libmx.dll
 0002:00000160       __imp__mxCreateStructMatrix_700 10012160     libmx:libmx.dll
 0002:00000164       __imp__mxGetNumberOfFields 10012164     libmx:libmx.dll
 0002:00000168       __imp__mxGetFieldNameByNumber 10012168     libmx:libmx.dll
 0002:0000016c       __imp__mxGetFieldByNumber_700 1001216c     libmx:libmx.dll
 0002:00000170       __imp__mxSetFieldByNumber_700 10012170     libmx:libmx.dll
 0002:00000174       __imp__mxIsSparse          10012174     libmx:libmx.dll
 0002:00000178       __imp__mxGetLogicals       10012178     libmx:libmx.dll
 0002:0000017c       __imp__mxIsClass           1001217c     libmx:libmx.dll
 0002:00000180       __imp__mxIsStruct          10012180     libmx:libmx.dll
 0002:00000184       __imp__mxGetPr             10012184     libmx:libmx.dll
 0002:00000188       __imp__mxGetField_700      10012188     libmx:libmx.dll
 0002:0000018c       __imp__mxAddField          1001218c     libmx:libmx.dll
 0002:00000190       __imp__mxSetField_700      10012190     libmx:libmx.dll
 0002:00000194       __imp__mxGetClassName      10012194     libmx:libmx.dll
 0002:00000198       __imp__mxGetCell_700       10012198     libmx:libmx.dll
 0002:0000019c       __imp__mxSetCell_700       1001219c     libmx:libmx.dll
 0002:000001a0       __imp__mxCreateCellMatrix_700 100121a0     libmx:libmx.dll
 0002:000001a4       __imp__mxArrayToString     100121a4     libmx:libmx.dll
 0002:000001a8       __imp__mxFree              100121a8     libmx:libmx.dll
 0002:000001ac       __imp__mxCreateDoubleMatrix_700 100121ac     libmx:libmx.dll
 0002:000001b0       __imp__mxIsLogical         100121b0     libmx:libmx.dll
 0002:000001b4       __imp__mxGetScalar         100121b4     libmx:libmx.dll
 0002:000001b8       __imp__mxCalloc            100121b8     libmx:libmx.dll
 0002:000001bc       __imp__mxGetM              100121bc     libmx:libmx.dll
 0002:000001c0       __imp__mxGetN              100121c0     libmx:libmx.dll
 0002:000001c4       __imp__mxIsComplex         100121c4     libmx:libmx.dll
 0002:000001c8       __imp__mxIsNumeric         100121c8     libmx:libmx.dll
 0002:000001cc       __imp__mxGetClassID        100121cc     libmx:libmx.dll
 0002:000001d0       __imp__mxIsChar            100121d0     libmx:libmx.dll
 0002:000001d4       __imp__mxGetString_730     100121d4     libmx:libmx.dll
 0002:000001d8       __imp__mxDuplicateArray    100121d8     libmx:libmx.dll
 0002:000001dc       __imp__mxCreateString      100121dc     libmx:libmx.dll
 0002:000001e0       __imp__mxDestroyArray      100121e0     libmx:libmx.dll
 0002:000001e4       __imp__mxCreateStructMatrix_730 100121e4     libmx:libmx.dll
 0002:000001e8       __imp__mxCreateDoubleMatrix_730 100121e8     libmx:libmx.dll
 0002:000001ec       \177libmx_NULL_THUNK_DATA  100121ec     libmx:libmx.dll
 0002:000001f0       __imp__utCPUtime           100121f0     libut:libut.dll
 0002:000001f4       __imp__utVSNprintf         100121f4     libut:libut.dll
 0002:000001f8       \177libut_NULL_THUNK_DATA  100121f8     libut:libut.dll
 0002:000001fc       ___xc_a                    100121fc     MSVCRT:cinitexe.obj
 0002:00000200       ___xc_z                    10012200     MSVCRT:cinitexe.obj
 0002:00000204       ___xi_a                    10012204     MSVCRT:cinitexe.obj
 0002:00000210       ___xi_z                    10012210     MSVCRT:cinitexe.obj
 0002:00000218       __real@41e2224605200000    10012218     c1_sf_newtons_cradle.obj
 0002:00000220       __real@418ef4ee30000000    10012220     c1_sf_newtons_cradle.obj
 0002:00000228       __real@41b74c0eef000000    10012228     c1_sf_newtons_cradle.obj
 0002:00000230       __real@41c8637410800000    10012230     c1_sf_newtons_cradle.obj
 0002:00000238       __real@0000000000000000    10012238     c1_sf_newtons_cradle.obj
 0002:00000240       __real@4024000000000000    10012240     c1_sf_newtons_cradle.obj
 0002:00000248       __real@3ff0000000000000    10012248     c1_sf_newtons_cradle.obj
 0002:00000250       __real@401c000000000000    10012250     c1_sf_newtons_cradle.obj
 0002:00000258       __real@41e4c2561ca00000    10012258     c1_sf_newtons_cradle.obj
 0002:00000260       __real@4177d1e660000000    10012260     c1_sf_newtons_cradle.obj
 0002:00000268       __real@41dab2a0f3400000    10012268     c1_sf_newtons_cradle.obj
 0002:00000270       __real@41c97e9119000000    10012270     c1_sf_newtons_cradle.obj
 0002:00000278       __real@4000000000000000    10012278     c1_sf_newtons_cradle.obj
 0002:00000280       __real@bfe0c083126e978d    10012280     c1_sf_newtons_cradle.obj
 0002:00000288       __real@3fe0c083126e978d    10012288     c1_sf_newtons_cradle.obj
 0002:00000290       __real@400920c49ba5e354    10012290     c1_sf_newtons_cradle.obj
 0002:00000298       __real@40239eb851eb851f    10012298     c1_sf_newtons_cradle.obj
 0002:000002a0       __real@bff0000000000000    100122a0     c1_sf_newtons_cradle.obj
 0002:000002a8       __real@c0239eb851eb851f    100122a8     c1_sf_newtons_cradle.obj
 0002:000002b0       __real@41acb883f2000000    100122b0     c2_sf_newtons_cradle.obj
 0002:000002b8       __real@41e58f8915c00000    100122b8     c2_sf_newtons_cradle.obj
 0002:000002c0       __real@41e927807de00000    100122c0     c2_sf_newtons_cradle.obj
 0002:000002c8       __real@41dba81994000000    100122c8     c2_sf_newtons_cradle.obj
 0002:000002d0       __real@4171e2d7c0000000    100122d0     c2_sf_newtons_cradle.obj
 0002:000002d8       __real@41df125008800000    100122d8     c2_sf_newtons_cradle.obj
 0002:000002e0       __real@41d4814659c00000    100122e0     c2_sf_newtons_cradle.obj
 0002:000002e8       __real@41e764863d000000    100122e8     c2_sf_newtons_cradle.obj
 0002:000002f0       _DYNAMIC_DIMENSION_DEF     100122f0     sf_newtons_cradle_sfun_registry.obj
 0002:00000300       __ssBadLevel2InputAccessMsg 10012300     sf_newtons_cradle_sfun_registry.obj
 0002:00000488       __ssBadLevel2DirectFeedMsg 10012488     sf_newtons_cradle_sfun_registry.obj
 0002:000005c8       __ssBadLevel2DirectFeedSolutionMsg 100125c8     sf_newtons_cradle_sfun_registry.obj
 0002:00000638       __ssBadLevel2ZeroDirectFeedMsg 10012638     sf_newtons_cradle_sfun_registry.obj
 0002:00000778       __ssBadLevel2ZeroDirectFeedMsg2 10012778     sf_newtons_cradle_sfun_registry.obj
 0002:00000860       __real@4153d65940000000    10012860     sf_newtons_cradle_sfun_registry.obj
 0002:00000868       __real@41ed580491e00000    10012868     sf_newtons_cradle_sfun.obj
 0002:00000870       __real@41e1136292800000    10012870     sf_newtons_cradle_sfun.obj
 0002:00000878       __real@41a1a47770000000    10012878     sf_newtons_cradle_sfun.obj
 0002:00000880       __real@41c3140910800000    10012880     sf_newtons_cradle_sfun.obj
 0002:00000888       __real@41e56d761ea00000    10012888     sf_newtons_cradle_sfun.obj
 0002:00000890       __real@41e5f28d99800000    10012890     sf_newtons_cradle_sfun.obj
 0002:00000898       __real@418ebe0330000000    10012898     sf_newtons_cradle_sfun.obj
 0002:000008a0       __real@41e52fe4a4c00000    100128a0     sf_newtons_cradle_sfun.obj
 0002:000008a8       __real@41cd420d51800000    100128a8     sf_newtons_cradle_sfun.obj
 0002:000008b0       __real@41d66b1715800000    100128b0     sf_newtons_cradle_sfun.obj
 0002:000008b8       __real@41e405e368e00000    100128b8     sf_newtons_cradle_sfun.obj
 0002:000008c0       __real@41b715badb000000    100128c0     sf_newtons_cradle_sfun.obj
 0002:000008c8       __real@41db7f6821000000    100128c8     sf_newtons_cradle_sfun.obj
 0002:000008d0       __real@41e17101dc200000    100128d0     sf_newtons_cradle_sfun.obj
 0002:000008d8       __real@41e1d6a9c5000000    100128d8     sf_newtons_cradle_sfun.obj
 0002:000008e0       __real@41d1f20f93800000    100128e0     sf_newtons_cradle_sfun.obj
 0002:000008e8       ??_C@_00CNPNBAHC@?$AA@     100128e8     sfc_mexmsvc80:sfc_mex.obj
 0002:000008ec       ??_C@_05DGLCPCBN@?$CFsx?$CFd?$AA@ 100128ec     sfc_mexmsvc80:sfc_mex.obj
 0002:000008f4       ??_C@_02DPKJAMEF@?$CFd?$AA@ 100128f4     sfc_mexmsvc80:sfc_mex.obj
 0002:000008f8       __real@41f0000000000000    100128f8     sfc_mexmsvc80:sfc_mex.obj
 0002:00000900       ??_C@_0CC@DJOAOECF@Unknown?5MATLAB?5error?5encountered@ 10012900     sfc_mexmsvc80:sfc_mex.obj
 0002:00000924       ??_C@_0CJ@DAIIKGLI@?$CFs?5in?5?$CFs?5should?5never?5be?5called?5@ 10012924     sfc_mexmsvc80:sfc_mex.obj
 0002:00000950       ??_C@_0CE@ICKLNELB@Error?5calling?5MATLAB?5function?5?8?$CF@ 10012950     sfc_mexmsvc80:sfc_mex.obj
 0002:00000974       ??_C@_02DKCKIIND@?$CFs?$AA@ 10012974     sfc_mexmsvc80:sfc_mex.obj
 0002:00000978       ??_C@_07PHDIELCI@lasterr?$AA@ 10012978     sfc_mexmsvc80:sfc_mex.obj
 0002:00000980       ??_C@_09HKCBALOK@embedded?4?$AA@ 10012980     sfc_mexmsvc80:sfc_mex.obj
 0002:0000098c       ??_C@_06BNJCAIGJ@double?$AA@ 1001298c     sfc_mexmsvc80:sfc_mex.obj
 0002:00000994       ??_C@_06EJFMBPJF@single?$AA@ 10012994     sfc_mexmsvc80:sfc_mex.obj
 0002:0000099c       ??_C@_04KBDJOJNB@?$FL?$CFd?$FN?$AA@ 1001299c     sfc_mexmsvc80:sfc_mex.obj
 0002:000009a4       ??_C@_0CD@NFPEPNBJ@Cannot?5add?5field?5?$CFs?5to?5struct?5?$CFs@ 100129a4     sfc_mexmsvc80:sfc_mex.obj
 0002:000009c8       ??_C@_0CF@PLDCCEBG@Cannot?5get?5field?5?$CFs?5from?5struct?5@ 100129c8     sfc_mexmsvc80:sfc_mex.obj
 0002:000009f0       ??_C@_0CO@MFJLJCHI@Struct?5array?5?8?$CFs?8?5does?5not?5have?5@ 100129f0     sfc_mexmsvc80:sfc_mex.obj
 0002:00000a20       ??_C@_0DF@IPGEGIDM@Object?5?8?$CFs?8?5is?5not?5a?5struct?3?5can@ 10012a20     sfc_mexmsvc80:sfc_mex.obj
 0002:00000a58       ??_C@_0BL@KEKJNNL@MATLAB?5expression?5?8?$CFs?8?5?$CFs?4?$AA@ 10012a58     sfc_mexmsvc80:sfc_mex.obj
 0002:00000a78       ??_C@_0GH@JOEOEBFA@Size?5mismatch?5for?5?8?$CFs?8?5on?5dimens@ 10012a78     sfc_mexmsvc80:sfc_mex.obj
 0002:00000ae0       ??_C@_04IAGNFIBA@size?$AA@ 10012ae0     sfc_mexmsvc80:sfc_mex.obj
 0002:00000ae8       ??_C@_0DN@DNLDLJNN@is?5not?5of?5the?5correct?5class?3?5exp@ 10012ae8     sfc_mexmsvc80:sfc_mex.obj
 0002:00000b28       ??_C@_06POLMGHPK@isreal?$AA@ 10012b28     sfc_mexmsvc80:sfc_mex.obj
 0002:00000b30       ??_C@_0CC@EDDDCJDC@is?5not?5of?5the?5correct?5complexnes@ 10012b30     sfc_mexmsvc80:sfc_mex.obj
 0002:00000b54       ??_C@_0CB@POBCEEOP@is?5not?5of?5the?5correct?5sparseness@ 10012b54     sfc_mexmsvc80:sfc_mex.obj
 0002:00000b78       ??_C@_0CC@JOFDGEBC@is?5not?5of?5the?5correct?5numerictyp@ 10012b78     sfc_mexmsvc80:sfc_mex.obj
 0002:00000b9c       ??_C@_07MIMONDDE@isequal?$AA@ 10012b9c     sfc_mexmsvc80:sfc_mex.obj
 0002:00000ba4       ??_C@_0M@NAPEIPJI@numerictype?$AA@ 10012ba4     sfc_mexmsvc80:sfc_mex.obj
 0002:00000bb0       ??_C@_0BN@IMIABIKK@is?5not?5of?5the?5correct?5fimath?$AA@ 10012bb0     sfc_mexmsvc80:sfc_mex.obj
 0002:00000bd0       ??_C@_06LJOKAFHF@fimath?$AA@ 10012bd0     sfc_mexmsvc80:sfc_mex.obj
 0002:00000bd8       ??_C@_0EP@IAFBLFNF@Stateflow?5Internal?5Error?3?5?6Error@ 10012bd8     sfc_mexmsvc80:sfc_mex.obj
 0002:00000c28       ??_C@_02GFKODMMF@sf?$AA@   10012c28     sfc_mexmsvc80:sfc_mex.obj
 0002:00000c2c       ??_C@_08MJJBNONC@mxDecode?$AA@ 10012c2c     sfc_mexmsvc80:sfc_mex.obj
 0002:00000c38       ??_C@_0GH@OOBFJADG@Simulation?5stopped?5due?5to?5out?5of@ 10012c38     sfc_mexmsvc80:sfc_mex.obj
 0002:00000ca0       ??_C@_0HC@JODLBNFO@Simulation?5stopped?5due?5to?5size?5m@ 10012ca0     sfc_mexmsvc80:sfc_mex.obj
 0002:00000d18       ??_C@_0HC@PPOAOPGB@Simulation?5stopped?5due?5to?5size?5m@ 10012d18     sfc_mexmsvc80:sfc_mex.obj
 0002:00000d90       ??_C@_0JM@OFMOAAGL@Simulation?5stopped?5due?5to?5size?5m@ 10012d90     sfc_mexmsvc80:sfc_mex.obj
 0002:00000e30       ??_C@_0KC@ODCGHMPH@Simulation?5stopped?5due?5to?5size?5o@ 10012e30     sfc_mexmsvc80:sfc_mex.obj
 0002:00000ed8       ??_C@_0GO@BKNPNGBP@Subscripted?5assignment?5dimension@ 10012ed8     sfc_mexmsvc80:sfc_mex.obj
 0002:00000f48       ??_C@_0KN@DCEINFBC@Matrix?$CImatrix?$CJ?5subscript?5turned?5@ 10012f48     sfc_mexmsvc80:sfc_mex.obj
 0002:00000ff8       ??_C@_0FC@HJKNPCCF@Negative?5value?5detected?4?5Enable?5@ 10012ff8     sfc_mexmsvc80:sfc_mex.obj
 0002:0000104c       ??_C@_0DK@JJKHINMK@Overflow?5detected?4?5Enable?5debugg@ 1001304c     sfc_mexmsvc80:sfc_mex.obj
 0002:00001088       ??_C@_0EA@POIJMBCP@Divide?5by?5zero?5detected?4?5Enable?5@ 10013088     sfc_mexmsvc80:sfc_mex.obj
 0002:000010c8       ??_C@_0EK@CFEMECLL@Nonconforming?5enum?5value?5detecte@ 100130c8     sfc_mexmsvc80:sfc_mex.obj
 0002:00001114       ??_C@_0BM@PKKDALPN@MATLAB?5expression?5?8?$CFs?8?3?5?$CFs?4?$AA@ 10013114     sfc_mexmsvc80:sfc_mex.obj
 0002:00001130       ??_C@_0EF@IGDCPBDD@Size?5mismatch?5for?5MATLAB?5express@ 10013130     sfc_mexmsvc80:sfc_mex.obj
 0002:00001178       ??_C@_07JFPGMOK@fprintf?$AA@ 10013178     sfc_mexmsvc80:sfc_mex.obj
 0002:00001180       ??_C@_0FE@EHCFPDEG@In?5MATLAB?5expression?5?8?$CFs?8?0?5field@ 10013180     sfc_mexmsvc80:sfc_mex.obj
 0002:000011d4       ??_C@_0DE@IJIFCHLH@In?5MATLAB?5expression?5?8?$CFs?8?0?5field@ 100131d4     sfc_mexmsvc80:sfc_mex.obj
 0002:00001208       ??_C@_0FK@JKPMKGDE@MATLAB?5expression?5?8?$CFs?8?5does?5not?5@ 10013208     sfc_mexmsvc80:sfc_mex.obj
 0002:00001264       ??_C@_06PBJBIPGK@struct?$AA@ 10013264     sfc_mexmsvc80:sfc_mex.obj
 0002:0000126c       ??_C@_0O@NFNPPCGN@isfimathlocal?$AA@ 1001326c     sfc_mexmsvc80:sfc_mex.obj
 0002:0000127c       ??_C@_0M@MLCGNPLD@embedded?4fi?$AA@ 1001327c     sfc_mexmsvc80:sfc_mex.obj
 0002:00001288       ??_C@_0M@EGMNDJHO@?$CFs?5?$DN?5?$CF?415g?6?$AA@ 10013288     sfc_mexmsvc80:sfc_mex.obj
 0002:00001294       ??_C@_03OFAPEBGM@?$CFs?6?$AA@ 10013294     sfc_mexmsvc80:sfc_mex.obj
 0002:00001298       ??_C@_0CL@LLBJDFID@failed?5sf_assertion?5in?5?$CFs?5at?5lin@ 10013298     sfc_mexmsvc80:sfc_mex.obj
 0002:000012c8       ??_C@_0EJ@MIHEOKKA@?8?$CFs?8?3?5Array?5with?5number?5of?5dimen@ 100132c8     sfc_mexmsvc80:sfc_mex.obj
 0002:00001314       ??_C@_09JCLLFAHO@sfc_mex?4c?$AA@ 10013314     sfc_mexmsvc80:sfc_mex.obj
 0002:00001320       ??_C@_0O@FCFMOEOA@aNumDims?5?$DO?$DN?50?$AA@ 10013320     sfc_mexmsvc80:sfc_mex.obj
 0002:00001330       ??_C@_0CK@KDIMGCCA@?8?$CFs?8?3?5Sparse?5matrices?5are?5not?5su@ 10013330     sfc_mexmsvc80:sfc_mex.obj
 0002:0000135c       ??_C@_0CI@KBLJAMNB@MATLAB?5expression?5?8?$CFs?8?5is?5not?5nu@ 1001335c     sfc_mexmsvc80:sfc_mex.obj
 0002:00001384       ??_C@_0P@LCMMCGDM@aSrcMx?5?$CB?$DN?5NULL?$AA@ 10013384     sfc_mexmsvc80:sfc_mex.obj
 0002:00001398       ??_C@_0EI@HJNNACGI@Eval?5of?5MATLAB?5expression?5?8?$CFs?8?5i@ 10013398     sfc_mexmsvc80:sfc_mex.obj
 0002:000013e0       ??_C@_0DM@BJICAGGK@Stateflow?5currently?5only?5support@ 100133e0     sfc_mexmsvc80:sfc_mex.obj
 0002:0000141c       ??_C@_05LAPONLG@false?$AA@ 1001341c     sfc_mexmsvc80:sfc_mex.obj
 0002:00001424       ??_C@_03LHCJEHON@nan?$AA@  10013424     sfc_mexmsvc80:sfc_mex.obj
 0002:00001428       ??_C@_04BHIIPFEC@base?$AA@ 10013428     sfc_mexmsvc80:sfc_mex.obj
 0002:00001430       ??_C@_06PLMANNP@evalin?$AA@ 10013430     sfc_mexmsvc80:sfc_mex.obj
 0002:00001438       ??_C@_06GFECGKEO@caller?$AA@ 10013438     sfc_mexmsvc80:sfc_mex.obj
 0002:00001440       ??_C@_0CM@LOMLNLMC@Invalid?5workspace?5type?5for?5sf_ma@ 10013440     sfc_mexmsvc80:sfc_mex.obj
 0002:0000146c       ??_C@_01GBGANLPD@0?$AA@    1001346c     sfc_mexmsvc80:sfc_mex.obj
 0002:00001470       ??_C@_06FJKEMHGD@global?$AA@ 10013470     sfc_mexmsvc80:sfc_mex.obj
 0002:00001478       ??_C@_0BH@HNIMIIFD@Unknown?5workspace?5type?$AA@ 10013478     sfc_mexmsvc80:sfc_mex.obj
 0002:00001490       ??_C@_08KHPDDPHG@getfield?$AA@ 10013490     sfc_mexmsvc80:sfc_mex.obj
 0002:0000149c       ??_C@_05LPIJGKJ@Value?$AA@ 1001349c     sfc_mexmsvc80:sfc_mex.obj
 0002:000014a4       ??_C@_0DA@IPMLFPJI@MATLAB?5expression?5?8?$CFs?8?5could?5not@ 100134a4     sfc_mexmsvc80:sfc_mex.obj
 0002:000014d8       ??_C@_0EB@HHPLBHBA@Parameter?5value?5out?5of?5bounds?4?5?$CF@ 100134d8     sfc_mexmsvc80:sfc_mex.obj
 0002:0000151c       ??_C@_0CB@DBMOOMDL@Unsupported?5class?5type?5?$CFs?5for?5?$CFs@ 1001351c     sfc_mexmsvc80:sfc_mex.obj
 0002:00001540       ??_C@_0BI@OPNKAIOC@mxIsComplex?$CImxArrayPtr?$CJ?$AA@ 10013540     sfc_mexmsvc80:sfc_mex.obj
 0002:00001558       ??_C@_0GA@OFLPCMBM@Stateflow?5Runtime?5Warning?3?5Loss?5@ 10013558     sfc_mexmsvc80:sfc_mex.obj
 0002:000015b8       __real@3810000000000000    100135b8     sfc_mexmsvc80:sfc_mex.obj
 0002:000015c0       __real@47efffffe0000000    100135c0     sfc_mexmsvc80:sfc_mex.obj
 0002:000015c8       __real@c060000000000000    100135c8     sfc_mexmsvc80:sfc_mex.obj
 0002:000015d0       __real@405fc00000000000    100135d0     sfc_mexmsvc80:sfc_mex.obj
 0002:000015d8       __real@406fe00000000000    100135d8     sfc_mexmsvc80:sfc_mex.obj
 0002:000015e0       __real@c0e0000000000000    100135e0     sfc_mexmsvc80:sfc_mex.obj
 0002:000015e8       __real@40dfffc000000000    100135e8     sfc_mexmsvc80:sfc_mex.obj
 0002:000015f0       __real@40efffe000000000    100135f0     sfc_mexmsvc80:sfc_mex.obj
 0002:000015f8       __real@c1e0000000000000    100135f8     sfc_mexmsvc80:sfc_mex.obj
 0002:00001600       __real@41dfffffffc00000    10013600     sfc_mexmsvc80:sfc_mex.obj
 0002:00001608       __real@41efffffffe00000    10013608     sfc_mexmsvc80:sfc_mex.obj
 0002:00001610       ??_C@_0DE@FBNIEGAO@Class?5of?5MATLAB?5expression?5?8?$CFs?8?5@ 10013610     sfc_mexmsvc80:sfc_mex.obj
 0002:00001644       ??_C@_03BBKEAIF@?$DP?$DP?$DP?$AA@ 10013644     sfc_mexmsvc80:sfc_mex.obj
 0002:00001648       ??_C@_0DC@ECODOMID@Assignment?5of?5complex?5data?5?$CFs?5to@ 10013648     sfc_mexmsvc80:sfc_mex.obj
 0002:0000167c       ??_C@_0CF@NHFFCIEB@MATLAB?5function?5?8?$CFs?8?5returned?5NU@ 1001367c     sfc_mexmsvc80:sfc_mex.obj
 0002:000016a4       __real@4f800000            100136a4     sfc_mexmsvc80:sfc_mex.obj
 0002:000016a8       ??_C@_0GP@JPKMBIEI@Array?5bounds?5error?5in?5MATLAB?5exp@ 100136a8     sfc_mexmsvc80:sfc_mex.obj
 0002:00001718       ??_C@_0P@FLJFOPHI@pIndex?$FLi?$FN?5?$DO?$DN?50?$AA@ 10013718     sfc_mexmsvc80:sfc_mex.obj
 0002:00001728       ??_C@_0DI@IGEABFHB@MATLAB?5expression?5?8?$CFs?8?5has?5?$CFd?5di@ 10013728     sfc_mexmsvc80:sfc_mex.obj
 0002:00001760       ??_C@_0L@EFLJKPA@mxArrayPtr?$AA@ 10013760     sfc_mexmsvc80:sfc_mex.obj
 0002:0000176c       ??_C@_0CK@FHKKOEPH@numDims?5?$DO?$DN?50?5?$CG?$CG?5numDims?5?$DM?$DN?5MAX_D@ 1001376c     sfc_mexmsvc80:sfc_mex.obj
 0002:00001798       ??_C@_0EM@MPIDLJBF@MATLAB?5expression?5?8?$CFs?8?5subscript@ 10013798     sfc_mexmsvc80:sfc_mex.obj
 0002:000017e4       ??_C@_04IGKKBJEE@?$DN?$CFg?$DL?$AA@ 100137e4     sfc_mexmsvc80:sfc_mex.obj
 0002:000017ec       ??_C@_01PKGAHCOL@?$CJ?$AA@ 100137ec     sfc_mexmsvc80:sfc_mex.obj
 0002:000017f0       ??_C@_03LEIBKMN@?0?$CFd?$AA@ 100137f0     sfc_mexmsvc80:sfc_mex.obj
 0002:000017f4       ??_C@_03IECKINJK@?$CI?$CFd?$AA@ 100137f4     sfc_mexmsvc80:sfc_mex.obj
 0002:000017f8       ??_C@_0FB@HKJNNBFK@Stateflow?5ml?5type?5data?5?8?$CFs?8?5subs@ 100137f8     sfc_mexmsvc80:sfc_mex.obj
 0002:0000184c       ??_C@_0CN@HPHHCDPK@Stateflow?5ml?5type?5data?5?8?$CFs?8?5is?5n@ 1001384c     sfc_mexmsvc80:sfc_mex.obj
 0002:0000187c       ??_C@_0CG@JIOBALFE@Stateflow?5ml?5type?5data?5?8?$CFs?8?5is?5e@ 1001387c     sfc_mexmsvc80:sfc_mex.obj
 0002:000018a4       ??_C@_0BD@GAHDCPBG@mxArrayPtr?5?$CB?$DN?5NULL?$AA@ 100138a4     sfc_mexmsvc80:sfc_mex.obj
 0002:000018b8       ??_C@_0CF@HCINMAFF@result?5?$DN?5mxCreateDoubleScalar?$CIva@ 100138b8     sfc_mexmsvc80:sfc_mex.obj
 0002:000018e0       ??_C@_0BF@GAJKLFOH@fixpt_lower_mx_array?$AA@ 100138e0     sfc_mexmsvc80:sfc_mex.obj
 0002:000018f8       ??_C@_02FINOOIBE@Cg?$AA@   100138f8     sfc_mexmsvc80:sfc_mex.obj
 0002:000018fc       ??_C@_09GIFEIFFL@sfprivate?$AA@ 100138fc     sfc_mexmsvc80:sfc_sf.obj
 0002:00001908       ??_C@_0CC@JDELABLI@get_machine_and_chart_file_numbe@ 10013908     sfc_mexmsvc80:sfc_sf.obj
 0002:0000192c       ??_C@_0BO@JCKKMPIB@get_sfun_block_specialization?$AA@ 1001392c     sfc_mexmsvc80:sfc_sf.obj
 0002:00001950       ??_C@_0FP@OGBKADON@The?5chart?5name?5?4?4?4?$CFs?5is?5not?5pres@ 10013950     sfc_mexmsvc80:sfc_sf.obj
 0002:000019b0       ??_C@_0FM@KEMGDKHM@The?5chart?5name?5?$CFs?5is?5not?5present@ 100139b0     sfc_mexmsvc80:sfc_sf.obj
 0002:00001a0c       ??_C@_0BD@NMFAPBEK@mdlInitializeSizes?$AA@ 10013a0c     sfc_mexmsvc80:sfc_sf.obj
 0002:00001a20       ??_C@_06EJFCAODB@sfc_sf?$AA@ 10013a20     sfc_mexmsvc80:sfc_sf.obj
 0002:00001a28       ??_C@_0BJ@PBIFPMMD@mdlInitializeSampleTimes?$AA@ 10013a28     sfc_mexmsvc80:sfc_sf.obj
 0002:00001a48       ??_C@_0JD@GBCPGGD@Stateflow?5Internal?5Error?3?5?6rtw_o@ 10013a48     sfc_mexmsvc80:sfc_sf.obj
 0002:00001ae0       ??_C@_0HB@BIMCDDAL@Stateflow?5Internal?5Error?3?5?6Error@ 10013ae0     sfc_mexmsvc80:sfc_sf.obj
 0002:00001b54       ??_C@_0BG@PNKGMGHF@rtw_optimization_info?$AA@ 10013b54     sfc_mexmsvc80:sfc_sf.obj
 0002:00001b6c       ??_C@_07CFINJGKH@Private?$AA@ 10013b6c     sfc_mexmsvc80:sfc_sf.obj
 0002:00001b74       ??_C@_0BA@PHPHFLPF@chart_inlinable?$AA@ 10013b74     sfc_mexmsvc80:sfc_sf.obj
 0002:00001b88       ??_C@_0MF@FGJMMBFO@Stateflow?5Internal?5Error?3?5?6Numbe@ 10013b88     sfc_mexmsvc80:sfc_sf.obj
 0002:00001c50       ??_C@_0CA@GOKFFBBO@outputEventsWithMultipleCallers?$AA@ 10013c50     sfc_mexmsvc80:sfc_sf.obj
 0002:00001c70       ??_C@_0LL@PAHBOILO@Stateflow?5Internal?5Error?3?5?6Numbe@ 10013c70     sfc_mexmsvc80:sfc_sf.obj
 0002:00001d2c       ??_C@_0BB@GEEDBOGK@reusable_outputs?$AA@ 10013d2c     sfc_mexmsvc80:sfc_sf.obj
 0002:00001d40       ??_C@_0II@FEBCOBGA@Stateflow?5Internal?5Error?3?5?6Numbe@ 10013d40     sfc_mexmsvc80:sfc_sf.obj
 0002:00001dc8       ??_C@_0BG@HMMHPAKE@expressionable_inputs?$AA@ 10013dc8     sfc_mexmsvc80:sfc_sf.obj
 0002:00001de0       ??_C@_01CELHOKLL@?$HN?$AA@ 10013de0     sfc_mexmsvc80:sfc_sf.obj
 0002:00001de4       ??_C@_0BA@OMJBIEIL@SymbolMapping?5?$HL?$AA@ 10013de4     sfc_mexmsvc80:sfc_sf.obj
 0002:00001df4       ??_C@_07MMIKLHCA@defines?$AA@ 10013df4     sfc_mexmsvc80:sfc_sf.obj
 0002:00001dfc       ??_C@_09CEAIPAHE@functions?$AA@ 10013dfc     sfc_mexmsvc80:sfc_sf.obj
 0002:00001e08       ??_C@_09PNCJPHGM@sfSymbols?$AA@ 10013e08     sfc_mexmsvc80:sfc_sf.obj
 0002:00001e14       ??_C@_0BB@MBBOKNEL@listen_for_ctrlc?$AA@ 10013e14     sfc_mexmsvc80:sfc_sf.obj
 0002:00001e28       ??_C@_03LOANPFAI@mex?$AA@  10013e28     sfc_mexmsvc80:sfc_sf.obj
 0002:00001e2c       ??_C@_07HLHKBCBI@sfdebug?$AA@ 10013e2c     sfc_mexmsvc80:sfc_sf.obj
 0002:00001e34       ??_C@_07MFNNEMOJ@drawnow?$AA@ 10013e34     sfc_mexmsvc80:sfc_sf.obj
 0002:00001e40       __real@3fd3333333333333    10013e40     sfc_mexmsvc80:sfc_sf.obj
 0002:00001e48       ??_C@_0DG@OJBAPEMA@Internal?5Error?3?5paramsIndex?5?$DN?5?$CFd@ 10013e48     sfc_mexmsvc80:sfc_sf.obj
 0002:00001e80       ??_C@_0BAI@GPDPHGCD@Cannot?5broadcast?5function?5call?5o@ 10013e80     sfc_mexmsvc80:sfc_sf.obj
 0002:00001f88       ??_C@_0BBC@NGKHEJAF@Cannot?5enable?1disable?5function?5c@ 10013f88     sfc_mexmsvc80:sfc_sf.obj
 0002:0000209c       ??_C@_08HDNBGBNP@bitWidth?$AA@ 1001409c     sfc_mexmsvc80:sfc_sf.obj
 0002:000020a8       ??_C@_0BG@MDDFDLDC@resolveToSignalObject?$AA@ 100140a8     sfc_mexmsvc80:sfc_sf.obj
 0002:000020c0       ??_C@_07KHBFOCMF@varName?$AA@ 100140c0     sfc_mexmsvc80:sfc_sf.obj
 0002:000020c8       ??_C@_09LHPHPAOE@isComplex?$AA@ 100140c8     sfc_mexmsvc80:sfc_sf.obj
 0002:000020d4       ??_C@_08MLIGMCAH@typeSize?$AA@ 100140d4     sfc_mexmsvc80:sfc_sf.obj
 0002:000020e0       ??_C@_0CM@OAMAJMIG@Failed?5to?5register?5type?5?8?$CFs?8?5wit@ 100140e0     sfc_mexmsvc80:sfc_sf.obj
 0002:0000210c       ??_C@_04NBAGBPGE@bias?$AA@ 1001410c     sfc_mexmsvc80:sfc_sf.obj
 0002:00002114       ??_C@_08EGJNFMPO@exponent?$AA@ 10014114     sfc_mexmsvc80:sfc_sf.obj
 0002:00002120       ??_C@_05LAHHKLJI@slope?$AA@ 10014120     sfc_mexmsvc80:sfc_sf.obj
 0002:00002128       ??_C@_0L@EMMELFNN@wordLength?$AA@ 10014128     sfc_mexmsvc80:sfc_sf.obj
 0002:00002134       ??_C@_08EJEJGLGA@isSigned?$AA@ 10014134     sfc_mexmsvc80:sfc_sf.obj
 0002:00002140       ??_C@_05LFJLPLPG@fixpt?$AA@ 10014140     sfc_mexmsvc80:sfc_sf.obj
 0002:00002148       ??_C@_07GOBOHMJA@boolean?$AA@ 10014148     sfc_mexmsvc80:sfc_sf.obj
 0002:00002150       ??_C@_06PKDKHAMA@uint32?$AA@ 10014150     sfc_mexmsvc80:sfc_sf.obj
 0002:00002158       ??_C@_05GIMEPBJB@int32?$AA@ 10014158     sfc_mexmsvc80:sfc_sf.obj
 0002:00002160       ??_C@_06JNNCGBKK@uint16?$AA@ 10014160     sfc_mexmsvc80:sfc_sf.obj
 0002:00002168       ??_C@_05PCMOAPL@int16?$AA@ 10014168     sfc_mexmsvc80:sfc_sf.obj
 0002:00002170       ??_C@_05BOGOCLFF@uint8?$AA@ 10014170     sfc_mexmsvc80:sfc_sf.obj
 0002:00002178       ??_C@_04DCGBOBJJ@int8?$AA@ 10014178     sfc_mexmsvc80:sfc_sf.obj
 0002:00002180       ??_C@_04GPMDFGEJ@type?$AA@ 10014180     sfc_mexmsvc80:sfc_sf.obj
 0002:00002188       ??_C@_0O@EIPJLOAA@extModeUpload?$AA@ 10014188     sfc_mexmsvc80:sfc_sf.obj
 0002:00002198       ??_C@_03PLHFFLIH@ptr?$AA@  10014198     sfc_mexmsvc80:sfc_sf.obj
 0002:0000219c       ??_C@_0BC@HMCIKMPA@requiredStackSize?$AA@ 1001419c     sfc_mexmsvc80:sfc_sf.obj
 0002:000021b0       ??_C@_0CB@OCGIMAKA@RegisterMachineParentedDataDwork@ 100141b0     sfc_mexmsvc80:sfc_sf.obj
 0002:000021d4       ??_C@_0BD@LFPAKDFC@machineDataVarInfo?$AA@ 100141d4     sfc_mexmsvc80:sfc_sf.obj
 0002:000021e8       ??_C@_09GAJBGLOB@dworkInfo?$AA@ 100141e8     sfc_mexmsvc80:sfc_sf.obj
 0002:000021f4       __pRawDllMain              100141f4     MSVCRT:crtdll.obj
 0002:000021f4       __pDefaultRawDllMain       100141f4     MSVCRT:crtdll.obj
 0002:00002200       ?ProcessDetach@NativeDll@<CrtImplementationDetails>@@0IB 10014200     MSVCRT:tncleanup.obj
 0002:00002204       ?ProcessAttach@NativeDll@<CrtImplementationDetails>@@0IB 10014204     MSVCRT:tncleanup.obj
 0002:00002208       ?ThreadAttach@NativeDll@<CrtImplementationDetails>@@0IB 10014208     MSVCRT:tncleanup.obj
 0002:0000220c       ?ThreadDetach@NativeDll@<CrtImplementationDetails>@@0IB 1001420c     MSVCRT:tncleanup.obj
 0002:00002210       ?ProcessVerifier@NativeDll@<CrtImplementationDetails>@@0IB 10014210     MSVCRT:tncleanup.obj
 0002:00002218       __load_config_used         10014218     MSVCRT:loadcfg.obj
 0002:00002260       ___safe_se_handler_table   10014260     <linker-defined>
 0002:00002264       ___rtc_iaa                 10014264     MSVCRT:_initsect_.obj
 0002:00002268       ___rtc_izz                 10014268     MSVCRT:_initsect_.obj
 0002:0000226c       ___rtc_taa                 1001426c     MSVCRT:_initsect_.obj
 0002:00002270       ___rtc_tzz                 10014270     MSVCRT:_initsect_.obj
 0002:000022fc       __IMPORT_DESCRIPTOR_libmx  100142fc     libmx:libmx.dll
 0002:00002310       __IMPORT_DESCRIPTOR_libmex 10014310     libmex:libmex.dll
 0002:00002324       __IMPORT_DESCRIPTOR_libfixedpoint 10014324     libfixedpoint:libfixedpoint.dll
 0002:00002338       __IMPORT_DESCRIPTOR_libut  10014338     libut:libut.dll
 0002:0000234c       __IMPORT_DESCRIPTOR_libmwmathutil 1001434c     libmwmathutil:libmwmathutil.dll
 0002:00002360       __IMPORT_DESCRIPTOR_libemlrt 10014360     libemlrt:libemlrt.dll
 0002:00002374       __IMPORT_DESCRIPTOR_MSVCR90 10014374     MSVCRT:MSVCR90.dll
 0002:00002388       __IMPORT_DESCRIPTOR_KERNEL32 10014388     kernel32:KERNEL32.dll
 0002:0000239c       __NULL_IMPORT_DESCRIPTOR   1001439c     libmx:libmx.dll
 0003:00000c6c       _DYNAMIC_DIMENSION         10015c6c     sf_newtons_cradle_sfun_registry.obj
 0003:0000187c       _emlrtContextGlobal        1001687c     sfc_mexmsvc80:sfc_mex.obj
 0003:000018a0       ___security_cookie         100168a0     MSVCRT:gs_cookie.obj
 0003:000018a4       ___security_cookie_complement 100168a4     MSVCRT:gs_cookie.obj
 0003:000018b0       ___native_dllmain_reason   100168b0     MSVCRT:natstart.obj
 0003:000018b4       ___native_vcclrit_reason   100168b4     MSVCRT:natstart.obj
 0003:00002dd4       ?__type_info_root_node@@3U__type_info_node@@A 10017dd4     MSVCRT:tncleanup.obj
 0003:00002de0       __sfTime_                  10017de0     <common>
 0003:00002de8       __sfEvent_                 10017de8     <common>
 0003:00002dec       __adjust_fdiv              10017dec     <common>
 0003:00002df0       ___native_startup_state    10017df0     <common>
 0003:00002df4       ___native_startup_lock     10017df4     <common>
 0003:00002df8       ___onexitend               10017df8     <common>
 0003:00002dfc       ___onexitbegin             10017dfc     <common>
 0003:00002e00       ___sse2_available          10017e00     <common>
 0003:00002e04       ___dyn_tls_init_callback   10017e04     <common>

 entry point at        0001:0000fa54

 Static symbols

 0001:00000420       _mdlProcessParameters_c1_sf_newtons_cradle 10001420 f   c1_sf_newtons_cradle.obj
 0001:000004c0       _initialize_params_c1_sf_newtons_cradle 100014c0 f   c1_sf_newtons_cradle.obj
 0001:000004d0       _mdlSetWorkWidths_c1_sf_newtons_cradle 100014d0 f   c1_sf_newtons_cradle.obj
 0001:00000740       _mdlStart_c1_sf_newtons_cradle 10001740 f   c1_sf_newtons_cradle.obj
 0001:000008c0       _init_dsm_address_info     100018c0 f   c1_sf_newtons_cradle.obj
 0001:000008d0       _sf_get_sim_state_info_c1_sf_newtons_cradle 100018d0 f   c1_sf_newtons_cradle.obj
 0001:00000970       _sf_opaque_initialize_c1_sf_newtons_cradle 10001970 f   c1_sf_newtons_cradle.obj
 0001:00000990       _initialize_c1_sf_newtons_cradle 10001990 f   c1_sf_newtons_cradle.obj
 0001:00000b80       _sf_opaque_enable_c1_sf_newtons_cradle 10001b80 f   c1_sf_newtons_cradle.obj
 0001:00000ba0       _enable_c1_sf_newtons_cradle 10001ba0 f   c1_sf_newtons_cradle.obj
 0001:00000bc0       _sf_opaque_disable_c1_sf_newtons_cradle 10001bc0 f   c1_sf_newtons_cradle.obj
 0001:00000be0       _disable_c1_sf_newtons_cradle 10001be0 f   c1_sf_newtons_cradle.obj
 0001:00000c00       _sf_opaque_zeroCrossings_c1_sf_newtons_cradle 10001c00 f   c1_sf_newtons_cradle.obj
 0001:00000c20       _zeroCrossings_c1_sf_newtons_cradle 10001c20 f   c1_sf_newtons_cradle.obj
 0001:00000d20       _sf_opaque_outputs_c1_sf_newtons_cradle 10001d20 f   c1_sf_newtons_cradle.obj
 0001:00000d40       _outputs_c1_sf_newtons_cradle 10001d40 f   c1_sf_newtons_cradle.obj
 0001:00000df0       _sf_opaque_derivatives_c1_sf_newtons_cradle 10001df0 f   c1_sf_newtons_cradle.obj
 0001:00000e10       _derivatives_c1_sf_newtons_cradle 10001e10 f   c1_sf_newtons_cradle.obj
 0001:00000f10       _sf_opaque_gateway_c1_sf_newtons_cradle 10001f10 f   c1_sf_newtons_cradle.obj
 0001:00000f30       _sf_c1_sf_newtons_cradle   10001f30 f   c1_sf_newtons_cradle.obj
 0001:00001140       _c1_set_sim_state_side_effects_c1_sf_newtons_cradle 10002140 f   c1_sf_newtons_cradle.obj
 0001:00001160       _sf_opaque_get_sim_state_c1_sf_newtons_cradle 10002160 f   c1_sf_newtons_cradle.obj
 0001:00001180       _sf_internal_get_sim_state_c1_sf_newtons_cradle 10002180 f   c1_sf_newtons_cradle.obj
 0001:00001250       _get_sim_state_c1_sf_newtons_cradle 10002250 f   c1_sf_newtons_cradle.obj
 0001:00001290       _c1_emlrt_marshallOut      10002290 f   c1_sf_newtons_cradle.obj
 0001:00001480       _c1_b_emlrt_marshallOut    10002480 f   c1_sf_newtons_cradle.obj
 0001:000014d0       _c1_c_emlrt_marshallOut    100024d0 f   c1_sf_newtons_cradle.obj
 0001:00001520       _sf_opaque_set_sim_state_c1_sf_newtons_cradle 10002520 f   c1_sf_newtons_cradle.obj
 0001:00001540       _sf_internal_set_sim_state_c1_sf_newtons_cradle 10002540 f   c1_sf_newtons_cradle.obj
 0001:00001640       _set_sim_state_c1_sf_newtons_cradle 10002640 f   c1_sf_newtons_cradle.obj
 0001:00001680       _c1_emlrt_marshallIn       10002680 f   c1_sf_newtons_cradle.obj
 0001:000018d0       _c1_b_emlrt_marshallIn     100028d0 f   c1_sf_newtons_cradle.obj
 0001:00001940       _c1_c_emlrt_marshallIn     10002940 f   c1_sf_newtons_cradle.obj
 0001:00001990       _c1_d_emlrt_marshallIn     10002990 f   c1_sf_newtons_cradle.obj
 0001:000019d0       _sf_opaque_terminate_c1_sf_newtons_cradle 100029d0 f   c1_sf_newtons_cradle.obj
 0001:00001a40       _finalize_c1_sf_newtons_cradle 10002a40 f   c1_sf_newtons_cradle.obj
 0001:00001a60       _mdlRTW_c1_sf_newtons_cradle 10002a60 f   c1_sf_newtons_cradle.obj
 0001:00001de0       _mdlProcessParameters_c2_sf_newtons_cradle 10002de0 f   c2_sf_newtons_cradle.obj
 0001:00001e80       _initialize_params_c2_sf_newtons_cradle 10002e80 f   c2_sf_newtons_cradle.obj
 0001:00001e90       _mdlSetWorkWidths_c2_sf_newtons_cradle 10002e90 f   c2_sf_newtons_cradle.obj
 0001:00002100       _mdlStart_c2_sf_newtons_cradle 10003100 f   c2_sf_newtons_cradle.obj
 0001:00002270       _init_dsm_address_info     10003270 f   c2_sf_newtons_cradle.obj
 0001:00002280       _sf_get_sim_state_info_c2_sf_newtons_cradle 10003280 f   c2_sf_newtons_cradle.obj
 0001:00002320       _sf_opaque_initialize_c2_sf_newtons_cradle 10003320 f   c2_sf_newtons_cradle.obj
 0001:00002340       _initialize_c2_sf_newtons_cradle 10003340 f   c2_sf_newtons_cradle.obj
 0001:00002380       _sf_opaque_enable_c2_sf_newtons_cradle 10003380 f   c2_sf_newtons_cradle.obj
 0001:000023a0       _enable_c2_sf_newtons_cradle 100033a0 f   c2_sf_newtons_cradle.obj
 0001:000023c0       _sf_opaque_disable_c2_sf_newtons_cradle 100033c0 f   c2_sf_newtons_cradle.obj
 0001:000023e0       _disable_c2_sf_newtons_cradle 100033e0 f   c2_sf_newtons_cradle.obj
 0001:00002400       _sf_opaque_gateway_c2_sf_newtons_cradle 10003400 f   c2_sf_newtons_cradle.obj
 0001:00002420       _sf_c2_sf_newtons_cradle   10003420 f   c2_sf_newtons_cradle.obj
 0001:00002500       _c2_set_sim_state_side_effects_c2_sf_newtons_cradle 10003500 f   c2_sf_newtons_cradle.obj
 0001:00002520       _sf_opaque_get_sim_state_c2_sf_newtons_cradle 10003520 f   c2_sf_newtons_cradle.obj
 0001:00002540       _sf_internal_get_sim_state_c2_sf_newtons_cradle 10003540 f   c2_sf_newtons_cradle.obj
 0001:00002610       _get_sim_state_c2_sf_newtons_cradle 10003610 f   c2_sf_newtons_cradle.obj
 0001:00002710       _sf_opaque_set_sim_state_c2_sf_newtons_cradle 10003710 f   c2_sf_newtons_cradle.obj
 0001:00002730       _sf_internal_set_sim_state_c2_sf_newtons_cradle 10003730 f   c2_sf_newtons_cradle.obj
 0001:00002830       _set_sim_state_c2_sf_newtons_cradle 10003830 f   c2_sf_newtons_cradle.obj
 0001:00002900       _c2_emlrt_marshallIn       10003900 f   c2_sf_newtons_cradle.obj
 0001:00002950       _c2_b_emlrt_marshallIn     10003950 f   c2_sf_newtons_cradle.obj
 0001:00002990       _sf_opaque_terminate_c2_sf_newtons_cradle 10003990 f   c2_sf_newtons_cradle.obj
 0001:00002a00       _finalize_c2_sf_newtons_cradle 10003a00 f   c2_sf_newtons_cradle.obj
 0001:00002a20       _mdlRTW_c2_sf_newtons_cradle 10003a20 f   c2_sf_newtons_cradle.obj
 0001:00003c80       __ssFatalError             10004c80 f   sf_newtons_cradle_sfun_registry.obj
 0001:00005fe0       _ProcessMexSfunctionCmdLineCall 10006fe0 f   sf_newtons_cradle_sfun_registry.obj
 0001:00006080       _mdlGetTimeOfNextVarHit    10007080 f   sf_newtons_cradle_sfun_registry.obj
 0001:000060c0       __ProcessMexSfunctionCmdLineCall 100070c0 f   sf_newtons_cradle_sfun_registry.obj
 0001:00006680       __CreateSimStruct          10007680 f   sf_newtons_cradle_sfun_registry.obj
 0001:000067b0       __RegNumInputPortsCB       100077b0 f   sf_newtons_cradle_sfun_registry.obj
 0001:00006810       __RegNumOutputPortsCB      10007810 f   sf_newtons_cradle_sfun_registry.obj
 0001:000068c0       _sf_machine_load_sfunction_ptrs 100078c0 f   sf_newtons_cradle_sfun_registry.obj
 0001:00006fd0       _SNPRINTF_WRAPPER          10007fd0 f   sfc_mexmsvc80:sfc_mex.obj
 0001:00006ff0       _convert_dims_to_string    10007ff0 f   sfc_mexmsvc80:sfc_mex.obj
 0001:000071c0       _is_real_T_equal_to_double 100081c0 f   sfc_mexmsvc80:sfc_mex.obj
 0001:000071e0       _is_real32_T_equal_to_double 100081e0 f   sfc_mexmsvc80:sfc_mex.obj
 0001:000071f0       _is_mxLogical_equal_to_double 100081f0 f   sfc_mexmsvc80:sfc_mex.obj
 0001:00007220       _is_int8_T_equal_to_double 10008220 f   sfc_mexmsvc80:sfc_mex.obj
 0001:00007250       _is_uint8_T_equal_to_double 10008250 f   sfc_mexmsvc80:sfc_mex.obj
 0001:00007280       _is_int16_T_equal_to_double 10008280 f   sfc_mexmsvc80:sfc_mex.obj
 0001:000072b0       _is_uint16_T_equal_to_double 100082b0 f   sfc_mexmsvc80:sfc_mex.obj
 0001:000072e0       _is_int32_T_equal_to_double 100082e0 f   sfc_mexmsvc80:sfc_mex.obj
 0001:00007300       _is_uint32_T_equal_to_double 10008300 f   sfc_mexmsvc80:sfc_mex.obj
 0001:00007330       _is_char_T_equal_to_double 10008330 f   sfc_mexmsvc80:sfc_mex.obj
 0001:00007360       _sf_zero_numeric_value     10008360 f   sfc_mexmsvc80:sfc_mex.obj
 0001:00007390       _sf_error_append_debugger_context_if_available 10008390 f   sfc_mexmsvc80:sfc_mex.obj
 0001:00007430       _sf_mex_get_error_message_for_write 10008430 f   sfc_mexmsvc80:sfc_mex.obj
 0001:00007460       _replace_single_quotes_by_doubled_quotes 10008460 f   sfc_mexmsvc80:sfc_mex.obj
 0001:00007670       _sf_mex_get_formatted_error_string 10008670 f   sfc_mexmsvc80:sfc_mex.obj
 0001:00007970       _sf_mex_destroy_array      10008970 f   sfc_mexmsvc80:sfc_mex.obj
 0001:00007b20       _sfrtAddSize               10008b20 f   sfc_mexmsvc80:sfc_mex.obj
 0001:00007bd0       _sfrtGenSizeString         10008bd0 f   sfc_mexmsvc80:sfc_mex.obj
 0001:00007c00       _sfIsProperMatrix          10008c00 f   sfc_mexmsvc80:sfc_mex.obj
 0001:00007c30       _sfIsRowVector             10008c30 f   sfc_mexmsvc80:sfc_mex.obj
 0001:00007f10       _sf_mex_err                10008f10 f   sfc_mexmsvc80:sfc_mex.obj
 0001:00007f20       _sf_error_dimension_out_of_bound 10008f20 f   sfc_mexmsvc80:sfc_mex.obj
 0001:00007f40       _sf_mex_check_and_set_actual_dimensions 10008f40 f   sfc_mexmsvc80:sfc_mex.obj
 0001:000087d0       _size_mismatch_error       100097d0 f   sfc_mexmsvc80:sfc_mex.obj
 0001:00008e40       _check_array_dimensions    10009e40 f   sfc_mexmsvc80:sfc_mex.obj
 0001:00008e90       _check_input_mxarray       10009e90 f   sfc_mexmsvc80:sfc_mex.obj
 0001:00009420       _sf_numeric_value_to_double 1000a420 f   sfc_mexmsvc80:sfc_mex.obj
 0001:00009460       _ml_generic_out_of_bounds_check 1000a460 f   sfc_mexmsvc80:sfc_mex.obj
 0001:00009550       _ml_get_element_value_from_array 1000a550 f   sfc_mexmsvc80:sfc_mex.obj
 0001:00009900       __ml_generic_castability_check 1000a900 f   sfc_mexmsvc80:sfc_mex.obj
 0001:00009dc0       _ml_generic_castability_check 1000adc0 f   sfc_mexmsvc80:sfc_mex.obj
 0001:00009e20       _ml_check_mx_array_for_single_castability 1000ae20 f   sfc_mexmsvc80:sfc_mex.obj
 0001:00009f50       _ml_check_mx_array_for_logical_castability 1000af50 f   sfc_mexmsvc80:sfc_mex.obj
 0001:00009fb0       _ml_check_mx_array_for_int8_castability 1000afb0 f   sfc_mexmsvc80:sfc_mex.obj
 0001:0000a040       _ml_check_mx_array_for_uint8_castability 1000b040 f   sfc_mexmsvc80:sfc_mex.obj
 0001:0000a1f0       _ml_check_mx_array_for_int16_castability 1000b1f0 f   sfc_mexmsvc80:sfc_mex.obj
 0001:0000a3a0       _ml_check_mx_array_for_uint16_castability 1000b3a0 f   sfc_mexmsvc80:sfc_mex.obj
 0001:0000a6b0       _ml_check_mx_array_for_int32_castability 1000b6b0 f   sfc_mexmsvc80:sfc_mex.obj
 0001:0000a990       _ml_check_mx_array_for_uint32_castability 1000b990 f   sfc_mexmsvc80:sfc_mex.obj
 0001:0000aca0       _ml_check_mx_array_for_castability 1000bca0 f   sfc_mexmsvc80:sfc_mex.obj
 0001:0000b1d0       _set_data_value            1000c1d0 f   sfc_mexmsvc80:sfc_mex.obj
 0001:0000b6a0       _get_data_value            1000c6a0 f   sfc_mexmsvc80:sfc_mex.obj
 0001:0000b7a0       _get_next_element_address  1000c7a0 f   sfc_mexmsvc80:sfc_mex.obj
 0001:0000b840       _sf_normalize_index        1000c840 f   sfc_mexmsvc80:sfc_mex.obj
 0001:0000bad0       _ml_array_index_bound_check 1000cad0 f   sfc_mexmsvc80:sfc_mex.obj
 0001:0000c370       _mx_value                  1000d370 f   sfc_mexmsvc80:sfc_mex.obj
 0001:0000c3c0       _sf_create_numeric_array   1000d3c0 f   sfc_mexmsvc80:sfc_mex.obj
 0001:0000c440       _sf_mex_assign_to_mx_array 1000d440 f   sfc_mexmsvc80:sfc_mex.obj
 0001:0000c670       _assign_from_mx_array      1000d670 f   sfc_mexmsvc80:sfc_mex.obj
 0001:0000d130       _get_machine_and_chart_file_number 1000e130 f   sfc_mexmsvc80:sfc_sf.obj
 0001:0000d1f0       _get_sfun_block_specialization 1000e1f0 f   sfc_mexmsvc80:sfc_sf.obj
 0001:0000d250       _call_sf_machine_global_method_dispatcher 1000e250 f   sfc_mexmsvc80:sfc_sf.obj
 0001:0000d3d0       _mdl_zeroCrossings_processing 1000e3d0 f   sfc_mexmsvc80:sfc_sf.obj
 0001:0000d480       _mdl_derivatives_processing 1000e480 f   sfc_mexmsvc80:sfc_sf.obj
 0001:0000d700       _mdl_outputs_continuous_legacy 1000e700 f   sfc_mexmsvc80:sfc_sf.obj
 0001:0000d780       _mdl_outputs_processing    1000e780 f   sfc_mexmsvc80:sfc_sf.obj
 0001:0000d9e0       _mdl_enable_processing     1000e9e0 f   sfc_mexmsvc80:sfc_sf.obj
 0001:0000da90       _mdl_disable_processing    1000ea90 f   sfc_mexmsvc80:sfc_sf.obj
 0001:0000e100       _write_symbol_mapping      1000f100 f   sfc_mexmsvc80:sfc_sf.obj
 0001:0000e720       _sf_call_output_fcn_enable_disable 1000f720 f   sfc_mexmsvc80:sfc_sf.obj
 0001:0000e940       _set_dwork_information_from_mx_array 1000f940 f   sfc_mexmsvc80:sfc_sf.obj
 0001:0000f110       _get_dwork_info_from_mat_file 10010110 f   sfc_mexmsvc80:sfc_sf.obj
 0001:0000f1f0       _ptr2mxStruct              100101f0 f   sfc_mexmsvc80:sfc_sf.obj
 0001:0000f6c9       _pre_c_init                100106c9 f   MSVCRT:crtdll.obj
 0001:0000f93e       ___DllMainCRTStartup       1001093e f   MSVCRT:crtdll.obj
 0001:0000fbd0       _has_osfxsr_set            10010bd0 f   MSVCRT:cpu_disp.obj
