 ODE_Hand_Model_v08_IPC_v01_sfun

 Timestamp is 508ebcac (Mon Oct 29 19:28:12 2012)

 Preferred load address is 10000000

 Start         Length     Name                   Class
 0001:00000000 0002c358H .text                   CODE
 0002:00000000 00000214H .idata$5                DATA
 0002:00000214 00000004H .CRT$XCA                DATA
 0002:00000218 00000004H .CRT$XCZ                DATA
 0002:0000021c 00000004H .CRT$XIA                DATA
 0002:00000220 00000004H .CRT$XIAA               DATA
 0002:00000224 00000004H .CRT$XIC                DATA
 0002:00000228 00000004H .CRT$XIZ                DATA
 0002:00000230 00003fe8H .rdata                  DATA
 0002:00004220 00000004H .rdata$sxdata           DATA
 0002:00004224 00000004H .rtc$IAA                DATA
 0002:00004228 00000004H .rtc$IZZ                DATA
 0002:0000422c 00000004H .rtc$TAA                DATA
 0002:00004230 00000004H .rtc$TZZ                DATA
 0002:00004238 00000084H .xdata$x                DATA
 0002:000042bc 0000008cH .idata$2                DATA
 0002:00004348 00000014H .idata$3                DATA
 0002:0000435c 00000214H .idata$4                DATA
 0002:00004570 0000094cH .idata$6                DATA
 0002:00004ec0 00000065H .edata                  DATA
 0003:00000000 00002168H .data                   DATA
 0003:00002180 0000232cH .bss                    DATA

  Address         Publics by Value              Rva+Base       Lib:Object

 0000:00000000       __except_list              00000000     <absolute>
 0000:00000001       ___safe_se_handler_count   00000001     <absolute>
 0000:00009876       __ldused                   00009876     <absolute>
 0000:00009876       __fltused                  00009876     <absolute>
 0000:00000000       ___ImageBase               10000000     <linker-defined>
 0001:00000000       _sf_c1_ODE_Hand_Model_v08_IPC_v01_get_eml_resolved_functions_info 10001000 f   c1_ODE_Hand_Model_v08_IPC_v01.obj
 0001:00000050       _sf_c1_ODE_Hand_Model_v08_IPC_v01_get_check_sum 10001050 f   c1_ODE_Hand_Model_v08_IPC_v01.obj
 0001:000000b0       _sf_c1_ODE_Hand_Model_v08_IPC_v01_get_autoinheritance_info 100010b0 f   c1_ODE_Hand_Model_v08_IPC_v01.obj
 0001:000003e0       _c1_ODE_Hand_Model_v08_IPC_v01_method_dispatcher 100013e0 f   c1_ODE_Hand_Model_v08_IPC_v01.obj
 0001:00001a10       _sf_c2_ODE_Hand_Model_v08_IPC_v01_get_eml_resolved_functions_info 10002a10 f   c2_ODE_Hand_Model_v08_IPC_v01.obj
 0001:00001a60       _sf_c2_ODE_Hand_Model_v08_IPC_v01_get_check_sum 10002a60 f   c2_ODE_Hand_Model_v08_IPC_v01.obj
 0001:00001ac0       _sf_c2_ODE_Hand_Model_v08_IPC_v01_get_autoinheritance_info 10002ac0 f   c2_ODE_Hand_Model_v08_IPC_v01.obj
 0001:00001df0       _c2_ODE_Hand_Model_v08_IPC_v01_method_dispatcher 10002df0 f   c2_ODE_Hand_Model_v08_IPC_v01.obj
 0001:00003410       _sf_c3_ODE_Hand_Model_v08_IPC_v01_get_eml_resolved_functions_info 10004410 f   c3_ODE_Hand_Model_v08_IPC_v01.obj
 0001:00003460       _sf_c3_ODE_Hand_Model_v08_IPC_v01_get_check_sum 10004460 f   c3_ODE_Hand_Model_v08_IPC_v01.obj
 0001:000034c0       _sf_c3_ODE_Hand_Model_v08_IPC_v01_get_autoinheritance_info 100044c0 f   c3_ODE_Hand_Model_v08_IPC_v01.obj
 0001:000037f0       _c3_ODE_Hand_Model_v08_IPC_v01_method_dispatcher 100047f0 f   c3_ODE_Hand_Model_v08_IPC_v01.obj
 0001:00004e00       _sf_process_check_sum_call 10005e00 f   ODE_Hand_Model_v08_IPC_v01_sfun_registry.obj
 0001:00004e30       _sf_process_autoinheritance_call 10005e30 f   ODE_Hand_Model_v08_IPC_v01_sfun_registry.obj
 0001:00004e60       _sf_process_get_eml_resolved_functions_info_call 10005e60 f   ODE_Hand_Model_v08_IPC_v01_sfun_registry.obj
 0001:00004f80       _sf_mex_unlock_call        10005f80 f   ODE_Hand_Model_v08_IPC_v01_sfun_registry.obj
 0001:00005010       _sf_machine_global_initializer_called 10006010 f   ODE_Hand_Model_v08_IPC_v01_sfun_registry.obj
 0001:00005030       _sf_machine_global_method_dispatcher 10006030 f   ODE_Hand_Model_v08_IPC_v01_sfun_registry.obj
 0001:00005070       _sf_machine_global_terminator 10006070 f   ODE_Hand_Model_v08_IPC_v01_sfun_registry.obj
 0001:000050a0       _sf_register_machine_exported_symbols 100060a0 f   ODE_Hand_Model_v08_IPC_v01_sfun_registry.obj
 0001:000050c0       _callCustomFcn             100060c0 f   ODE_Hand_Model_v08_IPC_v01_sfun_registry.obj
 0001:000050d0       _sf_machine_global_initializer 100060d0 f   ODE_Hand_Model_v08_IPC_v01_sfun_registry.obj
 0001:00005130       __ssSetInputPortMatrixDimensions 10006130 f   ODE_Hand_Model_v08_IPC_v01_sfun_registry.obj
 0001:000051e0       __ssSetOutputPortMatrixDimensions 100061e0 f   ODE_Hand_Model_v08_IPC_v01_sfun_registry.obj
 0001:00005290       __ssSetInputPortVectorDimension 10006290 f   ODE_Hand_Model_v08_IPC_v01_sfun_registry.obj
 0001:00005310       __ssSetOutputPortVectorDimension 10006310 f   ODE_Hand_Model_v08_IPC_v01_sfun_registry.obj
 0001:00005390       _ssIsRunTimeParamTunable   10006390 f   ODE_Hand_Model_v08_IPC_v01_sfun_registry.obj
 0001:000053f0       _ssGetSFuncBlockHandle     100063f0 f   ODE_Hand_Model_v08_IPC_v01_sfun_registry.obj
 0001:00005440       __ssGetCurrentInputPortWidth 10006440 f   ODE_Hand_Model_v08_IPC_v01_sfun_registry.obj
 0001:00005510       __ssGetCurrentOutputPortWidth 10006510 f   ODE_Hand_Model_v08_IPC_v01_sfun_registry.obj
 0001:000055e0       __ssGetCallSystemNumFcnCallDestinations 100065e0 f   ODE_Hand_Model_v08_IPC_v01_sfun_registry.obj
 0001:00005640       _ssWarning                 10006640 f   ODE_Hand_Model_v08_IPC_v01_sfun_registry.obj
 0001:00005720       _ssSetIsInputPortUsedForContZcSignal 10006720 f   ODE_Hand_Model_v08_IPC_v01_sfun_registry.obj
 0001:00005770       _ssSetZcSignalIsZcElementDisc 10006770 f   ODE_Hand_Model_v08_IPC_v01_sfun_registry.obj
 0001:000057d0       _ssSetZcSignalName         100067d0 f   ODE_Hand_Model_v08_IPC_v01_sfun_registry.obj
 0001:00005820       _ssSetZcSignalWidth        10006820 f   ODE_Hand_Model_v08_IPC_v01_sfun_registry.obj
 0001:00005870       _ssSetZcSignalZcEventType  10006870 f   ODE_Hand_Model_v08_IPC_v01_sfun_registry.obj
 0001:000058c0       _ssSetZcSignalType         100068c0 f   ODE_Hand_Model_v08_IPC_v01_sfun_registry.obj
 0001:00005910       _ssSetZcSignalZcTol        10006910 f   ODE_Hand_Model_v08_IPC_v01_sfun_registry.obj
 0001:00005960       _ssSetZcSignalNeedsEventNotification 10006960 f   ODE_Hand_Model_v08_IPC_v01_sfun_registry.obj
 0001:000059b0       _ssCreateAndAddZcSignalInfo 100069b0 f   ODE_Hand_Model_v08_IPC_v01_sfun_registry.obj
 0001:00005a10       _ssCloneAndAddZcSignalInfo 10006a10 f   ODE_Hand_Model_v08_IPC_v01_sfun_registry.obj
 0001:00005a70       _ssGetNumZcSignals         10006a70 f   ODE_Hand_Model_v08_IPC_v01_sfun_registry.obj
 0001:00005ad0       _ssGetZcSignalVector       10006ad0 f   ODE_Hand_Model_v08_IPC_v01_sfun_registry.obj
 0001:00005b30       _ssGetZcSignalZcEvents     10006b30 f   ODE_Hand_Model_v08_IPC_v01_sfun_registry.obj
 0001:00005b90       _ssGetZcSignalName         10006b90 f   ODE_Hand_Model_v08_IPC_v01_sfun_registry.obj
 0001:00005bf0       _ssGetZcSignalWidth        10006bf0 f   ODE_Hand_Model_v08_IPC_v01_sfun_registry.obj
 0001:00005c50       _ssGetZcSignalZcEventType  10006c50 f   ODE_Hand_Model_v08_IPC_v01_sfun_registry.obj
 0001:00005cb0       _ssGetZcSignalType         10006cb0 f   ODE_Hand_Model_v08_IPC_v01_sfun_registry.obj
 0001:00005d10       _ssGetZcSignalZcTol        10006d10 f   ODE_Hand_Model_v08_IPC_v01_sfun_registry.obj
 0001:00005d70       _ssGetZcSignalNeedsEventNotification 10006d70 f   ODE_Hand_Model_v08_IPC_v01_sfun_registry.obj
 0001:00005dd0       _ssGetZcSignalIsZcElementDisc 10006dd0 f   ODE_Hand_Model_v08_IPC_v01_sfun_registry.obj
 0001:00005e30       _ssGetIsInputPortElementContinuous 10006e30 f   ODE_Hand_Model_v08_IPC_v01_sfun_registry.obj
 0001:00005e90       __ssGetInputPortSignalPtrsFcn 10006e90 f   ODE_Hand_Model_v08_IPC_v01_sfun_registry.obj
 0001:00006090       __ssGetInputPortSignalFcn  10007090 f   ODE_Hand_Model_v08_IPC_v01_sfun_registry.obj
 0001:00006220       __ssSetInputPortDirectFeedThroughFcn 10007220 f   ODE_Hand_Model_v08_IPC_v01_sfun_registry.obj
 0001:00006350       __ssSetInputPortReusableFcn 10007350 f   ODE_Hand_Model_v08_IPC_v01_sfun_registry.obj
 0001:000063e0       __ssSetOutputPortReusableFcn 100073e0 f   ODE_Hand_Model_v08_IPC_v01_sfun_registry.obj
 0001:00006470       _ssGetDTypeIdFromMxArray   10007470 f   ODE_Hand_Model_v08_IPC_v01_sfun_registry.obj
 0001:00006560       _ssWriteRTWStr             10007560 f   ODE_Hand_Model_v08_IPC_v01_sfun_registry.obj
 0001:000065a0       _ssWriteRTWMxVectParam     100075a0 f   ODE_Hand_Model_v08_IPC_v01_sfun_registry.obj
 0001:000065e0       _ssWriteRTWMx2dMatParam    100075e0 f   ODE_Hand_Model_v08_IPC_v01_sfun_registry.obj
 0001:00006620       _ssWriteRTWNameValuePair   10007620 f   ODE_Hand_Model_v08_IPC_v01_sfun_registry.obj
 0001:00006990       _ssWriteRTWParameters      10007990 f   ODE_Hand_Model_v08_IPC_v01_sfun_registry.obj
 0001:00006d30       _ssWriteRTWParamSettings   10007d30 f   ODE_Hand_Model_v08_IPC_v01_sfun_registry.obj
 0001:000071e0       _ssWriteRTWWorkVect        100081e0 f   ODE_Hand_Model_v08_IPC_v01_sfun_registry.obj
 0001:00007570       _mexFunction               10008570 f   ODE_Hand_Model_v08_IPC_v01_sfun_registry.obj
 0001:00008c40       _ProcessMexSfunctionEveryCall 10009c40 f   ODE_Hand_Model_v08_IPC_v01_sfun_registry.obj
 0001:00008d50       _ODE_Hand_Model_v08_IPC_v01_initializer 10009d50 f   ODE_Hand_Model_v08_IPC_v01_sfun.obj
 0001:00008d60       _ODE_Hand_Model_v08_IPC_v01_terminator 10009d60 f   ODE_Hand_Model_v08_IPC_v01_sfun.obj
 0001:00008d70       _sf_ODE_Hand_Model_v08_IPC_v01_method_dispatcher 10009d70 f   ODE_Hand_Model_v08_IPC_v01_sfun.obj
 0001:00008de0       _sf_ODE_Hand_Model_v08_IPC_v01_process_check_sum_call 10009de0 f   ODE_Hand_Model_v08_IPC_v01_sfun.obj
 0001:000091b0       _sf_ODE_Hand_Model_v08_IPC_v01_autoinheritance_info 1000a1b0 f   ODE_Hand_Model_v08_IPC_v01_sfun.obj
 0001:000092b0       _sf_ODE_Hand_Model_v08_IPC_v01_get_eml_resolved_functions_info 1000a2b0 f   ODE_Hand_Model_v08_IPC_v01_sfun.obj
 0001:00009400       _ODE_Hand_Model_v08_IPC_v01_debug_initialize 1000a400 f   ODE_Hand_Model_v08_IPC_v01_sfun.obj
 0001:00009450       _ODE_Hand_Model_v08_IPC_v01_register_exported_symbols 1000a450 f   ODE_Hand_Model_v08_IPC_v01_sfun.obj
 0001:000094c0       _sf_mex_mx_is_numeric      1000a4c0 f   sfc_mexmsvc80:sfc_mex.obj
 0001:00009500       _strcmp_ignore_ws          1000a500 f   sfc_mexmsvc80:sfc_mex.obj
 0001:00009620       _sf_mex_duplicatearraysafe 1000a620 f   sfc_mexmsvc80:sfc_mex.obj
 0001:00009800       _sf_set_error_debugger_context_message_fcn 1000a800 f   sfc_mexmsvc80:sfc_mex.obj
 0001:00009810       _sf_set_debugger_matlab_error_fcn 1000a810 f   sfc_mexmsvc80:sfc_mex.obj
 0001:00009830       _sf_set_error_prefix_string 1000a830 f   sfc_mexmsvc80:sfc_mex.obj
 0001:00009860       _sf_get_error_prefix_string 1000a860 f   sfc_mexmsvc80:sfc_mex.obj
 0001:00009870       _sf_get_current_jmp_buf_ptr 1000a870 f   sfc_mexmsvc80:sfc_mex.obj
 0001:00009880       _sf_set_current_jmp_buf_ptr 1000a880 f   sfc_mexmsvc80:sfc_mex.obj
 0001:00009890       _sf_mex_set_halt_simulation 1000a890 f   sfc_mexmsvc80:sfc_mex.obj
 0001:000098a0       _sf_mex_get_halt_simulation 1000a8a0 f   sfc_mexmsvc80:sfc_mex.obj
 0001:000098b0       _sf_mex_clear_error_message 1000a8b0 f   sfc_mexmsvc80:sfc_mex.obj
 0001:000098d0       _sf_mex_get_error_message_for_read 1000a8d0 f   sfc_mexmsvc80:sfc_mex.obj
 0001:000098e0       _sf_mex_get_error_message_buffer_length 1000a8e0 f   sfc_mexmsvc80:sfc_mex.obj
 0001:000099b0       _sf_mex_warning_message    1000a9b0 f   sfc_mexmsvc80:sfc_mex.obj
 0001:00009a00       _sf_mex_v_errbuf_createf   1000aa00 f   sfc_mexmsvc80:sfc_mex.obj
 0001:00009a20       _sf_mex_errbuf_createf     1000aa20 f   sfc_mexmsvc80:sfc_mex.obj
 0001:00009a40       _sf_mex_v_errbuf_catf      1000aa40 f   sfc_mexmsvc80:sfc_mex.obj
 0001:00009a80       _sf_mex_errbuf_catf        1000aa80 f   sfc_mexmsvc80:sfc_mex.obj
 0001:00009ac0       _sf_mex_errbuf_copy        1000aac0 f   sfc_mexmsvc80:sfc_mex.obj
 0001:00009ae0       _sf_mex_errbuf_clear       1000aae0 f   sfc_mexmsvc80:sfc_mex.obj
 0001:00009af0       _sf_mex_errbuf_isempty     1000aaf0 f   sfc_mexmsvc80:sfc_mex.obj
 0001:00009b80       _sf_mex_set_error_status   1000ab80 f   sfc_mexmsvc80:sfc_mex.obj
 0001:00009bb0       _sf_mex_error_direct_call  1000abb0 f   sfc_mexmsvc80:sfc_mex.obj
 0001:00009bd0       _sf_mex_long_jump_on_error 1000abd0 f   sfc_mexmsvc80:sfc_mex.obj
 0001:00009c00       _sf_mex_call_matlab        1000ac00 f   sfc_mexmsvc80:sfc_mex.obj
 0001:00009cd0       _sf_mex_check_builtin      1000acd0 f   sfc_mexmsvc80:sfc_mex.obj
 0001:00009d00       _sf_mex_check_builtin_vs   1000ad00 f   sfc_mexmsvc80:sfc_mex.obj
 0001:00009d40       _sf_mex_check_enum         1000ad40 f   sfc_mexmsvc80:sfc_mex.obj
 0001:00009d70       _sf_mex_create_enum        1000ad70 f   sfc_mexmsvc80:sfc_mex.obj
 0001:00009d90       _sf_mex_get_enum_element   1000ad90 f   sfc_mexmsvc80:sfc_mex.obj
 0001:00009da0       _sf_mex_createcellarray    1000ada0 f   sfc_mexmsvc80:sfc_mex.obj
 0001:00009dc0       _sf_mex_setcell            1000adc0 f   sfc_mexmsvc80:sfc_mex.obj
 0001:00009dd0       _sf_mex_getcell            1000add0 f   sfc_mexmsvc80:sfc_mex.obj
 0001:00009de0       _sf_mex_dup                1000ade0 f   sfc_mexmsvc80:sfc_mex.obj
 0001:00009e10       _sf_mex_assign             1000ae10 f   sfc_mexmsvc80:sfc_mex.obj
 0001:00009e60       _sf_mex_destroy            1000ae60 f   sfc_mexmsvc80:sfc_mex.obj
 0001:00009e80       _mx_array_has_fi_type      1000ae80 f   sfc_mexmsvc80:sfc_mex.obj
 0001:00009eb0       _sf_mex_convert_from_fi    1000aeb0 f   sfc_mexmsvc80:sfc_mex.obj
 0001:00009f30       _sf_mex_convert_to_double  1000af30 f   sfc_mexmsvc80:sfc_mex.obj
 0001:00009f70       _sf_mex_import_fi_vs       1000af70 f   sfc_mexmsvc80:sfc_mex.obj
 0001:0000a0d0       _sf_matrix_matrix_index_ok 1000b0d0 f   sfc_mexmsvc80:sfc_mex.obj
 0001:0000a150       _ssGetCurrentInputPortDimensions_wrapper 1000b150 f   sfc_mexmsvc80:sfc_mex.obj
 0001:0000a170       _ssGetCurrentOutputPortDimensions_wrapper 1000b170 f   sfc_mexmsvc80:sfc_mex.obj
 0001:0000a190       _sf_mex_emlrt_context_is_debug_mode 1000b190 f   sfc_mexmsvc80:sfc_mex.obj
 0001:0000a1a0       _sf_mex_emlrt_context_set_debug_mode 1000b1a0 f   sfc_mexmsvc80:sfc_mex.obj
 0001:0000a1b0       _sf_clear_error_manager_info 1000b1b0 f   sfc_mexmsvc80:sfc_mex.obj
 0001:0000a200       _sf_mex_stop_simulation_abruptly_wo_error 1000b200 f   sfc_mexmsvc80:sfc_mex.obj
 0001:0000a230       _sf_mex_error_message      1000b230 f   sfc_mexmsvc80:sfc_mex.obj
 0001:0000a280       _sf_react_to_error_in_matlab_call 1000b280 f   sfc_mexmsvc80:sfc_mex.obj
 0001:0000a2a0       _sf_mex_addfield           1000b2a0 f   sfc_mexmsvc80:sfc_mex.obj
 0001:0000a310       _sf_mex_getfield           1000b310 f   sfc_mexmsvc80:sfc_mex.obj
 0001:0000a490       _sf_mex_check_class        1000b490 f   sfc_mexmsvc80:sfc_mex.obj
 0001:0000a510       _sf_mex_is_real            1000b510 f   sfc_mexmsvc80:sfc_mex.obj
 0001:0000a550       _sf_mex_check_complex      1000b550 f   sfc_mexmsvc80:sfc_mex.obj
 0001:0000a5c0       _sf_mex_check_sparse       1000b5c0 f   sfc_mexmsvc80:sfc_mex.obj
 0001:0000a610       _sf_mex_check_numerictype  1000b610 f   sfc_mexmsvc80:sfc_mex.obj
 0001:0000a6b0       _sf_mex_check_fimath       1000b6b0 f   sfc_mexmsvc80:sfc_mex.obj
 0001:0000a750       _sf_mex_decode_encoded_mx_struct_array 1000b750 f   sfc_mexmsvc80:sfc_mex.obj
 0001:0000a8f0       _sf_mex_lw_bounds_check    1000b8f0 f   sfc_mexmsvc80:sfc_mex.obj
 0001:0000a920       _sf_mex_lw_size_eq_check_1d 1000b920 f   sfc_mexmsvc80:sfc_mex.obj
 0001:0000a940       _sf_mex_lw_size_eq_check_nd 1000b940 f   sfc_mexmsvc80:sfc_mex.obj
 0001:0000aa20       _sf_mex_lw_dim_size_eq_check 1000ba20 f   sfc_mexmsvc80:sfc_mex.obj
 0001:0000aa50       _sf_mex_lw_dim_size_geq_check 1000ba50 f   sfc_mexmsvc80:sfc_mex.obj
 0001:0000aa80       _sf_mex_lw_sub_assign_size_check_nd 1000ba80 f   sfc_mexmsvc80:sfc_mex.obj
 0001:0000abb0       _sf_mex_lw_matrix_matrix_index_check 1000bbb0 f   sfc_mexmsvc80:sfc_mex.obj
 0001:0000abe0       _sf_mex_lw_non_negative_check 1000bbe0 f   sfc_mexmsvc80:sfc_mex.obj
 0001:0000ac10       _sf_mex_overflow_error     1000bc10 f   sfc_mexmsvc80:sfc_mex.obj
 0001:0000ac20       _sf_mex_dividebyzero_error 1000bc20 f   sfc_mexmsvc80:sfc_mex.obj
 0001:0000ac30       _sf_mex_unsafe_enum_error  1000bc30 f   sfc_mexmsvc80:sfc_mex.obj
 0001:0000ac40       _sf_emlrtErrHandler        1000bc40 f   sfc_mexmsvc80:sfc_mex.obj
 0001:0000ac80       _sf_mex_printf             1000bc80 f   sfc_mexmsvc80:sfc_mex.obj
 0001:0000ad60       _sf_mex_check_size         1000bd60 f   sfc_mexmsvc80:sfc_mex.obj
 0001:0000afe0       _sf_mex_check_struct       1000bfe0 f   sfc_mexmsvc80:sfc_mex.obj
 0001:0000b0e0       _sf_mex_check_struct_vs    1000c0e0 f   sfc_mexmsvc80:sfc_mex.obj
 0001:0000b120       _sf_mex_check_fi           1000c120 f   sfc_mexmsvc80:sfc_mex.obj
 0001:0000b1f0       _sf_mex_check_fi_vs        1000c1f0 f   sfc_mexmsvc80:sfc_mex.obj
 0001:0000b240       _sf_echo_expression        1000c240 f   sfc_mexmsvc80:sfc_mex.obj
 0001:0000b290       _sf_assertion_failed       1000c290 f   sfc_mexmsvc80:sfc_mex.obj
 0001:0000b410       _sf_mex_evalin             1000c410 f   sfc_mexmsvc80:sfc_mex.obj
 0001:0000b670       _sf_mex_export             1000c670 f   sfc_mexmsvc80:sfc_mex.obj
 0001:0000b720       _sf_mex_get_ml_var_no_error 1000c720 f   sfc_mexmsvc80:sfc_mex.obj
 0001:0000b880       _sf_mex_get_ml_var         1000c880 f   sfc_mexmsvc80:sfc_mex.obj
 0001:0000bb90       _ml_set_element_value_in_array 1000cb90 f   sfc_mexmsvc80:sfc_mex.obj
 0001:0000d290       _sf_mex_call_impl          1000e290 f   sfc_mexmsvc80:sfc_mex.obj
 0001:0000d620       _sf_mex_call_debug         1000e620 f   sfc_mexmsvc80:sfc_mex.obj
 0001:0000d640       _sf_mex_call               1000e640 f   sfc_mexmsvc80:sfc_mex.obj
 0001:0000dd50       _sf_mex_createstruct       1000ed50 f   sfc_mexmsvc80:sfc_mex.obj
 0001:0000ddf0       _sf_mex_createstructarray  1000edf0 f   sfc_mexmsvc80:sfc_mex.obj
 0001:0000de50       _sf_mex_get_mx_datatype_from_sf_datatype 1000ee50 f   sfc_mexmsvc80:sfc_mex.obj
 0001:0000e0d0       _sf_mex_ml_var_sub         1000f0d0 f   sfc_mexmsvc80:sfc_mex.obj
 0001:0000e230       _sf_mex_ml_var_subsasgn    1000f230 f   sfc_mexmsvc80:sfc_mex.obj
 0001:0000e540       _sf_mex_sub                1000f540 f   sfc_mexmsvc80:sfc_mex.obj
 0001:0000e6c0       _sf_mex_subsasgn           1000f6c0 f   sfc_mexmsvc80:sfc_mex.obj
 0001:0000ea70       _sf_mex_create             1000fa70 f   sfc_mexmsvc80:sfc_mex.obj
 0001:0000f2d0       _sf_mex_import             100102d0 f   sfc_mexmsvc80:sfc_mex.obj
 0001:0000f370       _sf_mex_import_vs          10010370 f   sfc_mexmsvc80:sfc_mex.obj
 0001:0000f400       _sf_mex_lower_fixpt_mx_array 10010400 f   sfc_mexmsvc80:sfc_mex.obj
 0001:0000f7c0       _sim_mode_is_rtw_gen       100107c0 f   sfc_mexmsvc80:sfc_sf.obj
 0001:0000f800       _sim_mode_is_external      10010800 f   sfc_mexmsvc80:sfc_sf.obj
 0001:0000f820       _mdlInitializeSizes        10010820 f   sfc_mexmsvc80:sfc_sf.obj
 0001:0000f840       _mdlInitializeSampleTimes  10010840 f   sfc_mexmsvc80:sfc_sf.obj
 0001:0000f880       _mdlZeroCrossings          10010880 f   sfc_mexmsvc80:sfc_sf.obj
 0001:0000f930       _mdlDerivatives            10010930 f   sfc_mexmsvc80:sfc_sf.obj
 0001:0000f9d0       _mdl_initialize_conditions_processing 100109d0 f   sfc_mexmsvc80:sfc_sf.obj
 0001:0000fa00       _mdlInitializeConditions   10010a00 f   sfc_mexmsvc80:sfc_sf.obj
 0001:0000faa0       _mdlGetSimState            10010aa0 f   sfc_mexmsvc80:sfc_sf.obj
 0001:0000fac0       _mdlSetSimState            10010ac0 f   sfc_mexmsvc80:sfc_sf.obj
 0001:0000fae0       _mdl_ext_mode_exec_processing 10010ae0 f   sfc_mexmsvc80:sfc_sf.obj
 0001:0000fb00       _mdlExtModeExec            10010b00 f   sfc_mexmsvc80:sfc_sf.obj
 0001:0000fcb0       _mdlTerminate              10010cb0 f   sfc_mexmsvc80:sfc_sf.obj
 0001:0000fd10       _mdlRTW                    10010d10 f   sfc_mexmsvc80:sfc_sf.obj
 0001:0000fd40       _mdlSetWorkWidths          10010d40 f   sfc_mexmsvc80:sfc_sf.obj
 0001:0000fd60       _mdlProcessParameters      10010d60 f   sfc_mexmsvc80:sfc_sf.obj
 0001:0000fd80       _mdl_start_processing      10010d80 f   sfc_mexmsvc80:sfc_sf.obj
 0001:0000fdc0       _mdlStart                  10010dc0 f   sfc_mexmsvc80:sfc_sf.obj
 0001:0000fe90       _mdlEnable                 10010e90 f   sfc_mexmsvc80:sfc_sf.obj
 0001:0000ff40       _mdlDisable                10010f40 f   sfc_mexmsvc80:sfc_sf.obj
 0001:0000ffd0       _sf_get_chart_instance_ptr 10010fd0 f   sfc_mexmsvc80:sfc_sf.obj
 0001:0000fff0       _sf_rtw_info_uint_prop     10010ff0 f   sfc_mexmsvc80:sfc_sf.obj
 0001:00010120       _sf_is_chart_inlinable     10011120 f   sfc_mexmsvc80:sfc_sf.obj
 0001:00010140       _sf_mark_output_events_with_multiple_callers 10011140 f   sfc_mexmsvc80:sfc_sf.obj
 0001:000102b0       _sf_mark_chart_reusable_outputs 100112b0 f   sfc_mexmsvc80:sfc_sf.obj
 0001:00010420       _sf_mark_chart_expressionable_inputs 10011420 f   sfc_mexmsvc80:sfc_sf.obj
 0001:00010610       _sf_get_subchart_simstruct 10011610 f   sfc_mexmsvc80:sfc_sf.obj
 0001:00010650       _sf_write_symbol_mapping   10011650 f   sfc_mexmsvc80:sfc_sf.obj
 0001:00010820       _sf_get_fixpt_data_type_id 10011820 f   sfc_mexmsvc80:sfc_sf.obj
 0001:00010860       _sf_get_enum_data_type_id  10011860 f   sfc_mexmsvc80:sfc_sf.obj
 0001:000108a0       _sf_get_param_data_type_id 100118a0 f   sfc_mexmsvc80:sfc_sf.obj
 0001:000108d0       _sf_mex_listen_for_ctrl_c_force 100118d0 f   sfc_mexmsvc80:sfc_sf.obj
 0001:000109d0       _sf_mex_draw_now           100119d0 f   sfc_mexmsvc80:sfc_sf.obj
 0001:00010a10       _sf_mex_set_debugger_sim_status_listener_fcn 10011a10 f   sfc_mexmsvc80:sfc_sf.obj
 0001:00010a20       _sf_mex_listen_for_ctrl_c  10011a20 f   sfc_mexmsvc80:sfc_sf.obj
 0001:00010ab0       _sf_mex_get_sfun_param     10011ab0 f   sfc_mexmsvc80:sfc_sf.obj
 0001:00010b00       _sf_get_runtime_param_data 10011b00 f   sfc_mexmsvc80:sfc_sf.obj
 0001:00010b40       _sf_call_output_fcn_call   10011b40 f   sfc_mexmsvc80:sfc_sf.obj
 0001:00010c60       _sf_call_output_fcn_enable 10011c60 f   sfc_mexmsvc80:sfc_sf.obj
 0001:00010ce0       _sf_call_output_fcn_disable 10011ce0 f   sfc_mexmsvc80:sfc_sf.obj
 0001:00010d60       _sf_clear_rtw_identifier   10011d60 f   sfc_mexmsvc80:sfc_sf.obj
 0001:00011560       _sf_set_encoded_dwork_info 10012560 f   sfc_mexmsvc80:sfc_sf.obj
 0001:000116f0       _sf_set_rtw_dwork_info     100126f0 f   sfc_mexmsvc80:sfc_sf.obj
 0001:00011810       _mdlOutputs                10012810 f   sfc_mexmsvc80:sfc_sf.obj
 0001:00011930       _sf_debug_disp             10012930 f   sfc_debugmsvc80:sfcdebug.obj
 0001:00011b30       _sf_debug_data_runtime_size_mismatch_error_check 10012b30 f   sfc_debugmsvc80:sfcdebug.obj
 0001:00011b70       _sf_debug_try_loading_machine 10012b70 f   sfc_debugmsvc80:sfcdebug.obj
 0001:00011c40       _sf_debug_reset_current_state_configuration 10012c40 f   sfc_debugmsvc80:sfcdebug.obj
 0001:00011c80       _sf_debug_store_current_state_configuration 10012c80 f   sfc_debugmsvc80:sfcdebug.obj
 0001:00011cc0       _sf_debug_restore_previous_state_configuration 10012cc0 f   sfc_debugmsvc80:sfcdebug.obj
 0001:00011d00       _sf_debug_restore_previous_state_configuration2 10012d00 f   sfc_debugmsvc80:sfcdebug.obj
 0001:00011d40       _sf_debug_get_event_scope  10012d40 f   sfc_debugmsvc80:sfcdebug.obj
 0001:00011e60       _use_debugger_step_animation 10012e60 f   sfc_debugmsvc80:sfcdebug.obj
 0001:00011e80       _sf_debug_get_script_id    10012e80 f   sfc_debugmsvc80:sfcdebug.obj
 0001:00011f10       _sf_debug_set_script_translation 10012f10 f   sfc_debugmsvc80:sfcdebug.obj
 0001:00011fa0       _sf_debug_get_current_machine_id 10012fa0 f   sfc_debugmsvc80:sfcdebug.obj
 0001:00011fc0       _sf_debug_get_current_optional_integer 10012fc0 f   sfc_debugmsvc80:sfcdebug.obj
 0001:00011fd0       _sf_debug_get_current_machine_number 10012fd0 f   sfc_debugmsvc80:sfcdebug.obj
 0001:00011ff0       _sf_debug_get_current_machine_name 10012ff0 f   sfc_debugmsvc80:sfcdebug.obj
 0001:00012010       _sf_debug_get_current_chart_id 10013010 f   sfc_debugmsvc80:sfcdebug.obj
 0001:00012040       _sf_debug_get_current_chart_number 10013040 f   sfc_debugmsvc80:sfcdebug.obj
 0001:00012050       _sf_debug_get_current_instance_number 10013050 f   sfc_debugmsvc80:sfcdebug.obj
 0001:00012060       _sf_debug_get_current_is_minor_time_step 10013060 f   sfc_debugmsvc80:sfcdebug.obj
 0001:000120d0       _sf_debug_get_current_object_type 100130d0 f   sfc_debugmsvc80:sfcdebug.obj
 0001:000120e0       _sf_debug_get_current_instance_handle 100130e0 f   sfc_debugmsvc80:sfcdebug.obj
 0001:00012130       _sf_debug_get_current_event_type 10013130 f   sfc_debugmsvc80:sfcdebug.obj
 0001:00012140       _sf_debug_get_current_object_id 10013140 f   sfc_debugmsvc80:sfcdebug.obj
 0001:00012170       _sf_debug_get_current_active_event_type 10013170 f   sfc_debugmsvc80:sfcdebug.obj
 0001:00012180       _sf_debug_get_current_active_event_id 10013180 f   sfc_debugmsvc80:sfcdebug.obj
 0001:000121b0       _sf_debug_get_current_tag_type 100131b0 f   sfc_debugmsvc80:sfcdebug.obj
 0001:000121c0       _sf_debug_get_current_simulation_time 100131c0 f   sfc_debugmsvc80:sfcdebug.obj
 0001:000121d0       _sf_debug_get_current_coverage_percentage 100131d0 f   sfc_debugmsvc80:sfcdebug.obj
 0001:000121e0       _sf_debug_current_statement_context 100131e0 f   sfc_debugmsvc80:sfcdebug.obj
 0001:00012260       _sf_debug_get_current_statement_info 10013260 f   sfc_debugmsvc80:sfcdebug.obj
 0001:000123a0       _sf_debug_terminate_instance 100133a0 f   sfc_debugmsvc80:sfcdebug.obj
 0001:00012620       _sf_debug_assertion_failed 10013620 f   sfc_debugmsvc80:sfcdebug.obj
 0001:000127f0       _sf_debug_set_number_of_data_with_change_event_for_machine 100137f0 f   sfc_debugmsvc80:sfcdebug.obj
 0001:00012830       _sf_debug_set_machine_event_thresholds 10013830 f   sfc_debugmsvc80:sfcdebug.obj
 0001:00012860       _sf_debug_set_machine_event_scope 10013860 f   sfc_debugmsvc80:sfcdebug.obj
 0001:000128a0       _sf_debug_set_machine_data_thresholds 100138a0 f   sfc_debugmsvc80:sfcdebug.obj
 0001:000128e0       _sf_debug_set_machine_data_scope 100138e0 f   sfc_debugmsvc80:sfcdebug.obj
 0001:00012960       _sf_debug_set_machine_data_name 10013960 f   sfc_debugmsvc80:sfcdebug.obj
 0001:000129b0       _sf_debug_set_machine_data_size 100139b0 f   sfc_debugmsvc80:sfcdebug.obj
 0001:00012aa0       _sf_debug_set_machine_data_type 10013aa0 f   sfc_debugmsvc80:sfcdebug.obj
 0001:00012bc0       _sf_debug_get_chart_data_number 10013bc0 f   sfc_debugmsvc80:sfcdebug.obj
 0001:00012bf0       _sf_debug_get_chart_event_number 10013bf0 f   sfc_debugmsvc80:sfcdebug.obj
 0001:00012c20       _sf_debug_set_chart_state_info 10013c20 f   sfc_debugmsvc80:sfcdebug.obj
 0001:00012ca0       _sf_debug_set_chart_decomposition 10013ca0 f   sfc_debugmsvc80:sfcdebug.obj
 0001:00012d10       _sf_debug_set_chart_substate_count 10013d10 f   sfc_debugmsvc80:sfcdebug.obj
 0001:00012dd0       _sf_debug_set_chart_substate_index 10013dd0 f   sfc_debugmsvc80:sfcdebug.obj
 0001:00012e40       _sf_debug_set_chart_state_substate_count 10013e40 f   sfc_debugmsvc80:sfcdebug.obj
 0001:00012f20       _sf_debug_set_chart_state_substate_index 10013f20 f   sfc_debugmsvc80:sfcdebug.obj
 0001:00012fa0       _sf_debug_set_number_of_data_with_change_event_for_chart 10013fa0 f   sfc_debugmsvc80:sfcdebug.obj
 0001:00013020       _sf_debug_set_number_of_states_with_entry_event_for_chart 10014020 f   sfc_debugmsvc80:sfcdebug.obj
 0001:00013090       _sf_debug_set_number_of_states_with_exit_event_for_chart 10014090 f   sfc_debugmsvc80:sfcdebug.obj
 0001:00013100       _sf_debug_set_chart_disable_implicit_casting 10014100 f   sfc_debugmsvc80:sfcdebug.obj
 0001:00013170       _sf_debug_set_chart_event_thresholds 10014170 f   sfc_debugmsvc80:sfcdebug.obj
 0001:000131e0       _sf_debug_set_chart_data_props 100141e0 f   sfc_debugmsvc80:sfcdebug.obj
 0001:00013650       _sf_debug_check_fi_license 10014650 f   sfc_debugmsvc80:sfcdebug.obj
 0001:000137e0       _sf_debug_symbol_scope_push 100147e0 f   sfc_debugmsvc80:sfcdebug.obj
 0001:00013820       _sf_debug_symbol_scope_push_eml 10014820 f   sfc_debugmsvc80:sfcdebug.obj
 0001:00013860       _sf_debug_symbol_scope_pop 10014860 f   sfc_debugmsvc80:sfcdebug.obj
 0001:00013890       _sf_debug_symbol_scope_add 10014890 f   sfc_debugmsvc80:sfcdebug.obj
 0001:000138e0       _sf_debug_symbol_scope_add_eml 100148e0 f   sfc_debugmsvc80:sfcdebug.obj
 0001:00013910       _sf_debug_symbol_scope_add_dyn 10014910 f   sfc_debugmsvc80:sfcdebug.obj
 0001:00013980       _sf_debug_symbol_scope_add_eml_dyn 10014980 f   sfc_debugmsvc80:sfcdebug.obj
 0001:000139d0       _sf_debug_symbol_switch    100149d0 f   sfc_debugmsvc80:sfcdebug.obj
 0001:000139f0       _sf_debug_symbol_scope_add_verbose 100149f0 f   sfc_debugmsvc80:sfcdebug.obj
 0001:00013a60       _sf_debug_set_machine_data_value_ptr 10014a60 f   sfc_debugmsvc80:sfcdebug.obj
 0001:00013aa0       _sf_debug_set_instance_data_value_ptr 10014aa0 f   sfc_debugmsvc80:sfcdebug.obj
 0001:00013b00       _sf_debug_unset_instance_data_value_ptr 10014b00 f   sfc_debugmsvc80:sfcdebug.obj
 0001:00013b50       _sf_debug_set_chart_event_scope 10014b50 f   sfc_debugmsvc80:sfcdebug.obj
 0001:00013bd0       _sf_debug_set_chart_transition_coverage_maps 10014bd0 f   sfc_debugmsvc80:sfcdebug.obj
 0001:00013c60       _sf_debug_set_chart_state_coverage_maps 10014c60 f   sfc_debugmsvc80:sfcdebug.obj
 0001:00013ce0       _sf_debug_set_instance_transition_coverage_weights 10014ce0 f   sfc_debugmsvc80:sfcdebug.obj
 0001:00013d50       _sf_debug_set_instance_state_coverage_weights 10014d50 f   sfc_debugmsvc80:sfcdebug.obj
 0001:00013f50       _sf_debug_unload_machine   10014f50 f   sfc_debugmsvc80:sfcdebug.obj
 0001:00013fa0       _sf_debug_load_machine     10014fa0 f   sfc_debugmsvc80:sfcdebug.obj
 0001:00014050       _sf_debug_set_active_instance_in_data_dictionary 10015050 f   sfc_debugmsvc80:sfcdebug.obj
 0001:000141d0       _sf_debug_set_active_instance 100151d0 f   sfc_debugmsvc80:sfcdebug.obj
 0001:000142c0       _sf_debug_chart_visiblity_change 100152c0 f   sfc_debugmsvc80:sfcdebug.obj
 0001:00014360       _sf_debug_select_chart     10015360 f   sfc_debugmsvc80:sfcdebug.obj
 0001:00014400       _sf_debug_set_instance_cv_ids 10015400 f   sfc_debugmsvc80:sfcdebug.obj
 0001:000145c0       _sf_debug_select_charts    100155c0 f   sfc_debugmsvc80:sfcdebug.obj
 0001:000146a0       _sf_debug_initialized      100156a0 f   sfc_debugmsvc80:sfcdebug.obj
 0001:000146b0       _sf_debug_is_uninterruptible 100156b0 f   sfc_debugmsvc80:sfcdebug.obj
 0001:000146e0       _sf_debug_initialize_debugger_gui 100156e0 f   sfc_debugmsvc80:sfcdebug.obj
 0001:00014a60       _sf_debug_resume           10015a60 f   sfc_debugmsvc80:sfcdebug.obj
 0001:00014a80       _sf_debug_go               10015a80 f   sfc_debugmsvc80:sfcdebug.obj
 0001:00014a90       _sf_debug_break            10015a90 f   sfc_debugmsvc80:sfcdebug.obj
 0001:00014aa0       _sf_debug_step_over        10015aa0 f   sfc_debugmsvc80:sfcdebug.obj
 0001:00014ab0       _sf_debug_step_out         10015ab0 f   sfc_debugmsvc80:sfcdebug.obj
 0001:00014ac0       _sf_debug_set_disable_all_breakpoints 10015ac0 f   sfc_debugmsvc80:sfcdebug.obj
 0001:00014ad0       _sf_debug_disable_all_breakpoints_and_go 10015ad0 f   sfc_debugmsvc80:sfcdebug.obj
 0001:00014ae0       _sf_debug_break_on_chart_entry 10015ae0 f   sfc_debugmsvc80:sfcdebug.obj
 0001:00014af0       _sf_debug_break_on_event_broadcast 10015af0 f   sfc_debugmsvc80:sfcdebug.obj
 0001:00014b00       _sf_debug_break_on_state_entry 10015b00 f   sfc_debugmsvc80:sfcdebug.obj
 0001:00014b10       _sf_debug_break_between_times 10015b10 f   sfc_debugmsvc80:sfcdebug.obj
 0001:00014b40       _sf_debug_browse_data      10015b40 f   sfc_debugmsvc80:sfcdebug.obj
 0001:00014b60       _sf_debug_watch_data       10015b60 f   sfc_debugmsvc80:sfcdebug.obj
 0001:00014b80       _sf_debug_whos             10015b80 f   sfc_debugmsvc80:sfcdebug.obj
 0001:00014ba0       _sf_debug_get_consistency_info 10015ba0 f   sfc_debugmsvc80:sfcdebug.obj
 0001:00014bc0       _sf_debug_browse_trace     10015bc0 f   sfc_debugmsvc80:sfcdebug.obj
 0001:00014be0       _sf_debug_set_breakpoints  10015be0 f   sfc_debugmsvc80:sfcdebug.obj
 0001:00014ca0       _sf_debug_set_eml_breakpoints 10015ca0 f   sfc_debugmsvc80:sfcdebug.obj
 0001:00014db0       _sf_debug_set_script_breakpoints 10015db0 f   sfc_debugmsvc80:sfcdebug.obj
 0001:00014e30       _sf_debug_add_script_breakpoints 10015e30 f   sfc_debugmsvc80:sfcdebug.obj
 0001:00014ea0       _sf_debug_clear_script_breakpoints 10015ea0 f   sfc_debugmsvc80:sfcdebug.obj
 0001:00014f10       _sf_debug_query_script_breakpoints 10015f10 f   sfc_debugmsvc80:sfcdebug.obj
 0001:00014fb0       _sf_debug_get_eml_script_id 10015fb0 f   sfc_debugmsvc80:sfcdebug.obj
 0001:00015000       _sf_debug_set_watch        10016000 f   sfc_debugmsvc80:sfcdebug.obj
 0001:000151a0       _sf_debug_get_coverage     100161a0 f   sfc_debugmsvc80:sfcdebug.obj
 0001:000151c0       _sf_debug_get_instance_handle 100161c0 f   sfc_debugmsvc80:sfcdebug.obj
 0001:00015240       _sf_debug_get_active_states 10016240 f   sfc_debugmsvc80:sfcdebug.obj
 0001:00015260       _sf_debug_get_animation    10016260 f   sfc_debugmsvc80:sfcdebug.obj
 0001:00015270       _sf_debug_set_animation    10016270 f   sfc_debugmsvc80:sfcdebug.obj
 0001:00015280       _sf_debug_animate          10016280 f   sfc_debugmsvc80:sfcdebug.obj
 0001:000152b0       _sf_debug_cycle_detection_check 100162b0 f   sfc_debugmsvc80:sfcdebug.obj
 0001:000152c0       _sf_debug_data_range_check 100162c0 f   sfc_debugmsvc80:sfcdebug.obj
 0001:000152d0       _sf_debug_transition_conflict_check 100162d0 f   sfc_debugmsvc80:sfcdebug.obj
 0001:000152e0       _sf_debug_state_consistency_check 100162e0 f   sfc_debugmsvc80:sfcdebug.obj
 0001:000152f0       _sf_debug_data_range_check_enabled 100162f0 f   sfc_debugmsvc80:sfcdebug.obj
 0001:00015300       _sf_debug_transition_conflict_check_enabled 10016300 f   sfc_debugmsvc80:sfcdebug.obj
 0001:00015310       _sf_debug_transition_conflict_check_begin 10016310 f   sfc_debugmsvc80:sfcdebug.obj
 0001:00015330       _sf_debug_transition_conflict_check_end 10016330 f   sfc_debugmsvc80:sfcdebug.obj
 0001:00015350       _sf_debug_stop_debugging   10016350 f   sfc_debugmsvc80:sfcdebug.obj
 0001:00015380       _sf_debug_is_cycle_detected 10016380 f   sfc_debugmsvc80:sfcdebug.obj
 0001:00015390       _sf_debug_is_array_bounds_detected 10016390 f   sfc_debugmsvc80:sfcdebug.obj
 0001:000153a0       _sf_debug_get_state_vectors_data_size 100163a0 f   sfc_debugmsvc80:sfcdebug.obj
 0001:000153e0       _sf_debug_get_state_vectors_data 100163e0 f   sfc_debugmsvc80:sfcdebug.obj
 0001:000154b0       _sf_debug_set_state_vectors_data 100164b0 f   sfc_debugmsvc80:sfcdebug.obj
 0001:000156e0       _sf_debug_get_script_index 100166e0 f   sfc_debugmsvc80:sfcdebug.obj
 0001:00015810       _sf_debug_add_script       10016810 f   sfc_debugmsvc80:sfcdebug.obj
 0001:00015960       _cv_eval_point             10016960 f   sfc_debugmsvc80:sfcdebug.obj
 0001:00015a30       _sf_debug_cv_init_state    10016a30 f   sfc_debugmsvc80:sfcdebug.obj
 0001:00015ac0       _sf_debug_cv_init_chart    10016ac0 f   sfc_debugmsvc80:sfcdebug.obj
 0001:00015b40       _sf_debug_cv_init_trans    10016b40 f   sfc_debugmsvc80:sfcdebug.obj
 0001:00015c20       _cv_eml_init_script        10016c20 f   sfc_debugmsvc80:sfcdebug.obj
 0001:00015c90       _cv_eml_init_fcn           10016c90 f   sfc_debugmsvc80:sfcdebug.obj
 0001:00015cf0       _cv_eml_init_testobjective 10016cf0 f   sfc_debugmsvc80:sfcdebug.obj
 0001:00015d50       _cv_eml_init_if            10016d50 f   sfc_debugmsvc80:sfcdebug.obj
 0001:00015db0       _cv_eml_init_for           10016db0 f   sfc_debugmsvc80:sfcdebug.obj
 0001:00015e10       _cv_eml_init_while         10016e10 f   sfc_debugmsvc80:sfcdebug.obj
 0001:00015e70       _cv_eml_init_mcdc          10016e70 f   sfc_debugmsvc80:sfcdebug.obj
 0001:00015ee0       _cv_eml_init_switch        10016ee0 f   sfc_debugmsvc80:sfcdebug.obj
 0001:00015f40       _cv_eml_eval               10016f40 f   sfc_debugmsvc80:sfcdebug.obj
 0001:00015fb0       _sf_debug_bm_is_a_eml_breakpoint 10016fb0 f   sfc_debugmsvc80:sfcdebug.obj
 0001:000160e0       _sf_debug_temporal_threshold 100170e0 f   sfc_debugmsvc80:sfcdebug.obj
 0001:000163d0       _sf_debug_transition_conflict_error 100173d0 f   sfc_debugmsvc80:sfcdebug.obj
 0001:00016670       _sf_debug_state_inconsistency_error 10017670 f   sfc_debugmsvc80:sfcdebug.obj
 0001:00016760       _sf_debug_check_for_state_inconsistency 10017760 f   sfc_debugmsvc80:sfcdebug.obj
 0001:000167a0       _sf_debug_cycle_detecton_error 100177a0 f   sfc_debugmsvc80:sfcdebug.obj
 0001:00016de0       _sf_debug_size_eq_check_1d 10017de0 f   sfc_debugmsvc80:sfcdebug.obj
 0001:00016e00       _sf_debug_size_eq_check_nd 10017e00 f   sfc_debugmsvc80:sfcdebug.obj
 0001:00016ee0       _sf_debug_dim_size_eq_check 10017ee0 f   sfc_debugmsvc80:sfcdebug.obj
 0001:00016f10       _sf_debug_dim_size_geq_check 10017f10 f   sfc_debugmsvc80:sfcdebug.obj
 0001:00016f40       _sf_debug_sub_assign_size_check_nd 10017f40 f   sfc_debugmsvc80:sfcdebug.obj
 0001:00017060       _sf_debug_matrix_matrix_index_check 10018060 f   sfc_debugmsvc80:sfcdebug.obj
 0001:00017090       _sf_debug_data_array_bounds_error_check 10018090 f   sfc_debugmsvc80:sfcdebug.obj
 0001:000170f0       _sf_debug_eml_data_array_bounds_error_check 100180f0 f   sfc_debugmsvc80:sfcdebug.obj
 0001:000173e0       _sf_debug_integer_check    100183e0 f   sfc_debugmsvc80:sfcdebug.obj
 0001:00017460       _sf_debug_not_nan_check    10018460 f   sfc_debugmsvc80:sfcdebug.obj
 0001:000174b0       _sf_debug_non_negative_check 100184b0 f   sfc_debugmsvc80:sfcdebug.obj
 0001:00017510       _sf_debug_overflow_detection 10018510 f   sfc_debugmsvc80:sfcdebug.obj
 0001:00017a30       _sf_debug_cast_to_real32_T 10018a30 f   sfc_debugmsvc80:sfcdebug.obj
 0001:00017a90       _sf_debug_cast_to_int8_T   10018a90 f   sfc_debugmsvc80:sfcdebug.obj
 0001:00017b10       _sf_debug_cast_to_uint8_T  10018b10 f   sfc_debugmsvc80:sfcdebug.obj
 0001:00017ba0       _sf_debug_cast_to_int16_T  10018ba0 f   sfc_debugmsvc80:sfcdebug.obj
 0001:00017c20       _sf_debug_cast_to_uint16_T 10018c20 f   sfc_debugmsvc80:sfcdebug.obj
 0001:00017cb0       _sf_debug_cast_to_int32_T  10018cb0 f   sfc_debugmsvc80:sfcdebug.obj
 0001:00017d20       _sf_debug_cast_to_uint32_T 10018d20 f   sfc_debugmsvc80:sfcdebug.obj
 0001:00017db0       _sf_debug_data_range_error 10018db0 f   sfc_debugmsvc80:sfcdebug.obj
 0001:00018130       _sf_debug_data_range_error_wrapper_min_max 10019130 f   sfc_debugmsvc80:sfcdebug.obj
 0001:000181a0       _sf_debug_data_range_error_wrapper_min 100191a0 f   sfc_debugmsvc80:sfcdebug.obj
 0001:00018200       _sf_debug_data_range_error_wrapper_max 10019200 f   sfc_debugmsvc80:sfcdebug.obj
 0001:00018260       _sf_debug_data_range_wrapper 10019260 f   sfc_debugmsvc80:sfcdebug.obj
 0001:000182b0       _sf_debug_set_current_status_info 100192b0 f   sfc_debugmsvc80:sfcdebug.obj
 0001:00018610       _sf_debug_call             10019610 f   sfc_debugmsvc80:sfcdebug.obj
 0001:00019000       _sf_debug_initialize_machine 1001a000 f   sfc_debugmsvc80:sfcdebug.obj
 0001:000192a0       _sf_debug_initialize_chart 1001a2a0 f   sfc_debugmsvc80:sfcdebug.obj
 0001:00019600       _sf_debug_ensure_script    1001a600 f   sfc_debugmsvc80:sfcdebug.obj
 0001:000196b0       _cv_script_init_script     1001a6b0 f   sfc_debugmsvc80:sfcdebug.obj
 0001:00019710       _cv_script_init_fcn        1001a710 f   sfc_debugmsvc80:sfcdebug.obj
 0001:00019760       _cv_script_init_testobjective 1001a760 f   sfc_debugmsvc80:sfcdebug.obj
 0001:000197b0       _cv_script_init_if         1001a7b0 f   sfc_debugmsvc80:sfcdebug.obj
 0001:00019800       _cv_script_init_for        1001a800 f   sfc_debugmsvc80:sfcdebug.obj
 0001:00019850       _cv_script_init_while      1001a850 f   sfc_debugmsvc80:sfcdebug.obj
 0001:000198a0       _cv_script_init_mcdc       1001a8a0 f   sfc_debugmsvc80:sfcdebug.obj
 0001:00019900       _cv_script_init_switch     1001a900 f   sfc_debugmsvc80:sfcdebug.obj
 0001:00019960       _cv_script_eval            1001a960 f   sfc_debugmsvc80:sfcdebug.obj
 0001:000199c0       _eml_debug_line_call       1001a9c0 f   sfc_debugmsvc80:sfcdebug.obj
 0001:00019ac0       _sf_debug_terminate        1001aac0 f   sfc_debugmsvc80:sfcdebug.obj
 0001:00019bf0       _sf_debug_set_script_cv_ids 1001abf0 f   sfc_debugmsvc80:sfcdebug.obj
 0001:00019d00       _sf_debug_api              1001ad00 f   sfc_debugmsvc80:sfc_api.obj
 0001:0001b4f0       _sf_debug_sm_terminate     1001c4f0 f   sfc_debugmsvc80:sfdb_animation.obj
 0001:0001b660       _sf_debug_reset_path_objects 1001c660 f   sfc_debugmsvc80:sfdb_animation.obj
 0001:0001b6d0       _sf_debug_sm_reset_object_selection_status 1001c6d0 f   sfc_debugmsvc80:sfdb_animation.obj
 0001:0001b770       _sf_debug_sm_reset_state_buffer 1001c770 f   sfc_debugmsvc80:sfdb_animation.obj
 0001:0001b830       _sf_debug_sm_store_state_buffer 1001c830 f   sfc_debugmsvc80:sfdb_animation.obj
 0001:0001b8b0       _sf_debug_sm_restore_state_buffer1 1001c8b0 f   sfc_debugmsvc80:sfdb_animation.obj
 0001:0001b910       _sf_debug_sm_restore_state_buffer2 1001c910 f   sfc_debugmsvc80:sfdb_animation.obj
 0001:0001b970       _sf_debug_sm_chart_active  1001c970 f   sfc_debugmsvc80:sfdb_animation.obj
 0001:0001b9c0       _sf_debug_sm_select_active_objects 1001c9c0 f   sfc_debugmsvc80:sfdb_animation.obj
 0001:0001bd40       _sf_debug_sm_is_chart_active 1001cd40 f   sfc_debugmsvc80:sfdb_animation.obj
 0001:0001bd80       _sf_debug_sm_is_state_active 1001cd80 f   sfc_debugmsvc80:sfdb_animation.obj
 0001:0001bf30       _sf_debug_sm_get_active_states 1001cf30 f   sfc_debugmsvc80:sfdb_animation.obj
 0001:0001c360       _sf_debug_sm_initialize_instance 1001d360 f   sfc_debugmsvc80:sfdb_animation.obj
 0001:0001c560       _sf_debug_sm_change_object_selection_status 1001d560 f   sfc_debugmsvc80:sfdb_animation.obj
 0001:0001c750       _cv_create_interface       1001d750 f   sfc_debugmsvc80:cv_sfinterface.obj
 0001:0001ca60       _cv_init_trans             1001da60 f   sfc_debugmsvc80:cv_sfinterface.obj
 0001:0001cab0       _cv_init_state             1001dab0 f   sfc_debugmsvc80:cv_sfinterface.obj
 0001:0001cb10       _cv_init_chart             1001db10 f   sfc_debugmsvc80:cv_sfinterface.obj
 0001:0001cb60       _cv_dec_update_call        1001db60 f   sfc_debugmsvc80:cv_sfinterface.obj
 0001:0001cba0       _cv_cond_update_call       1001dba0 f   sfc_debugmsvc80:cv_sfinterface.obj
 0001:0001cbe0       _cv_sigrange_update        1001dbe0 f   sfc_debugmsvc80:cv_sfinterface.obj
 0001:0001cc30       _cvsf_eml_eval             1001dc30 f   sfc_debugmsvc80:cv_sfinterface.obj
 0001:0001cd10       _cvsf_eml_init_script      1001dd10 f   sfc_debugmsvc80:cv_sfinterface.obj
 0001:0001cd70       _cvsf_eml_init_fcn         1001dd70 f   sfc_debugmsvc80:cv_sfinterface.obj
 0001:0001cdd0       _cvsf_eml_init_testobjective 1001ddd0 f   sfc_debugmsvc80:cv_sfinterface.obj
 0001:0001ce30       _cvsf_eml_init_if          1001de30 f   sfc_debugmsvc80:cv_sfinterface.obj
 0001:0001ce90       _cvsf_eml_init_for         1001de90 f   sfc_debugmsvc80:cv_sfinterface.obj
 0001:0001cef0       _cvsf_eml_init_while       1001def0 f   sfc_debugmsvc80:cv_sfinterface.obj
 0001:0001cf50       _cvsf_eml_init_mcdc        1001df50 f   sfc_debugmsvc80:cv_sfinterface.obj
 0001:0001cfc0       _cvsf_eml_init_switch      1001dfc0 f   sfc_debugmsvc80:cv_sfinterface.obj
 0001:0001d020       _cvsf_script_eval          1001e020 f   sfc_debugmsvc80:cv_sfinterface.obj
 0001:0001d100       _cvsf_script_init_script   1001e100 f   sfc_debugmsvc80:cv_sfinterface.obj
 0001:0001d160       _cvsf_script_init_fcn      1001e160 f   sfc_debugmsvc80:cv_sfinterface.obj
 0001:0001d1c0       _cvsf_script_init_testobjective 1001e1c0 f   sfc_debugmsvc80:cv_sfinterface.obj
 0001:0001d220       _cvsf_script_init_if       1001e220 f   sfc_debugmsvc80:cv_sfinterface.obj
 0001:0001d280       _cvsf_script_init_for      1001e280 f   sfc_debugmsvc80:cv_sfinterface.obj
 0001:0001d2d0       _cvsf_script_init_while    1001e2d0 f   sfc_debugmsvc80:cv_sfinterface.obj
 0001:0001d320       _cvsf_script_init_mcdc     1001e320 f   sfc_debugmsvc80:cv_sfinterface.obj
 0001:0001d390       _cvsf_script_init_switch   1001e390 f   sfc_debugmsvc80:cv_sfinterface.obj
 0001:0001d3f0       _cv_destroy_interface      1001e3f0 f   sfc_debugmsvc80:cv_sfinterface.obj
 0001:0001d410       _cv_create_instance_objects 1001e410 f   sfc_debugmsvc80:cv_sfinterface.obj
 0001:0001d750       _cv_is_enabled             1001e750 f   sfc_debugmsvc80:cv_sfinterface.obj
 0001:0001d760       _sf_debug_cv_initialize_script 1001e760 f   sfc_debugmsvc80:cv_sfinterface.obj
 0001:0001d8f0       _sf_debug_cv_initialize_instance 1001e8f0 f   sfc_debugmsvc80:cv_sfinterface.obj
 0001:0001dbf0       _sf_debug_cv_terminate_chart 1001ebf0 f   sfc_debugmsvc80:cv_sfinterface.obj
 0001:0001dce0       _cv_call_trans_test        1001ece0 f   sfc_debugmsvc80:cv_sfinterface.obj
 0001:0001dcf0       _cv_call_sub_cond_test     1001ecf0 f   sfc_debugmsvc80:cv_sfinterface.obj
 0001:0001de00       _sf_debug_hm_initialize_instance 1001ee00 f   sfc_debugmsvc80:sfdb_handle_management.obj
 0001:0001df10       _sf_debug_hm_get_object_id 1001ef10 f   sfc_debugmsvc80:sfdb_handle_management.obj
 0001:0001f930       _sf_debug_object_is_eml_function 10020930 f   sfc_debugmsvc80:sfdb_handle_management.obj
 0001:0001f990       _sf_debug_hm_initialize_ids_in_machine 10020990 f   sfc_debugmsvc80:sfdb_handle_management.obj
 0001:0001fae0       _sf_debug_hm_initialize_ids_in_chart 10020ae0 f   sfc_debugmsvc80:sfdb_handle_management.obj
 0001:0001fc00       _sf_debug_hm_initialize_chart 10020c00 f   sfc_debugmsvc80:sfdb_handle_management.obj
 0001:000205f0       _sf_debug_hm_terminate     100215f0 f   sfc_debugmsvc80:sfdb_handle_management.obj
 0001:00020650       _sf_debug_hm_initialize_machine 10021650 f   sfc_debugmsvc80:sfdb_handle_management.obj
 0001:00020cc0       _sf_debug_st_initialize_machine 10021cc0 f   sfc_debugmsvc80:sfdb_data_browse.obj
 0001:00020d70       _sf_debug_st_initialize_instance 10021d70 f   sfc_debugmsvc80:sfdb_data_browse.obj
 0001:00020f30       _sf_debug_st_terminate     10021f30 f   sfc_debugmsvc80:sfdb_data_browse.obj
 0001:00021090       _sf_debug_st_set_data_value_ptr_in_machine 10022090 f   sfc_debugmsvc80:sfdb_data_browse.obj
 0001:00021100       _sf_debug_st_set_data_value_ptr_in_instance 10022100 f   sfc_debugmsvc80:sfdb_data_browse.obj
 0001:000211b0       _sf_debug_st_unset_data_value_ptr_in_machine 100221b0 f   sfc_debugmsvc80:sfdb_data_browse.obj
 0001:00021210       _sf_debug_st_unset_data_value_ptr_in_instance 10022210 f   sfc_debugmsvc80:sfdb_data_browse.obj
 0001:00021520       _sf_debug_mx_value         10022520 f   sfc_debugmsvc80:sfdb_data_browse.obj
 0001:00021570       _sf_debug_mx_packed_vector 10022570 f   sfc_debugmsvc80:sfdb_data_browse.obj
 0001:00021610       _sf_debug_mx_uint_vector   10022610 f   sfc_debugmsvc80:sfdb_data_browse.obj
 0001:00021690       _sf_debug_st_get_double_value_from_void_ptr_vector 10022690 f   sfc_debugmsvc80:sfdb_data_browse.obj
 0001:00021e90       _sf_debug_st_browse_data   10022e90 f   sfc_debugmsvc80:sfdb_data_browse.obj
 0001:00022490       _sf_debug_ss_initialize    10023490 f   sfc_debugmsvc80:sfdb_symbol_scope.obj
 0001:000224b0       _sf_debug_ss_terminate     100234b0 f   sfc_debugmsvc80:sfdb_symbol_scope.obj
 0001:00022530       _sf_debug_ss_push_symbol_scope 10023530 f   sfc_debugmsvc80:sfdb_symbol_scope.obj
 0001:000225f0       _sf_debug_ss_push_symbol_scope_eml 100235f0 f   sfc_debugmsvc80:sfdb_symbol_scope.obj
 0001:00022640       _sf_debug_ss_pop_symbol_scope 10023640 f   sfc_debugmsvc80:sfdb_symbol_scope.obj
 0001:000226d0       _sf_debug_ss_add_symbol    100236d0 f   sfc_debugmsvc80:sfdb_symbol_scope.obj
 0001:000227b0       _sf_debug_ss_add_symbol_eml 100237b0 f   sfc_debugmsvc80:sfdb_symbol_scope.obj
 0001:00023250       _sf_debug_ss_watch_data    10024250 f   sfc_debugmsvc80:sfdb_symbol_scope.obj
 0001:00023990       _get_data_entry_name       10024990 f   sfc_debugmsvc80:sfdb_symbol_scope.obj
 0001:000239e0       _sf_debug_ss_whos          100249e0 f   sfc_debugmsvc80:sfdb_symbol_scope.obj
 0001:00023e70       _sf_debug_cc_initialize_chart 10024e70 f   sfc_debugmsvc80:sfdb_coverage.obj
 0001:00024840       _sf_debug_cc_initialize_instance 10025840 f   sfc_debugmsvc80:sfdb_coverage.obj
 0001:00025450       _sf_debug_cc_terminate     10026450 f   sfc_debugmsvc80:sfdb_coverage.obj
 0001:00025520       _sf_debug_cc_set_transition_maps 10026520 f   sfc_debugmsvc80:sfdb_coverage.obj
 0001:00025620       _sf_debug_cc_set_state_maps 10026620 f   sfc_debugmsvc80:sfdb_coverage.obj
 0001:000256f0       _sf_debug_cc_set_transition_weights 100266f0 f   sfc_debugmsvc80:sfdb_coverage.obj
 0001:00025910       _sf_debug_cc_set_state_weights 10026910 f   sfc_debugmsvc80:sfdb_coverage.obj
 0001:00025b50       _sf_debug_cc_mark_transition_guard 10026b50 f   sfc_debugmsvc80:sfdb_coverage.obj
 0001:00025bd0       _sf_debug_cc_mark_transition_trigger 10026bd0 f   sfc_debugmsvc80:sfdb_coverage.obj
 0001:00025c50       _sf_debug_cc_mark_transition_decision 10026c50 f   sfc_debugmsvc80:sfdb_coverage.obj
 0001:00025cb0       _sf_debug_cc_mark_transition_condition_action 10026cb0 f   sfc_debugmsvc80:sfdb_coverage.obj
 0001:00025d00       _sf_debug_cc_mark_transition_transition_action 10026d00 f   sfc_debugmsvc80:sfdb_coverage.obj
 0001:00025d50       _sf_debug_cc_mark_state_entry 10026d50 f   sfc_debugmsvc80:sfdb_coverage.obj
 0001:00025da0       _sf_debug_cc_mark_state_during 10026da0 f   sfc_debugmsvc80:sfdb_coverage.obj
 0001:00025df0       _sf_debug_cc_mark_state_exit 10026df0 f   sfc_debugmsvc80:sfdb_coverage.obj
 0001:00026400       _sf_debug_cc_get_coverage  10027400 f   sfc_debugmsvc80:sfdb_coverage.obj
 0001:00026870       _sf_debug_bm_clear_script_breakpoints 10027870 f   sfc_debugmsvc80:sfdb_breakpoints.obj
 0001:000268b0       _sf_debug_bm_set_script_breakpoint 100278b0 f   sfc_debugmsvc80:sfdb_breakpoints.obj
 0001:00026920       _sf_debug_bm_clear_single_script_breakpoint 10027920 f   sfc_debugmsvc80:sfdb_breakpoints.obj
 0001:00026990       _sf_debug_bm_query_script_breakpoint 10027990 f   sfc_debugmsvc80:sfdb_breakpoints.obj
 0001:000269e0       _sf_debug_bm_initialize_scripts 100279e0 f   sfc_debugmsvc80:sfdb_breakpoints.obj
 0001:00026f80       _sf_debug_bm_terminate     10027f80 f   sfc_debugmsvc80:sfdb_breakpoints.obj
 0001:00027240       _sf_debug_bm_remove_all_breakpoints_in_machine 10028240 f   sfc_debugmsvc80:sfdb_breakpoints.obj
 0001:00027290       _sf_debug_bm_remove_all_breakpoints_in_chart 10028290 f   sfc_debugmsvc80:sfdb_breakpoints.obj
 0001:000273c0       _sf_debug_bm_initialize_global_breakpoints 100283c0 f   sfc_debugmsvc80:sfdb_breakpoints.obj
 0001:00027570       _sf_debug_bm_set_breakpoint 10028570 f   sfc_debugmsvc80:sfdb_breakpoints.obj
 0001:00027ae0       _sf_debug_bm_set_eml_breakpoint 10028ae0 f   sfc_debugmsvc80:sfdb_breakpoints.obj
 0001:00027b60       _sf_debug_bm_initialize_machine_breakpoint_map 10028b60 f   sfc_debugmsvc80:sfdb_breakpoints.obj
 0001:00027f00       _sf_debug_bm_is_a_breakpoint 10028f00 f   sfc_debugmsvc80:sfdb_breakpoints.obj
 0001:00028370       _sf_debug_bm_get_all_breakpoints_in_machine 10029370 f   sfc_debugmsvc80:sfdb_breakpoints.obj
 0001:00028610       _sf_debug_bm_get_all_breakpoints_in_chart 10029610 f   sfc_debugmsvc80:sfdb_breakpoints.obj
 0001:00029040       _sf_debug_bm_initialize_machine 1002a040 f   sfc_debugmsvc80:sfdb_breakpoints.obj
 0001:000290e0       _sf_debug_bm_initialize_chart 1002a0e0 f   sfc_debugmsvc80:sfdb_breakpoints.obj
 0001:00029470       _sf_debug_sc_terminate     1002a470 f   sfc_debugmsvc80:sfdb_state_consistency.obj
 0001:000296f0       _sf_debug_sc_is_chart_consistent 1002a6f0 f   sfc_debugmsvc80:sfdb_state_consistency.obj
 0001:000298d0       _sf_debug_sc_get_consistency_error_info 1002a8d0 f   sfc_debugmsvc80:sfdb_state_consistency.obj
 0001:00029c30       _sf_debug_tm_terminate     1002ac30 f   sfc_debugmsvc80:sfdb_call_stack.obj
 0001:00029cd0       _sf_debug_tm_push_chart_instance 1002acd0 f   sfc_debugmsvc80:sfdb_call_stack.obj
 0001:00029e00       _sf_debug_tm_pop_chart_instance 1002ae00 f   sfc_debugmsvc80:sfdb_call_stack.obj
 0001:00029e60       _sf_debug_tm_push_trace_node 1002ae60 f   sfc_debugmsvc80:sfdb_call_stack.obj
 0001:00029f70       _sf_debug_tm_pop_trace_node 1002af70 f   sfc_debugmsvc80:sfdb_call_stack.obj
 0001:00029ff0       _sf_debug_tm_get_current_global_trace_index 1002aff0 f   sfc_debugmsvc80:sfdb_call_stack.obj
 0001:0002a010       _sf_debug_tm_get_current_local_trace_index 1002b010 f   sfc_debugmsvc80:sfdb_call_stack.obj
 0001:0002a040       _sf_debug_tm_set_cycle_detected_flag 1002b040 f   sfc_debugmsvc80:sfdb_call_stack.obj
 0001:0002a090       _sf_debug_tm_set_cycle_started_flag 1002b090 f   sfc_debugmsvc80:sfdb_call_stack.obj
 0001:0002a0e0       _sf_debug_tm_get_chart_number_from_stack 1002b0e0 f   sfc_debugmsvc80:sfdb_call_stack.obj
 0001:0002a280       _sf_debug_tm_browse_trace  1002b280 f   sfc_debugmsvc80:sfdb_call_stack.obj
 0001:0002a4f0       _sf_debug_cd_initialize_instance 1002b4f0 f   sfc_debugmsvc80:sfdb_cycle_detection.obj
 0001:0002a720       _sf_debug_cd_mark_processed_transition_in_instance 1002b720 f   sfc_debugmsvc80:sfdb_cycle_detection.obj
 0001:0002a7a0       _sf_debug_cd_checksum_push 1002b7a0 f   sfc_debugmsvc80:sfdb_cycle_detection.obj
 0001:0002aaa0       _sf_debug_cd_checksum_pop  1002baa0 f   sfc_debugmsvc80:sfdb_cycle_detection.obj
 0001:0002ab00       _sf_debug_cd_turn_off_cycle_detection 1002bb00 f   sfc_debugmsvc80:sfdb_cycle_detection.obj
 0001:0002ab50       _sf_debug_cd_terminate     1002bb50 f   sfc_debugmsvc80:sfdb_cycle_detection.obj
 0001:0002ad20       _md5_initialize_state      1002bd20 f   sfc_debugmsvc80:ckmd5.obj
 0001:0002b5b0       _md5_update_state          1002c5b0 f   sfc_debugmsvc80:ckmd5.obj
 0001:0002b5d0       _md5_get_hash              1002c5d0 f   sfc_debugmsvc80:ckmd5.obj
 0001:0002b5f0       _md5_get_hash_for_a_single_string 1002c5f0 f   sfc_debugmsvc80:ckmd5.obj
 0001:0002b65a       _mxGetPr                   1002c65a f   libmx:libmx.dll
 0001:0002b660       _mxCreateDoubleScalar      1002c660 f   libmx:libmx.dll
 0001:0002b666       _mxSetField_730            1002c666 f   libmx:libmx.dll
 0001:0002b66c       _mxCreateDoubleMatrix_730  1002c66c f   libmx:libmx.dll
 0001:0002b672       _mxCreateStructMatrix_730  1002c672 f   libmx:libmx.dll
 0001:0002b678       _mxDestroyArray            1002c678 f   libmx:libmx.dll
 0001:0002b67e       _mxCreateString            1002c67e f   libmx:libmx.dll
 0001:0002b684       _mxDuplicateArray          1002c684 f   libmx:libmx.dll
 0001:0002b68a       _mxGetString_730           1002c68a f   libmx:libmx.dll
 0001:0002b690       _mxIsChar                  1002c690 f   libmx:libmx.dll
 0001:0002b696       _mxGetClassID              1002c696 f   libmx:libmx.dll
 0001:0002b69c       _mxIsNumeric               1002c69c f   libmx:libmx.dll
 0001:0002b6a2       _mxIsComplex               1002c6a2 f   libmx:libmx.dll
 0001:0002b6a8       _mxGetN                    1002c6a8 f   libmx:libmx.dll
 0001:0002b6ae       _mxGetM                    1002c6ae f   libmx:libmx.dll
 0001:0002b6b4       _mxCalloc                  1002c6b4 f   libmx:libmx.dll
 0001:0002b6ba       _mxGetScalar               1002c6ba f   libmx:libmx.dll
 0001:0002b6c0       _mxIsLogical               1002c6c0 f   libmx:libmx.dll
 0001:0002b6c6       _mxCreateDoubleMatrix_700  1002c6c6 f   libmx:libmx.dll
 0001:0002b6cc       _mxFree                    1002c6cc f   libmx:libmx.dll
 0001:0002b6d2       _mxArrayToString           1002c6d2 f   libmx:libmx.dll
 0001:0002b6d8       _mxCreateCellMatrix_700    1002c6d8 f   libmx:libmx.dll
 0001:0002b6de       _mxSetCell_700             1002c6de f   libmx:libmx.dll
 0001:0002b6e4       _mxGetCell_700             1002c6e4 f   libmx:libmx.dll
 0001:0002b6ea       _mxGetClassName            1002c6ea f   libmx:libmx.dll
 0001:0002b6f0       _mxSetField_700            1002c6f0 f   libmx:libmx.dll
 0001:0002b6f6       _mxAddField                1002c6f6 f   libmx:libmx.dll
 0001:0002b6fc       _mxGetField_700            1002c6fc f   libmx:libmx.dll
 0001:0002b702       _mxGetNumberOfElements     1002c702 f   libmx:libmx.dll
 0001:0002b708       _mxIsStruct                1002c708 f   libmx:libmx.dll
 0001:0002b70e       _mxIsClass                 1002c70e f   libmx:libmx.dll
 0001:0002b714       _mxGetLogicals             1002c714 f   libmx:libmx.dll
 0001:0002b71a       _mxIsSparse                1002c71a f   libmx:libmx.dll
 0001:0002b720       _mxSetFieldByNumber_700    1002c720 f   libmx:libmx.dll
 0001:0002b726       _mxGetFieldByNumber_700    1002c726 f   libmx:libmx.dll
 0001:0002b72c       _mxGetFieldNameByNumber    1002c72c f   libmx:libmx.dll
 0001:0002b732       _mxGetNumberOfFields       1002c732 f   libmx:libmx.dll
 0001:0002b738       _mxCreateStructMatrix_700  1002c738 f   libmx:libmx.dll
 0001:0002b73e       _mxGetFieldNumber          1002c73e f   libmx:libmx.dll
 0001:0002b744       _mxIsNaN                   1002c744 f   libmx:libmx.dll
 0001:0002b74a       _mxIsEmpty                 1002c74a f   libmx:libmx.dll
 0001:0002b750       _mxGetData                 1002c750 f   libmx:libmx.dll
 0001:0002b756       _mxGetImagData             1002c756 f   libmx:libmx.dll
 0001:0002b75c       _mxArrayClassIDName        1002c75c f   libmx:libmx.dll
 0001:0002b762       _mxCreateNumericMatrix_700 1002c762 f   libmx:libmx.dll
 0001:0002b768       _mxCreateStructArray_700   1002c768 f   libmx:libmx.dll
 0001:0002b76e       _mxCalcSingleSubscript_700 1002c76e f   libmx:libmx.dll
 0001:0002b774       _mxGetDimensions_700       1002c774 f   libmx:libmx.dll
 0001:0002b77a       _mxGetNumberOfDimensions_700 1002c77a f   libmx:libmx.dll
 0001:0002b780       _mxCreateNumericArray_700  1002c780 f   libmx:libmx.dll
 0001:0002b786       _mxGetElementSize          1002c786 f   libmx:libmx.dll
 0001:0002b78c       _mxGetString_700           1002c78c f   libmx:libmx.dll
 0001:0002b792       _mxIsLogicalScalarTrue     1002c792 f   libmx:libmx.dll
 0001:0002b798       _mxCreateLogicalScalar     1002c798 f   libmx:libmx.dll
 0001:0002b79e       _mexUnlock                 1002c79e f   libmex:libmex.dll
 0001:0002b7a4       _mexIsLocked               1002c7a4 f   libmex:libmex.dll
 0001:0002b7aa       _mexWarnMsgTxt             1002c7aa f   libmex:libmex.dll
 0001:0002b7b0       _mexCallMATLAB             1002c7b0 f   libmex:libmex.dll
 0001:0002b7b6       _mexErrMsgTxt              1002c7b6 f   libmex:libmex.dll
 0001:0002b7bc       _mexSetTrapFlag            1002c7bc f   libmex:libmex.dll
 0001:0002b7c2       _mexMakeArrayPersistent    1002c7c2 f   libmex:libmex.dll
 0001:0002b7c8       _mexPutVariable            1002c7c8 f   libmex:libmex.dll
 0001:0002b7ce       _mexGetVariable            1002c7ce f   libmex:libmex.dll
 0001:0002b7d4       _mexLock                   1002c7d4 f   libmex:libmex.dll
 0001:0002b7da       _mexMakeMemoryPersistent   1002c7da f   libmex:libmex.dll
 0001:0002b7e0       _mexFunctionName           1002c7e0 f   libmex:libmex.dll
 0001:0002b7e6       _ssRegisterDataTypeFxpFSlopeFixExpBias 1002c7e6 f   libfixedpoint:libfixedpoint.dll
 0001:0002b7ec       _utVSNprintf               1002c7ec f   libut:libut.dll
 0001:0002b7f2       _utCPUtime                 1002c7f2 f   libut:libut.dll
 0001:0002b7f8       _utFree                    1002c7f8 f   libut:libut.dll
 0001:0002b7fe       _utMalloc                  1002c7fe f   libut:libut.dll
 0001:0002b804       _emlrtCheckBuiltInR2009a   1002c804 f   libemlrt:libemlrt.dll
 0001:0002b80a       _emlrtCheckVsBuiltInR2009a 1002c80a f   libemlrt:libemlrt.dll
 0001:0002b810       _emlrtCheckEnumR2009a      1002c810 f   libemlrt:libemlrt.dll
 0001:0002b816       _emlrtCreateEnumR2010a     1002c816 f   libemlrt:libemlrt.dll
 0001:0002b81c       _emlrtGetEnumElementR2009a 1002c81c f   libemlrt:libemlrt.dll
 0001:0002b822       _emlrtImportVsFiArrayR2009b 1002c822 f   libemlrt:libemlrt.dll
 0001:0002b828       _emlrtGetEnumUnderlyingArrayR2009a 1002c828 f   libemlrt:libemlrt.dll
 0001:0002b82e       _emlrtIsEnumR2009a         1002c82e f   libemlrt:libemlrt.dll
 0001:0002b840       _memset                    1002c840 f   MSVCRT:MSVCR90.dll
 0001:0002b846       _malloc                    1002c846 f   MSVCRT:MSVCR90.dll
 0001:0002b84c       _free                      1002c84c f   MSVCRT:MSVCR90.dll
 0001:0002b852       _strcmp                    1002c852 f   MSVCRT:MSVCR90.dll
 0001:0002b858       @__security_check_cookie@4 1002c858 f   MSVCRT:secchk.obj
 0001:0002b868       _sprintf                   1002c868 f   MSVCRT:MSVCR90.dll
 0001:0002b86e       _strlen                    1002c86e f   MSVCRT:MSVCR90.dll
 0001:0002b874       _strcat                    1002c874 f   MSVCRT:MSVCR90.dll
 0001:0002b880       __ftol2_sse                1002c880 f   MSVCRT:ftol2.obj
 0001:0002b889       __ftol2_pentium4           1002c889 f   MSVCRT:ftol2.obj
 0001:0002b89c       __ftol2_sse_excpt          1002c89c f   MSVCRT:ftol2.obj
 0001:0002b8b6       __ftol2                    1002c8b6 f   MSVCRT:ftol2.obj
 0001:0002b92c       _memcpy                    1002c92c f   MSVCRT:MSVCR90.dll
 0001:0002b932       _NtCurrentTeb              1002c932 f i MSVCRT:crtdll.obj
 0001:0002b988       __CRT_INIT@12              1002c988 f   MSVCRT:crtdll.obj
 0001:0002bcc4       __DllMainCRTStartup@12     1002ccc4 f   MSVCRT:crtdll.obj
 0001:0002bce8       _strncpy                   1002cce8 f   MSVCRT:MSVCR90.dll
 0001:0002bcf0       __chkstk                   1002ccf0 f   MSVCRT:chkstk.obj
 0001:0002bcf0       __alloca_probe             1002ccf0     MSVCRT:chkstk.obj
 0001:0002bd1c       _longjmp                   1002cd1c f   MSVCRT:MSVCR90.dll
 0001:0002bd22       _strncmp                   1002cd22 f   MSVCRT:MSVCR90.dll
 0001:0002bd28       _ceil                      1002cd28 f   MSVCRT:MSVCR90.dll
 0001:0002bd2e       _strrchr                   1002cd2e f   MSVCRT:MSVCR90.dll
 0001:0002bd34       __setjmp3                  1002cd34 f   MSVCRT:MSVCR90.dll
 0001:0002bd3a       _calloc                    1002cd3a f   MSVCRT:MSVCR90.dll
 0001:0002bd40       _realloc                   1002cd40 f   MSVCRT:MSVCR90.dll
 0001:0002bd46       _ldexp                     1002cd46 f   MSVCRT:MSVCR90.dll
 0001:0002bd4c       ___report_gsfailure        1002cd4c f   MSVCRT:gs_report.obj
 0001:0002bea2       __get_sse2_info            1002cea2 f   MSVCRT:cpu_disp.obj
 0001:0002bf04       ___sse2_available_init     1002cf04 f   MSVCRT:cpu_disp.obj
 0001:0002bf11       ___clean_type_info_names   1002cf11 f   MSVCRT:tncleanup.obj
 0001:0002bf1d       __onexit                   1002cf1d f   MSVCRT:atonexit.obj
 0001:0002bfc2       _atexit                    1002cfc2 f   MSVCRT:atonexit.obj
 0001:0002bfd9       __RTC_Initialize           1002cfd9 f   MSVCRT:_initsect_.obj
 0001:0002bfff       __RTC_Terminate            1002cfff f   MSVCRT:_initsect_.obj
 0001:0002c026       __encode_pointer           1002d026 f   MSVCRT:MSVCR90.dll
 0001:0002c02c       __malloc_crt               1002d02c f   MSVCRT:MSVCR90.dll
 0001:0002c032       __encoded_null             1002d032 f   MSVCRT:MSVCR90.dll
 0001:0002c038       __decode_pointer           1002d038 f   MSVCRT:MSVCR90.dll
 0001:0002c040       __ValidateImageBase        1002d040 f   MSVCRT:pesect.obj
 0001:0002c080       __FindPESection            1002d080 f   MSVCRT:pesect.obj
 0001:0002c0d0       __IsNonwritableInCurrentImage 1002d0d0 f   MSVCRT:pesect.obj
 0001:0002c18e       __initterm                 1002d18e f   MSVCRT:MSVCR90.dll
 0001:0002c194       __initterm_e               1002d194 f   MSVCRT:MSVCR90.dll
 0001:0002c19a       __amsg_exit                1002d19a f   MSVCRT:MSVCR90.dll
 0001:0002c1a0       ___CppXcptFilter           1002d1a0 f   MSVCRT:MSVCR90.dll
 0001:0002c1a6       _DllMain@12                1002d1a6 f   MSVCRT:dllmain.obj
 0001:0002c1cc       __SEH_prolog4              1002d1cc f   MSVCRT:sehprolg4.obj
 0001:0002c211       __SEH_epilog4              1002d211 f   MSVCRT:sehprolg4.obj
 0001:0002c225       __except_handler4          1002d225 f   MSVCRT:chandler4gs.obj
 0001:0002c24a       ___security_init_cookie    1002d24a f   MSVCRT:gs_support.obj
 0001:0002c2e0       __crt_debugger_hook        1002d2e0 f   MSVCRT:MSVCR90.dll
 0001:0002c2e6       ___clean_type_info_names_internal 1002d2e6 f   MSVCRT:MSVCR90.dll
 0001:0002c2ec       __unlock                   1002d2ec f   MSVCRT:MSVCR90.dll
 0001:0002c2f2       ___dllonexit               1002d2f2 f   MSVCRT:MSVCR90.dll
 0001:0002c2f8       __lock                     1002d2f8 f   MSVCRT:MSVCR90.dll
 0001:0002c2fe       __except_handler4_common   1002d2fe f   MSVCRT:MSVCR90.dll
 0001:0002c304       _InterlockedExchange@8     1002d304 f   kernel32:KERNEL32.dll
 0001:0002c30a       _Sleep@4                   1002d30a f   kernel32:KERNEL32.dll
 0001:0002c310       _InterlockedCompareExchange@12 1002d310 f   kernel32:KERNEL32.dll
 0001:0002c316       _TerminateProcess@8        1002d316 f   kernel32:KERNEL32.dll
 0001:0002c31c       _GetCurrentProcess@0       1002d31c f   kernel32:KERNEL32.dll
 0001:0002c322       _UnhandledExceptionFilter@4 1002d322 f   kernel32:KERNEL32.dll
 0001:0002c328       _SetUnhandledExceptionFilter@4 1002d328 f   kernel32:KERNEL32.dll
 0001:0002c32e       _IsDebuggerPresent@0       1002d32e f   kernel32:KERNEL32.dll
 0001:0002c334       _DisableThreadLibraryCalls@4 1002d334 f   kernel32:KERNEL32.dll
 0001:0002c33a       _QueryPerformanceCounter@4 1002d33a f   kernel32:KERNEL32.dll
 0001:0002c340       _GetTickCount@0            1002d340 f   kernel32:KERNEL32.dll
 0001:0002c346       _GetCurrentThreadId@0      1002d346 f   kernel32:KERNEL32.dll
 0001:0002c34c       _GetCurrentProcessId@0     1002d34c f   kernel32:KERNEL32.dll
 0001:0002c352       _GetSystemTimeAsFileTime@4 1002d352 f   kernel32:KERNEL32.dll
 0002:00000000       __imp__GetSystemTimeAsFileTime@4 1002e000     kernel32:KERNEL32.dll
 0002:00000004       __imp__GetCurrentProcessId@0 1002e004     kernel32:KERNEL32.dll
 0002:00000008       __imp__GetCurrentThreadId@0 1002e008     kernel32:KERNEL32.dll
 0002:0000000c       __imp__GetTickCount@0      1002e00c     kernel32:KERNEL32.dll
 0002:00000010       __imp__QueryPerformanceCounter@4 1002e010     kernel32:KERNEL32.dll
 0002:00000014       __imp__DisableThreadLibraryCalls@4 1002e014     kernel32:KERNEL32.dll
 0002:00000018       __imp__IsDebuggerPresent@0 1002e018     kernel32:KERNEL32.dll
 0002:0000001c       __imp__SetUnhandledExceptionFilter@4 1002e01c     kernel32:KERNEL32.dll
 0002:00000020       __imp__UnhandledExceptionFilter@4 1002e020     kernel32:KERNEL32.dll
 0002:00000024       __imp__GetCurrentProcess@0 1002e024     kernel32:KERNEL32.dll
 0002:00000028       __imp__TerminateProcess@8  1002e028     kernel32:KERNEL32.dll
 0002:0000002c       __imp__InterlockedCompareExchange@12 1002e02c     kernel32:KERNEL32.dll
 0002:00000030       __imp__Sleep@4             1002e030     kernel32:KERNEL32.dll
 0002:00000034       __imp__InterlockedExchange@8 1002e034     kernel32:KERNEL32.dll
 0002:00000038       \177KERNEL32_NULL_THUNK_DATA 1002e038     kernel32:KERNEL32.dll
 0002:0000003c       __imp___except_handler4_common 1002e03c     MSVCRT:MSVCR90.dll
 0002:00000040       __imp___onexit             1002e040     MSVCRT:MSVCR90.dll
 0002:00000044       __imp___lock               1002e044     MSVCRT:MSVCR90.dll
 0002:00000048       __imp____dllonexit         1002e048     MSVCRT:MSVCR90.dll
 0002:0000004c       __imp___unlock             1002e04c     MSVCRT:MSVCR90.dll
 0002:00000050       __imp____clean_type_info_names_internal 1002e050     MSVCRT:MSVCR90.dll
 0002:00000054       __imp___crt_debugger_hook  1002e054     MSVCRT:MSVCR90.dll
 0002:00000058       __imp____CppXcptFilter     1002e058     MSVCRT:MSVCR90.dll
 0002:0000005c       __imp___adjust_fdiv        1002e05c     MSVCRT:MSVCR90.dll
 0002:00000060       __imp___amsg_exit          1002e060     MSVCRT:MSVCR90.dll
 0002:00000064       __imp___initterm_e         1002e064     MSVCRT:MSVCR90.dll
 0002:00000068       __imp___initterm           1002e068     MSVCRT:MSVCR90.dll
 0002:0000006c       __imp___decode_pointer     1002e06c     MSVCRT:MSVCR90.dll
 0002:00000070       __imp___encoded_null       1002e070     MSVCRT:MSVCR90.dll
 0002:00000074       __imp___malloc_crt         1002e074     MSVCRT:MSVCR90.dll
 0002:00000078       __imp___encode_pointer     1002e078     MSVCRT:MSVCR90.dll
 0002:0000007c       __imp__ldexp               1002e07c     MSVCRT:MSVCR90.dll
 0002:00000080       __imp__realloc             1002e080     MSVCRT:MSVCR90.dll
 0002:00000084       __imp__calloc              1002e084     MSVCRT:MSVCR90.dll
 0002:00000088       __imp___setjmp3            1002e088     MSVCRT:MSVCR90.dll
 0002:0000008c       __imp__strrchr             1002e08c     MSVCRT:MSVCR90.dll
 0002:00000090       __imp__ceil                1002e090     MSVCRT:MSVCR90.dll
 0002:00000094       __imp__strncmp             1002e094     MSVCRT:MSVCR90.dll
 0002:00000098       __imp__longjmp             1002e098     MSVCRT:MSVCR90.dll
 0002:0000009c       __imp__strncpy             1002e09c     MSVCRT:MSVCR90.dll
 0002:000000a0       __imp__memcpy              1002e0a0     MSVCRT:MSVCR90.dll
 0002:000000a4       __imp__strcat              1002e0a4     MSVCRT:MSVCR90.dll
 0002:000000a8       __imp__strlen              1002e0a8     MSVCRT:MSVCR90.dll
 0002:000000ac       __imp__sprintf             1002e0ac     MSVCRT:MSVCR90.dll
 0002:000000b0       __imp__strcmp              1002e0b0     MSVCRT:MSVCR90.dll
 0002:000000b4       __imp__free                1002e0b4     MSVCRT:MSVCR90.dll
 0002:000000b8       __imp__malloc              1002e0b8     MSVCRT:MSVCR90.dll
 0002:000000bc       __imp__memset              1002e0bc     MSVCRT:MSVCR90.dll
 0002:000000c0       \177MSVCR90_NULL_THUNK_DATA 1002e0c0     MSVCRT:MSVCR90.dll
 0002:000000c4       __imp__emlrtIsEnumR2009a   1002e0c4     libemlrt:libemlrt.dll
 0002:000000c8       __imp__emlrtGetEnumUnderlyingArrayR2009a 1002e0c8     libemlrt:libemlrt.dll
 0002:000000cc       __imp__emlrtImportVsFiArrayR2009b 1002e0cc     libemlrt:libemlrt.dll
 0002:000000d0       __imp__emlrtGetEnumElementR2009a 1002e0d0     libemlrt:libemlrt.dll
 0002:000000d4       __imp__emlrtCreateEnumR2010a 1002e0d4     libemlrt:libemlrt.dll
 0002:000000d8       __imp__emlrtCheckVsBuiltInR2009a 1002e0d8     libemlrt:libemlrt.dll
 0002:000000dc       __imp__emlrtCheckEnumR2009a 1002e0dc     libemlrt:libemlrt.dll
 0002:000000e0       __imp__emlrtCheckBuiltInR2009a 1002e0e0     libemlrt:libemlrt.dll
 0002:000000e4       \177libemlrt_NULL_THUNK_DATA 1002e0e4     libemlrt:libemlrt.dll
 0002:000000e8       __imp__ssRegisterDataTypeFxpFSlopeFixExpBias 1002e0e8     libfixedpoint:libfixedpoint.dll
 0002:000000ec       \177libfixedpoint_NULL_THUNK_DATA 1002e0ec     libfixedpoint:libfixedpoint.dll
 0002:000000f0       __imp__mexSetTrapFlag      1002e0f0     libmex:libmex.dll
 0002:000000f4       __imp__mexWarnMsgTxt       1002e0f4     libmex:libmex.dll
 0002:000000f8       __imp__mexPutVariable      1002e0f8     libmex:libmex.dll
 0002:000000fc       __imp__mexErrMsgTxt        1002e0fc     libmex:libmex.dll
 0002:00000100       __imp__mexLock             1002e100     libmex:libmex.dll
 0002:00000104       __imp__mexMakeMemoryPersistent 1002e104     libmex:libmex.dll
 0002:00000108       __imp__mexFunctionName     1002e108     libmex:libmex.dll
 0002:0000010c       __imp__mexGetVariable      1002e10c     libmex:libmex.dll
 0002:00000110       __imp__mexCallMATLAB       1002e110     libmex:libmex.dll
 0002:00000114       __imp__mexIsLocked         1002e114     libmex:libmex.dll
 0002:00000118       __imp__mexUnlock           1002e118     libmex:libmex.dll
 0002:0000011c       __imp__mexMakeArrayPersistent 1002e11c     libmex:libmex.dll
 0002:00000120       \177libmex_NULL_THUNK_DATA 1002e120     libmex:libmex.dll
 0002:00000124       __imp__mxIsStruct          1002e124     libmx:libmx.dll
 0002:00000128       __imp__mxCreateDoubleScalar 1002e128     libmx:libmx.dll
 0002:0000012c       __imp__mxSetField_730      1002e12c     libmx:libmx.dll
 0002:00000130       __imp__mxCreateDoubleMatrix_730 1002e130     libmx:libmx.dll
 0002:00000134       __imp__mxCreateStructMatrix_730 1002e134     libmx:libmx.dll
 0002:00000138       __imp__mxCreateLogicalScalar 1002e138     libmx:libmx.dll
 0002:0000013c       __imp__mxIsLogicalScalarTrue 1002e13c     libmx:libmx.dll
 0002:00000140       __imp__mxGetString_700     1002e140     libmx:libmx.dll
 0002:00000144       __imp__mxGetElementSize    1002e144     libmx:libmx.dll
 0002:00000148       __imp__mxCreateNumericArray_700 1002e148     libmx:libmx.dll
 0002:0000014c       __imp__mxGetNumberOfDimensions_700 1002e14c     libmx:libmx.dll
 0002:00000150       __imp__mxGetDimensions_700 1002e150     libmx:libmx.dll
 0002:00000154       __imp__mxCalcSingleSubscript_700 1002e154     libmx:libmx.dll
 0002:00000158       __imp__mxCreateStructArray_700 1002e158     libmx:libmx.dll
 0002:0000015c       __imp__mxCreateNumericMatrix_700 1002e15c     libmx:libmx.dll
 0002:00000160       __imp__mxArrayClassIDName  1002e160     libmx:libmx.dll
 0002:00000164       __imp__mxGetImagData       1002e164     libmx:libmx.dll
 0002:00000168       __imp__mxGetData           1002e168     libmx:libmx.dll
 0002:0000016c       __imp__mxIsEmpty           1002e16c     libmx:libmx.dll
 0002:00000170       __imp__mxIsNaN             1002e170     libmx:libmx.dll
 0002:00000174       __imp__mxGetFieldNumber    1002e174     libmx:libmx.dll
 0002:00000178       __imp__mxCreateStructMatrix_700 1002e178     libmx:libmx.dll
 0002:0000017c       __imp__mxGetNumberOfFields 1002e17c     libmx:libmx.dll
 0002:00000180       __imp__mxGetFieldNameByNumber 1002e180     libmx:libmx.dll
 0002:00000184       __imp__mxGetFieldByNumber_700 1002e184     libmx:libmx.dll
 0002:00000188       __imp__mxSetFieldByNumber_700 1002e188     libmx:libmx.dll
 0002:0000018c       __imp__mxIsSparse          1002e18c     libmx:libmx.dll
 0002:00000190       __imp__mxGetLogicals       1002e190     libmx:libmx.dll
 0002:00000194       __imp__mxIsClass           1002e194     libmx:libmx.dll
 0002:00000198       __imp__mxGetPr             1002e198     libmx:libmx.dll
 0002:0000019c       __imp__mxGetNumberOfElements 1002e19c     libmx:libmx.dll
 0002:000001a0       __imp__mxGetField_700      1002e1a0     libmx:libmx.dll
 0002:000001a4       __imp__mxAddField          1002e1a4     libmx:libmx.dll
 0002:000001a8       __imp__mxSetField_700      1002e1a8     libmx:libmx.dll
 0002:000001ac       __imp__mxGetClassName      1002e1ac     libmx:libmx.dll
 0002:000001b0       __imp__mxGetCell_700       1002e1b0     libmx:libmx.dll
 0002:000001b4       __imp__mxSetCell_700       1002e1b4     libmx:libmx.dll
 0002:000001b8       __imp__mxCreateCellMatrix_700 1002e1b8     libmx:libmx.dll
 0002:000001bc       __imp__mxArrayToString     1002e1bc     libmx:libmx.dll
 0002:000001c0       __imp__mxFree              1002e1c0     libmx:libmx.dll
 0002:000001c4       __imp__mxCreateDoubleMatrix_700 1002e1c4     libmx:libmx.dll
 0002:000001c8       __imp__mxIsLogical         1002e1c8     libmx:libmx.dll
 0002:000001cc       __imp__mxGetScalar         1002e1cc     libmx:libmx.dll
 0002:000001d0       __imp__mxCalloc            1002e1d0     libmx:libmx.dll
 0002:000001d4       __imp__mxGetM              1002e1d4     libmx:libmx.dll
 0002:000001d8       __imp__mxGetN              1002e1d8     libmx:libmx.dll
 0002:000001dc       __imp__mxIsComplex         1002e1dc     libmx:libmx.dll
 0002:000001e0       __imp__mxIsNumeric         1002e1e0     libmx:libmx.dll
 0002:000001e4       __imp__mxGetClassID        1002e1e4     libmx:libmx.dll
 0002:000001e8       __imp__mxIsChar            1002e1e8     libmx:libmx.dll
 0002:000001ec       __imp__mxGetString_730     1002e1ec     libmx:libmx.dll
 0002:000001f0       __imp__mxDuplicateArray    1002e1f0     libmx:libmx.dll
 0002:000001f4       __imp__mxCreateString      1002e1f4     libmx:libmx.dll
 0002:000001f8       __imp__mxDestroyArray      1002e1f8     libmx:libmx.dll
 0002:000001fc       \177libmx_NULL_THUNK_DATA  1002e1fc     libmx:libmx.dll
 0002:00000200       __imp__utCPUtime           1002e200     libut:libut.dll
 0002:00000204       __imp__utFree              1002e204     libut:libut.dll
 0002:00000208       __imp__utMalloc            1002e208     libut:libut.dll
 0002:0000020c       __imp__utVSNprintf         1002e20c     libut:libut.dll
 0002:00000210       \177libut_NULL_THUNK_DATA  1002e210     libut:libut.dll
 0002:00000214       ___xc_a                    1002e214     MSVCRT:cinitexe.obj
 0002:00000218       ___xc_z                    1002e218     MSVCRT:cinitexe.obj
 0002:0000021c       ___xi_a                    1002e21c     MSVCRT:cinitexe.obj
 0002:00000228       ___xi_z                    1002e228     MSVCRT:cinitexe.obj
 0002:00000230       __real@41d6d18be4c00000    1002e230     c1_ODE_Hand_Model_v08_IPC_v01.obj
 0002:00000238       __real@41e8257862a00000    1002e238     c1_ODE_Hand_Model_v08_IPC_v01.obj
 0002:00000240       __real@41cb683f97800000    1002e240     c1_ODE_Hand_Model_v08_IPC_v01.obj
 0002:00000248       __real@41935dad14000000    1002e248     c1_ODE_Hand_Model_v08_IPC_v01.obj
 0002:00000250       __real@3ff0000000000000    1002e250     c1_ODE_Hand_Model_v08_IPC_v01.obj
 0002:00000258       __real@0000000000000000    1002e258     c1_ODE_Hand_Model_v08_IPC_v01.obj
 0002:00000260       __real@4024000000000000    1002e260     c1_ODE_Hand_Model_v08_IPC_v01.obj
 0002:00000268       __real@4008000000000000    1002e268     c1_ODE_Hand_Model_v08_IPC_v01.obj
 0002:00000270       __real@41df141042400000    1002e270     c1_ODE_Hand_Model_v08_IPC_v01.obj
 0002:00000278       __real@41d3b74a57c00000    1002e278     c1_ODE_Hand_Model_v08_IPC_v01.obj
 0002:00000280       __real@41e9d9f56be00000    1002e280     c1_ODE_Hand_Model_v08_IPC_v01.obj
 0002:00000288       __real@41ecf7882fe00000    1002e288     c1_ODE_Hand_Model_v08_IPC_v01.obj
 0002:00000290       __real@41e16d8bc0a00000    1002e290     c2_ODE_Hand_Model_v08_IPC_v01.obj
[...]
 0001:00009fb0       _sfrtAddSize               1000afb0 f   sfc_mexmsvc80:sfc_mex.obj
 0001:0000a060       _sfrtGenSizeString         1000b060 f   sfc_mexmsvc80:sfc_mex.obj
 0001:0000a090       _sfIsProperMatrix          1000b090 f   sfc_mexmsvc80:sfc_mex.obj
 0001:0000a0c0       _sfIsRowVector             1000b0c0 f   sfc_mexmsvc80:sfc_mex.obj
 0001:0000a3a0       _sf_mex_err                1000b3a0 f   sfc_mexmsvc80:sfc_mex.obj
 0001:0000a3b0       _sf_error_dimension_out_of_bound 1000b3b0 f   sfc_mexmsvc80:sfc_mex.obj
 0001:0000a3d0       _sf_mex_check_and_set_actual_dimensions 1000b3d0 f   sfc_mexmsvc80:sfc_mex.obj
 0001:0000ac60       _size_mismatch_error       1000bc60 f   sfc_mexmsvc80:sfc_mex.obj
 0001:0000b2d0       _check_array_dimensions    1000c2d0 f   sfc_mexmsvc80:sfc_mex.obj
 0001:0000b320       _check_input_mxarray       1000c320 f   sfc_mexmsvc80:sfc_mex.obj
 0001:0000b8b0       _sf_numeric_value_to_double 1000c8b0 f   sfc_mexmsvc80:sfc_mex.obj
 0001:0000b8f0       _ml_generic_out_of_bounds_check 1000c8f0 f   sfc_mexmsvc80:sfc_mex.obj
 0001:0000b9e0       _ml_get_element_value_from_array 1000c9e0 f   sfc_mexmsvc80:sfc_mex.obj
 0001:0000bd90       __ml_generic_castability_check 1000cd90 f   sfc_mexmsvc80:sfc_mex.obj
 0001:0000c250       _ml_generic_castability_check 1000d250 f   sfc_mexmsvc80:sfc_mex.obj
 0001:0000c2b0       _ml_check_mx_array_for_single_castability 1000d2b0 f   sfc_mexmsvc80:sfc_mex.obj
 0001:0000c3e0       _ml_check_mx_array_for_logical_castability 1000d3e0 f   sfc_mexmsvc80:sfc_mex.obj
 0001:0000c440       _ml_check_mx_array_for_int8_castability 1000d440 f   sfc_mexmsvc80:sfc_mex.obj
 0001:0000c4d0       _ml_check_mx_array_for_uint8_castability 1000d4d0 f   sfc_mexmsvc80:sfc_mex.obj
 0001:0000c680       _ml_check_mx_array_for_int16_castability 1000d680 f   sfc_mexmsvc80:sfc_mex.obj
 0001:0000c830       _ml_check_mx_array_for_uint16_castability 1000d830 f   sfc_mexmsvc80:sfc_mex.obj
 0001:0000cb40       _ml_check_mx_array_for_int32_castability 1000db40 f   sfc_mexmsvc80:sfc_mex.obj
 0001:0000ce20       _ml_check_mx_array_for_uint32_castability 1000de20 f   sfc_mexmsvc80:sfc_mex.obj
 0001:0000d130       _ml_check_mx_array_for_castability 1000e130 f   sfc_mexmsvc80:sfc_mex.obj
 0001:0000d660       _set_data_value            1000e660 f   sfc_mexmsvc80:sfc_mex.obj
 0001:0000db30       _get_data_value            1000eb30 f   sfc_mexmsvc80:sfc_mex.obj
 0001:0000dc30       _get_next_element_address  1000ec30 f   sfc_mexmsvc80:sfc_mex.obj
 0001:0000dcd0       _sf_normalize_index        1000ecd0 f   sfc_mexmsvc80:sfc_mex.obj
 0001:0000df60       _ml_array_index_bound_check 1000ef60 f   sfc_mexmsvc80:sfc_mex.obj
 0001:0000e800       _mx_value                  1000f800 f   sfc_mexmsvc80:sfc_mex.obj
 0001:0000e850       _sf_create_numeric_array   1000f850 f   sfc_mexmsvc80:sfc_mex.obj
 0001:0000e8d0       _sf_mex_assign_to_mx_array 1000f8d0 f   sfc_mexmsvc80:sfc_mex.obj
 0001:0000eb00       _assign_from_mx_array      1000fb00 f   sfc_mexmsvc80:sfc_mex.obj
 0001:0000f5c0       _get_machine_and_chart_file_number 100105c0 f   sfc_mexmsvc80:sfc_sf.obj
 0001:0000f680       _get_sfun_block_specialization 10010680 f   sfc_mexmsvc80:sfc_sf.obj
 0001:0000f6e0       _call_sf_machine_global_method_dispatcher 100106e0 f   sfc_mexmsvc80:sfc_sf.obj
 0001:0000f860       _mdl_zeroCrossings_processing 10010860 f   sfc_mexmsvc80:sfc_sf.obj
 0001:0000f910       _mdl_derivatives_processing 10010910 f   sfc_mexmsvc80:sfc_sf.obj
 0001:0000fb90       _mdl_outputs_continuous_legacy 10010b90 f   sfc_mexmsvc80:sfc_sf.obj
 0001:0000fc10       _mdl_outputs_processing    10010c10 f   sfc_mexmsvc80:sfc_sf.obj
 0001:0000fe70       _mdl_enable_processing     10010e70 f   sfc_mexmsvc80:sfc_sf.obj
 0001:0000ff20       _mdl_disable_processing    10010f20 f   sfc_mexmsvc80:sfc_sf.obj
 0001:00010590       _write_symbol_mapping      10011590 f   sfc_mexmsvc80:sfc_sf.obj
 0001:00010bb0       _sf_call_output_fcn_enable_disable 10011bb0 f   sfc_mexmsvc80:sfc_sf.obj
 0001:00010dd0       _set_dwork_information_from_mx_array 10011dd0 f   sfc_mexmsvc80:sfc_sf.obj
 0001:000115a0       _get_dwork_info_from_mat_file 100125a0 f   sfc_mexmsvc80:sfc_sf.obj
 0001:00011680       _ptr2mxStruct              10012680 f   sfc_mexmsvc80:sfc_sf.obj
 0001:000118a0       _SNPRINTF_WRAPPER          100128a0 f   sfc_debugmsvc80:sfcdebug.obj
 0001:000118c0       _sf_debug_chart_instance_initialized_quick 100128c0 f   sfc_debugmsvc80:sfcdebug.obj
 0001:000118d0       _sf_debug_chart_instance_initialized 100128d0 f   sfc_debugmsvc80:sfcdebug.obj
 0001:00011a50       _sfrtAddSize               10012a50 f   sfc_debugmsvc80:sfcdebug.obj
 0001:00011b00       _sfrtGenSizeString         10012b00 f   sfc_debugmsvc80:sfcdebug.obj
 0001:00011f80       _sf_debug_sim_status_listener 10012f80 f   sfc_debugmsvc80:sfcdebug.obj
 0001:000123f0       _sf_debug_form_mask_bits   100133f0 f   sfc_debugmsvc80:sfcdebug.obj
 0001:00012430       _sf_debug_form_sf_data_type_offsets 10013430 f   sfc_debugmsvc80:sfcdebug.obj
 0001:000124c0       _sf_debug_free_all         100134c0 f   sfc_debugmsvc80:sfcdebug.obj
 0001:00012640       _sf_debug_append_debugger_context 10013640 f   sfc_debugmsvc80:sfcdebug.obj
 0001:00012920       _local_strdup              10013920 f   sfc_debugmsvc80:sfcdebug.obj
 0001:00013510       _sf_debug_em_terminate     10014510 f   sfc_debugmsvc80:sfcdebug.obj
 0001:00013550       _sf_debug_push_eml_function 10014550 f   sfc_debugmsvc80:sfcdebug.obj
 0001:000135e0       _sf_debug_pop_eml_function 100145e0 f   sfc_debugmsvc80:sfcdebug.obj
 0001:00013da0       _sf_debug_get_machine_number_from_id_or_name 10014da0 f   sfc_debugmsvc80:sfcdebug.obj
 0001:00013f00       _sf_debug_get_chart_number_from_id 10014f00 f   sfc_debugmsvc80:sfcdebug.obj
 0001:00014820       _sf_debug_transfer_control_to_debugger_GUI 10015820 f   sfc_debugmsvc80:sfcdebug.obj
 0001:00015580       _sf_debug_scripts_rehash   10016580 f   sfc_debugmsvc80:sfcdebug.obj
 0001:00015730       _sf_debug_get_script_line_count 10016730 f   sfc_debugmsvc80:sfcdebug.obj
 0001:00015bd0       _cv_eml_state_cvId         10016bd0 f   sfc_debugmsvc80:sfcdebug.obj
 0001:00016890       _sf_debug_data_array_bounds_error 10017890 f   sfc_debugmsvc80:sfcdebug.obj
 0001:00016ba0       _sf_debug_runtime_error    10017ba0 f   sfc_debugmsvc80:sfcdebug.obj
 0001:00016d40       _sf_debug_matlab_error     10017d40 f   sfc_debugmsvc80:sfcdebug.obj
 0001:00017170       _sf_debug_data_value_error 10018170 f   sfc_debugmsvc80:sfcdebug.obj
 0001:00017770       _sf_debug_data_loss_error  10018770 f   sfc_debugmsvc80:sfcdebug.obj
 0001:00018030       _call_cv_range_check       10019030 f   sfc_debugmsvc80:sfcdebug.obj
 0001:000185b0       _sf_debug_invoke_cycle_detection_code 100195b0 f   sfc_debugmsvc80:sfcdebug.obj
 0001:00018f70       _sf_reset_debug_info_struct 10019f70 f   sfc_debugmsvc80:sfcdebug.obj
 0001:00019640       _cv_script_cvId            1001a640 f   sfc_debugmsvc80:sfcdebug.obj
 0001:00019e30       _sfc_api_chart_visible     1001ae30 f   sfc_debugmsvc80:sfc_api.obj
 0001:00019ee0       _sfc_api_active_instance   1001aee0 f   sfc_debugmsvc80:sfc_api.obj
 0001:00019f80       _sfc_api_machine_load      1001af80 f   sfc_debugmsvc80:sfc_api.obj
 0001:0001a080       _sfc_api_debugger_alive    1001b080 f   sfc_debugmsvc80:sfc_api.obj
 0001:0001a090       _sfc_api_go                1001b090 f   sfc_debugmsvc80:sfc_api.obj
 0001:0001a0a0       _sfc_api_step_over         1001b0a0 f   sfc_debugmsvc80:sfc_api.obj
 0001:0001a0b0       _sfc_api_step_out          1001b0b0 f   sfc_debugmsvc80:sfc_api.obj
 0001:0001a0c0       _sfc_api_resume            1001b0c0 f   sfc_debugmsvc80:sfc_api.obj
 0001:0001a0d0       _sfc_api_break             1001b0d0 f   sfc_debugmsvc80:sfc_api.obj
 0001:0001a0e0       _sfc_api_stop_debugging    1001b0e0 f   sfc_debugmsvc80:sfc_api.obj
 0001:0001a130       _sfc_api_is_cycle_detected 1001b130 f   sfc_debugmsvc80:sfc_api.obj
 0001:0001a180       _sfc_api_is_array_bounds_detected 1001b180 f   sfc_debugmsvc80:sfc_api.obj
 0001:0001a1d0       _sfc_api_set_disable_all_breakpoints 1001b1d0 f   sfc_debugmsvc80:sfc_api.obj
 0001:0001a260       _sfc_api_disable_all_breakpoints_and_go 1001b260 f   sfc_debugmsvc80:sfc_api.obj
 0001:0001a270       _sfc_api_close             1001b270 f   sfc_debugmsvc80:sfc_api.obj
 0001:0001a280       _sfc_api_browse_data       1001b280 f   sfc_debugmsvc80:sfc_api.obj
 0001:0001a300       _sfc_api_watch_data        1001b300 f   sfc_debugmsvc80:sfc_api.obj
 0001:0001a380       _sfc_api_whos              1001b380 f   sfc_debugmsvc80:sfc_api.obj
 0001:0001a410       _sfc_api_get_consistency_info 1001b410 f   sfc_debugmsvc80:sfc_api.obj
 0001:0001a430       _sfc_api_browse_trace      1001b430 f   sfc_debugmsvc80:sfc_api.obj
 0001:0001a450       _sfc_api_break_on_chart_entry 1001b450 f   sfc_debugmsvc80:sfc_api.obj
 0001:0001a490       _sfc_api_break_on_event_broadcast 1001b490 f   sfc_debugmsvc80:sfc_api.obj
 0001:0001a4d0       _sfc_api_break_on_state_entry 1001b4d0 f   sfc_debugmsvc80:sfc_api.obj
 0001:0001a510       _sfc_api_set_watch         1001b510 f   sfc_debugmsvc80:sfc_api.obj
 0001:0001a5f0       _sfc_api_set_breakpoints   1001b5f0 f   sfc_debugmsvc80:sfc_api.obj
 0001:0001a6d0       _sfc_api_set_eml_breakpoints 1001b6d0 f   sfc_debugmsvc80:sfc_api.obj
 0001:0001a780       _sfc_api_set_script_breakpoints 1001b780 f   sfc_debugmsvc80:sfc_api.obj
 0001:0001a7e0       _sfc_api_add_script_breakpoints 1001b7e0 f   sfc_debugmsvc80:sfc_api.obj
 0001:0001a840       _sfc_api_clear_script_breakpoints 1001b840 f   sfc_debugmsvc80:sfc_api.obj
 0001:0001a8a0       _sfc_api_query_script_breakpoints 1001b8a0 f   sfc_debugmsvc80:sfc_api.obj
 0001:0001a910       _sfc_api_get_script_id     1001b910 f   sfc_debugmsvc80:sfc_api.obj
 0001:0001a9b0       _sfc_api_get_active_states 1001b9b0 f   sfc_debugmsvc80:sfc_api.obj
 0001:0001aa20       _sfc_api_break_between_times 1001ba20 f   sfc_debugmsvc80:sfc_api.obj
 0001:0001aa80       _sfc_api_get_instance_handle 1001ba80 f   sfc_debugmsvc80:sfc_api.obj
 0001:0001ab60       _sfc_api_get_coverage      1001bb60 f   sfc_debugmsvc80:sfc_api.obj
 0001:0001abd0       _sfc_api_set_animation     1001bbd0 f   sfc_debugmsvc80:sfc_api.obj
 0001:0001ac30       _sfc_api_select_chart      1001bc30 f   sfc_debugmsvc80:sfc_api.obj
 0001:0001acc0       _sfc_api_select_charts     1001bcc0 f   sfc_debugmsvc80:sfc_api.obj
 0001:0001acf0       _sfc_api_cycle_detection_check 1001bcf0 f   sfc_debugmsvc80:sfc_api.obj
 0001:0001ad50       _sfc_api_data_range_check  1001bd50 f   sfc_debugmsvc80:sfc_api.obj
 0001:0001adb0       _sfc_api_transition_conflict_check 1001bdb0 f   sfc_debugmsvc80:sfc_api.obj
 0001:0001ae10       _sfc_api_state_consistency_check 1001be10 f   sfc_debugmsvc80:sfc_api.obj
 0001:0001ae70       _sfc_api_set_instance_cv_ids 1001be70 f   sfc_debugmsvc80:sfc_api.obj
 0001:0001afa0       _sfc_api_set_script_cv_ids 1001bfa0 f   sfc_debugmsvc80:sfc_api.obj
 0001:0001b040       _sfc_api_get_current_machine_id 1001c040 f   sfc_debugmsvc80:sfc_api.obj
 0001:0001b070       _sfc_api_get_current_machine_number 1001c070 f   sfc_debugmsvc80:sfc_api.obj
 0001:0001b0a0       _sfc_api_get_current_chart_number 1001c0a0 f   sfc_debugmsvc80:sfc_api.obj
 0001:0001b0d0       _sfc_api_get_current_instance_number 1001c0d0 f   sfc_debugmsvc80:sfc_api.obj
 0001:0001b100       _sfc_api_get_current_instance_handle 1001c100 f   sfc_debugmsvc80:sfc_api.obj
 0001:0001b120       _sfc_api_get_current_is_minor_time_step 1001c120 f   sfc_debugmsvc80:sfc_api.obj
 0001:0001b150       _sfc_api_get_current_machine_name 1001c150 f   sfc_debugmsvc80:sfc_api.obj
 0001:0001b170       _sfc_api_get_current_chart_id 1001c170 f   sfc_debugmsvc80:sfc_api.obj
 0001:0001b1a0       _sfc_api_get_current_object_type 1001c1a0 f   sfc_debugmsvc80:sfc_api.obj
 0001:0001b1d0       _sfc_api_get_current_event_type 1001c1d0 f   sfc_debugmsvc80:sfc_api.obj
 0001:0001b200       _sfc_api_get_current_object_id 1001c200 f   sfc_debugmsvc80:sfc_api.obj
 0001:0001b230       _sfc_get_current_active_event_type 1001c230 f   sfc_debugmsvc80:sfc_api.obj
 0001:0001b260       _sfc_api_get_current_active_event_id 1001c260 f   sfc_debugmsvc80:sfc_api.obj
 0001:0001b290       _sfc_api_get_current_simulation_time 1001c290 f   sfc_debugmsvc80:sfc_api.obj
 0001:0001b2b0       _sfc_get_current_tag_type  1001c2b0 f   sfc_debugmsvc80:sfc_api.obj
 0001:0001b2e0       _sfc_get_current_coverage_percentage 1001c2e0 f   sfc_debugmsvc80:sfc_api.obj
 0001:0001b300       _sfc_get_current_statement_context 1001c300 f   sfc_debugmsvc80:sfc_api.obj
 0001:0001b320       _sfc_get_current_optional_integer 1001c320 f   sfc_debugmsvc80:sfc_api.obj
 0001:0001b350       _sfc_get_current_statement_info 1001c350 f   sfc_debugmsvc80:sfc_api.obj
 0001:0001b3f0       _sfc_api_get               1001c3f0 f   sfc_debugmsvc80:sfc_api.obj
 0001:0001bdf0       _sf_debug_sm_fill_state_activity_data 1001cdf0 f   sfc_debugmsvc80:sfdb_animation.obj
 0001:0001dd30       _sf_debug_hm_get_simulink_handle 1001ed30 f   sfc_debugmsvc80:sfdb_handle_management.obj
 0001:0001e320       _sf_debug_hm_initialize_globals 1001f320 f   sfc_debugmsvc80:sfdb_handle_management.obj
 0001:0001e410       _sf_debug_hm_get_machine_debug_flag 1001f410 f   sfc_debugmsvc80:sfdb_handle_management.obj
 0001:0001e560       _sf_debug_hm_get_machine_id 1001f560 f   sfc_debugmsvc80:sfdb_handle_management.obj
 0001:0001e670       _sf_debug_hm_get_chart_id  1001f670 f   sfc_debugmsvc80:sfdb_handle_management.obj
 0001:0001e7e0       _sf_debug_hm_register_executing_SFunction 1001f7e0 f   sfc_debugmsvc80:sfdb_handle_management.obj
 0001:0001e930       _sf_debug_hm_get_chart_active_instance 1001f930 f   sfc_debugmsvc80:sfdb_handle_management.obj
 0001:0001ea60       _sf_debug_hm_get_chart_visibility 1001fa60 f   sfc_debugmsvc80:sfdb_handle_management.obj
 0001:0001eba0       _sf_debug_hm_form_object_boolean_properties 1001fba0 f   sfc_debugmsvc80:sfdb_handle_management.obj
 0001:0001ee10       _sf_debug_hm_form_object_properties 1001fe10 f   sfc_debugmsvc80:sfdb_handle_management.obj
 0001:0001f010       _sf_debug_hm_terminate_charts 10020010 f   sfc_debugmsvc80:sfdb_handle_management.obj
 0001:0001f5b0       _sf_debug_hm_terminate_machines 100205b0 f   sfc_debugmsvc80:sfdb_handle_management.obj
 0001:00020e50       _void_ptr_stack_vector_free_total 10021e50 f   sfc_debugmsvc80:sfdb_data_browse.obj
 0001:00020eb0       _sf_debug_st_terminate_machine 10021eb0 f   sfc_debugmsvc80:sfdb_data_browse.obj
 0001:00020ee0       _sf_debug_st_terminate_instance 10021ee0 f   sfc_debugmsvc80:sfdb_data_browse.obj
 0001:00021060       _push_on_to_void_ptr_stack 10022060 f   sfc_debugmsvc80:sfdb_data_browse.obj
 0001:00021190       _pop_from_void_ptr_stack   10022190 f   sfc_debugmsvc80:sfdb_data_browse.obj
 0001:00021290       _sf_debug_st_get_data_value 10022290 f   sfc_debugmsvc80:sfdb_data_browse.obj
 0001:00021730       _mx_value                  10022730 f   sfc_debugmsvc80:sfdb_data_browse.obj
 0001:00021760       _sf_debug_st_fill_data_struct 10022760 f   sfc_debugmsvc80:sfdb_data_browse.obj
 0001:00021a30       _data_type_format_strings  10022a30 f   sfc_debugmsvc80:sfdb_data_browse.obj
 0001:00021aa0       _sf_debug_st_fill_data     10022aa0 f   sfc_debugmsvc80:sfdb_data_browse.obj
 0001:00022830       _sf_debug_ss_copy_dimension 10023830 f   sfc_debugmsvc80:sfdb_symbol_scope.obj
 0001:000228a0       _sf_debug_ss_get_number_elements 100238a0 f   sfc_debugmsvc80:sfdb_symbol_scope.obj
 0001:000228c0       _sf_debug_ss_fill_data_struct 100238c0 f   sfc_debugmsvc80:sfdb_symbol_scope.obj
 0001:00022ab0       _sf_debug_ss_reset_data_info 10023ab0 f   sfc_debugmsvc80:sfdb_symbol_scope.obj
 0001:00022b00       _sf_debug_fill_data_info_by_symbol_scope_entry 10023b00 f   sfc_debugmsvc80:sfdb_symbol_scope.obj
 0001:00022ba0       _sf_debug_fill_data_info_by_data_vector 10023ba0 f   sfc_debugmsvc80:sfdb_symbol_scope.obj
 0001:00022d60       _sf_debug_ss_get_data_info 10023d60 f   sfc_debugmsvc80:sfdb_symbol_scope.obj
 0001:00022f90       _sf_debug_ss_get_data_value 10023f90 f   sfc_debugmsvc80:sfdb_symbol_scope.obj
 0001:000232d0       _sf_debug_ss_data_bytes_string 100242d0 f   sfc_debugmsvc80:sfdb_symbol_scope.obj
 0001:00023340       _sf_debug_ss_data_class_string 10024340 f   sfc_debugmsvc80:sfdb_symbol_scope.obj
 0001:00023690       _sf_debug_ss_data_size_string 10024690 f   sfc_debugmsvc80:sfdb_symbol_scope.obj
 0001:00023750       _sf_debug_ss_data_create_data_info_struct 10024750 f   sfc_debugmsvc80:sfdb_symbol_scope.obj
 0001:00023860       _sf_debug_ss_data_create_name_value_pair 10024860 f   sfc_debugmsvc80:sfdb_symbol_scope.obj
 0001:000238c0       _sf_debug_ss_data_get_whos_info 100248c0 f   sfc_debugmsvc80:sfdb_symbol_scope.obj
 0001:000238f0       _same_named_data_in_data_array 100248f0 f   sfc_debugmsvc80:sfdb_symbol_scope.obj
 0001:00024e00       _sf_debug_cc_terminate_chart 10025e00 f   sfc_debugmsvc80:sfdb_coverage.obj
 0001:000250e0       _sf_debug_cc_terminate_instance 100260e0 f   sfc_debugmsvc80:sfdb_coverage.obj
 0001:00025af0       _sf_debug_cc_mark_object_if_needed 10026af0 f   sfc_debugmsvc80:sfdb_coverage.obj
 0001:00025e40       _sf_debug_cc_fill_transition_coverage_data 10026e40 f   sfc_debugmsvc80:sfdb_coverage.obj
 0001:00025f70       _sf_debug_cc_fill_transition_coverage_map 10026f70 f   sfc_debugmsvc80:sfdb_coverage.obj
 0001:00026150       _sf_debug_cc_fill_state_coverage_map 10027150 f   sfc_debugmsvc80:sfdb_coverage.obj
 0001:000262f0       _sf_debug_cc_fill_state_coverage_data 100272f0 f   sfc_debugmsvc80:sfdb_coverage.obj
 0001:00026ca0       _sf_debug_bm_initialize_eml 10027ca0 f   sfc_debugmsvc80:sfdb_breakpoints.obj
 0001:00027c90       _sf_debug_bm_map_debug_tag_to_breakpoint_tag 10028c90 f   sfc_debugmsvc80:sfdb_breakpoints.obj
 0001:00027d30       _sf_debug_bm_is_a_eml_breakpoint_impl 10028d30 f   sfc_debugmsvc80:sfdb_breakpoints.obj
 0001:00029320       _sf_debug_sc_push_on_error_stack 1002a320 f   sfc_debugmsvc80:sfdb_state_consistency.obj
 0001:00029430       _sf_debug_sc_reset_error_stack 1002a430 f   sfc_debugmsvc80:sfdb_state_consistency.obj
 0001:00029580       _sf_debug_sc_is_state_inconsistent 1002a580 f   sfc_debugmsvc80:sfdb_state_consistency.obj
 0001:000297a0       _sf_debug_sc_fill_consistency_info 1002a7a0 f   sfc_debugmsvc80:sfdb_state_consistency.obj
 0001:00029c20       _void_assertion_fcn        1002ac20 f   sfc_debugmsvc80:sfdb_call_stack.obj
 0001:0002a110       _sf_debug_tm_fill_local_trace 1002b110 f   sfc_debugmsvc80:sfdb_call_stack.obj
 0001:0002a590       _sf_debug_cd_terminate_instance 1002b590 f   sfc_debugmsvc80:sfdb_cycle_detection.obj
 0001:0002a5f0       _sf_debug_cd_free_checksum_stack 1002b5f0 f   sfc_debugmsvc80:sfdb_cycle_detection.obj
 0001:0002a620       _sf_debug_cd_reset_pack_strings 1002b620 f   sfc_debugmsvc80:sfdb_cycle_detection.obj
 0001:0002ac70       _md5file_clear             1002bc70 f   sfc_debugmsvc80:ckmd5.obj
 0001:0002aca0       _Encode                    1002bca0 f   sfc_debugmsvc80:ckmd5.obj
 0001:0002ace0       _Decode                    1002bce0 f   sfc_debugmsvc80:ckmd5.obj
 0001:0002ad60       _MD5Transform              1002bd60 f   sfc_debugmsvc80:ckmd5.obj
 0001:0002b420       _md5file_addn              1002c420 f   sfc_debugmsvc80:ckmd5.obj
 0001:0002b4d0       _md5file_hash              1002c4d0 f   sfc_debugmsvc80:ckmd5.obj
 0001:0002b939       _pre_c_init                1002c939 f   MSVCRT:crtdll.obj
 0001:0002bbae       ___DllMainCRTStartup       1002cbae f   MSVCRT:crtdll.obj
 0001:0002be52       _has_osfxsr_set            1002ce52 f   MSVCRT:cpu_disp.obj
