 ODE_Hand_Model_v08_IPC_v02_sfun

 Timestamp is 50f43633 (Mon Jan 14 18:45:39 2013)

 Preferred load address is 10000000

 Start         Length     Name                   Class
 0001:00000000 00028458H .text                   CODE
 0002:00000000 00000214H .idata$5                DATA
 0002:00000214 00000004H .CRT$XCA                DATA
 0002:00000218 00000004H .CRT$XCZ                DATA
 0002:0000021c 00000004H .CRT$XIA                DATA
 0002:00000220 00000004H .CRT$XIAA               DATA
 0002:00000224 00000004H .CRT$XIC                DATA
 0002:00000228 00000004H .CRT$XIZ                DATA
 0002:00000230 00003f68H .rdata                  DATA
 0002:000041a0 00000004H .rdata$sxdata           DATA
 0002:000041a4 00000004H .rtc$IAA                DATA
 0002:000041a8 00000004H .rtc$IZZ                DATA
 0002:000041ac 00000004H .rtc$TAA                DATA
 0002:000041b0 00000004H .rtc$TZZ                DATA
 0002:000041b8 00000084H .xdata$x                DATA
 0002:0000423c 0000008cH .idata$2                DATA
 0002:000042c8 00000014H .idata$3                DATA
 0002:000042dc 00000214H .idata$4                DATA
 0002:000044f0 0000094cH .idata$6                DATA
 0002:00004e40 00000065H .edata                  DATA
 0003:00000000 000011f8H .data                   DATA
 0003:00001200 0000232cH .bss                    DATA

  Address         Publics by Value              Rva+Base       Lib:Object

 0000:00000000       __except_list              00000000     <absolute>
 0000:00000001       ___safe_se_handler_count   00000001     <absolute>
 0000:00009876       __ldused                   00009876     <absolute>
 0000:00009876       __fltused                  00009876     <absolute>
 0000:00000000       ___ImageBase               10000000     <linker-defined>
 0001:00000000       _sf_c1_ODE_Hand_Model_v08_IPC_v02_get_eml_resolved_functions_info 10001000 f   c1_ODE_Hand_Model_v08_IPC_v02.obj
 0001:00000050       _sf_c1_ODE_Hand_Model_v08_IPC_v02_get_check_sum 10001050 f   c1_ODE_Hand_Model_v08_IPC_v02.obj
 0001:000000b0       _sf_c1_ODE_Hand_Model_v08_IPC_v02_get_autoinheritance_info 100010b0 f   c1_ODE_Hand_Model_v08_IPC_v02.obj
 0001:000001c0       _c1_ODE_Hand_Model_v08_IPC_v02_method_dispatcher 100011c0 f   c1_ODE_Hand_Model_v08_IPC_v02.obj
 0001:00000ff0       _sf_process_check_sum_call 10001ff0 f   ODE_Hand_Model_v08_IPC_v02_sfun_registry.obj
 0001:00001020       _sf_process_autoinheritance_call 10002020 f   ODE_Hand_Model_v08_IPC_v02_sfun_registry.obj
 0001:00001050       _sf_process_get_eml_resolved_functions_info_call 10002050 f   ODE_Hand_Model_v08_IPC_v02_sfun_registry.obj
 0001:00001170       _sf_mex_unlock_call        10002170 f   ODE_Hand_Model_v08_IPC_v02_sfun_registry.obj
 0001:00001200       _sf_machine_global_initializer_called 10002200 f   ODE_Hand_Model_v08_IPC_v02_sfun_registry.obj
 0001:00001220       _sf_machine_global_method_dispatcher 10002220 f   ODE_Hand_Model_v08_IPC_v02_sfun_registry.obj
 0001:00001260       _sf_machine_global_terminator 10002260 f   ODE_Hand_Model_v08_IPC_v02_sfun_registry.obj
 0001:00001290       _sf_register_machine_exported_symbols 10002290 f   ODE_Hand_Model_v08_IPC_v02_sfun_registry.obj
 0001:000012b0       _callCustomFcn             100022b0 f   ODE_Hand_Model_v08_IPC_v02_sfun_registry.obj
 0001:000012c0       _sf_machine_global_initializer 100022c0 f   ODE_Hand_Model_v08_IPC_v02_sfun_registry.obj
 0001:00001320       __ssSetInputPortMatrixDimensions 10002320 f   ODE_Hand_Model_v08_IPC_v02_sfun_registry.obj
 0001:000013d0       __ssSetOutputPortMatrixDimensions 100023d0 f   ODE_Hand_Model_v08_IPC_v02_sfun_registry.obj
 0001:00001480       __ssSetInputPortVectorDimension 10002480 f   ODE_Hand_Model_v08_IPC_v02_sfun_registry.obj
 0001:00001500       __ssSetOutputPortVectorDimension 10002500 f   ODE_Hand_Model_v08_IPC_v02_sfun_registry.obj
 0001:00001580       _ssIsRunTimeParamTunable   10002580 f   ODE_Hand_Model_v08_IPC_v02_sfun_registry.obj
 0001:000015e0       _ssGetSFuncBlockHandle     100025e0 f   ODE_Hand_Model_v08_IPC_v02_sfun_registry.obj
 0001:00001630       __ssGetCurrentInputPortWidth 10002630 f   ODE_Hand_Model_v08_IPC_v02_sfun_registry.obj
 0001:00001700       __ssGetCurrentOutputPortWidth 10002700 f   ODE_Hand_Model_v08_IPC_v02_sfun_registry.obj
 0001:000017d0       __ssGetCallSystemNumFcnCallDestinations 100027d0 f   ODE_Hand_Model_v08_IPC_v02_sfun_registry.obj
 0001:00001830       _ssWarning                 10002830 f   ODE_Hand_Model_v08_IPC_v02_sfun_registry.obj
 0001:00001910       _ssSetIsInputPortUsedForContZcSignal 10002910 f   ODE_Hand_Model_v08_IPC_v02_sfun_registry.obj
 0001:00001960       _ssSetZcSignalIsZcElementDisc 10002960 f   ODE_Hand_Model_v08_IPC_v02_sfun_registry.obj
 0001:000019c0       _ssSetZcSignalName         100029c0 f   ODE_Hand_Model_v08_IPC_v02_sfun_registry.obj
 0001:00001a10       _ssSetZcSignalWidth        10002a10 f   ODE_Hand_Model_v08_IPC_v02_sfun_registry.obj
 0001:00001a60       _ssSetZcSignalZcEventType  10002a60 f   ODE_Hand_Model_v08_IPC_v02_sfun_registry.obj
 0001:00001ab0       _ssSetZcSignalType         10002ab0 f   ODE_Hand_Model_v08_IPC_v02_sfun_registry.obj
 0001:00001b00       _ssSetZcSignalZcTol        10002b00 f   ODE_Hand_Model_v08_IPC_v02_sfun_registry.obj
 0001:00001b50       _ssSetZcSignalNeedsEventNotification 10002b50 f   ODE_Hand_Model_v08_IPC_v02_sfun_registry.obj
 0001:00001ba0       _ssCreateAndAddZcSignalInfo 10002ba0 f   ODE_Hand_Model_v08_IPC_v02_sfun_registry.obj
 0001:00001c00       _ssCloneAndAddZcSignalInfo 10002c00 f   ODE_Hand_Model_v08_IPC_v02_sfun_registry.obj
 0001:00001c60       _ssGetNumZcSignals         10002c60 f   ODE_Hand_Model_v08_IPC_v02_sfun_registry.obj
 0001:00001cc0       _ssGetZcSignalVector       10002cc0 f   ODE_Hand_Model_v08_IPC_v02_sfun_registry.obj
 0001:00001d20       _ssGetZcSignalZcEvents     10002d20 f   ODE_Hand_Model_v08_IPC_v02_sfun_registry.obj
 0001:00001d80       _ssGetZcSignalName         10002d80 f   ODE_Hand_Model_v08_IPC_v02_sfun_registry.obj
 0001:00001de0       _ssGetZcSignalWidth        10002de0 f   ODE_Hand_Model_v08_IPC_v02_sfun_registry.obj
 0001:00001e40       _ssGetZcSignalZcEventType  10002e40 f   ODE_Hand_Model_v08_IPC_v02_sfun_registry.obj
 0001:00001ea0       _ssGetZcSignalType         10002ea0 f   ODE_Hand_Model_v08_IPC_v02_sfun_registry.obj
 0001:00001f00       _ssGetZcSignalZcTol        10002f00 f   ODE_Hand_Model_v08_IPC_v02_sfun_registry.obj
 0001:00001f60       _ssGetZcSignalNeedsEventNotification 10002f60 f   ODE_Hand_Model_v08_IPC_v02_sfun_registry.obj
 0001:00001fc0       _ssGetZcSignalIsZcElementDisc 10002fc0 f   ODE_Hand_Model_v08_IPC_v02_sfun_registry.obj
 0001:00002020       _ssGetIsInputPortElementContinuous 10003020 f   ODE_Hand_Model_v08_IPC_v02_sfun_registry.obj
 0001:00002080       __ssGetInputPortSignalPtrsFcn 10003080 f   ODE_Hand_Model_v08_IPC_v02_sfun_registry.obj
 0001:00002280       __ssGetInputPortSignalFcn  10003280 f   ODE_Hand_Model_v08_IPC_v02_sfun_registry.obj
 0001:00002410       __ssSetInputPortDirectFeedThroughFcn 10003410 f   ODE_Hand_Model_v08_IPC_v02_sfun_registry.obj
 0001:00002540       __ssSetInputPortReusableFcn 10003540 f   ODE_Hand_Model_v08_IPC_v02_sfun_registry.obj
 0001:000025d0       __ssSetOutputPortReusableFcn 100035d0 f   ODE_Hand_Model_v08_IPC_v02_sfun_registry.obj
 0001:00002660       _ssGetDTypeIdFromMxArray   10003660 f   ODE_Hand_Model_v08_IPC_v02_sfun_registry.obj
 0001:00002750       _ssWriteRTWStr             10003750 f   ODE_Hand_Model_v08_IPC_v02_sfun_registry.obj
 0001:00002790       _ssWriteRTWMxVectParam     10003790 f   ODE_Hand_Model_v08_IPC_v02_sfun_registry.obj
 0001:000027d0       _ssWriteRTWMx2dMatParam    100037d0 f   ODE_Hand_Model_v08_IPC_v02_sfun_registry.obj
 0001:00002810       _ssWriteRTWNameValuePair   10003810 f   ODE_Hand_Model_v08_IPC_v02_sfun_registry.obj
 0001:00002b80       _ssWriteRTWParameters      10003b80 f   ODE_Hand_Model_v08_IPC_v02_sfun_registry.obj
 0001:00002f20       _ssWriteRTWParamSettings   10003f20 f   ODE_Hand_Model_v08_IPC_v02_sfun_registry.obj
 0001:000033d0       _ssWriteRTWWorkVect        100043d0 f   ODE_Hand_Model_v08_IPC_v02_sfun_registry.obj
 0001:00003760       _mexFunction               10004760 f   ODE_Hand_Model_v08_IPC_v02_sfun_registry.obj
 0001:00004e30       _ProcessMexSfunctionEveryCall 10005e30 f   ODE_Hand_Model_v08_IPC_v02_sfun_registry.obj
 0001:00004f40       _ODE_Hand_Model_v08_IPC_v02_initializer 10005f40 f   ODE_Hand_Model_v08_IPC_v02_sfun.obj
 0001:00004f50       _ODE_Hand_Model_v08_IPC_v02_terminator 10005f50 f   ODE_Hand_Model_v08_IPC_v02_sfun.obj
 0001:00004f60       _sf_ODE_Hand_Model_v08_IPC_v02_method_dispatcher 10005f60 f   ODE_Hand_Model_v08_IPC_v02_sfun.obj
 0001:00004f90       _sf_ODE_Hand_Model_v08_IPC_v02_process_check_sum_call 10005f90 f   ODE_Hand_Model_v08_IPC_v02_sfun.obj
 0001:00005340       _sf_ODE_Hand_Model_v08_IPC_v02_autoinheritance_info 10006340 f   ODE_Hand_Model_v08_IPC_v02_sfun.obj
 0001:00005410       _sf_ODE_Hand_Model_v08_IPC_v02_get_eml_resolved_functions_info 10006410 f   ODE_Hand_Model_v08_IPC_v02_sfun.obj
 0001:00005500       _ODE_Hand_Model_v08_IPC_v02_debug_initialize 10006500 f   ODE_Hand_Model_v08_IPC_v02_sfun.obj
 0001:00005550       _ODE_Hand_Model_v08_IPC_v02_register_exported_symbols 10006550 f   ODE_Hand_Model_v08_IPC_v02_sfun.obj
 0001:000055c0       _sf_mex_mx_is_numeric      100065c0 f   sfc_mexmsvc80:sfc_mex.obj
 0001:00005600       _strcmp_ignore_ws          10006600 f   sfc_mexmsvc80:sfc_mex.obj
 0001:00005720       _sf_mex_duplicatearraysafe 10006720 f   sfc_mexmsvc80:sfc_mex.obj
 0001:00005900       _sf_set_error_debugger_context_message_fcn 10006900 f   sfc_mexmsvc80:sfc_mex.obj
 0001:00005910       _sf_set_debugger_matlab_error_fcn 10006910 f   sfc_mexmsvc80:sfc_mex.obj
 0001:00005930       _sf_set_error_prefix_string 10006930 f   sfc_mexmsvc80:sfc_mex.obj
 0001:00005960       _sf_get_error_prefix_string 10006960 f   sfc_mexmsvc80:sfc_mex.obj
 0001:00005970       _sf_get_current_jmp_buf_ptr 10006970 f   sfc_mexmsvc80:sfc_mex.obj
 0001:00005980       _sf_set_current_jmp_buf_ptr 10006980 f   sfc_mexmsvc80:sfc_mex.obj
 0001:00005990       _sf_mex_set_halt_simulation 10006990 f   sfc_mexmsvc80:sfc_mex.obj
 0001:000059a0       _sf_mex_get_halt_simulation 100069a0 f   sfc_mexmsvc80:sfc_mex.obj
 0001:000059b0       _sf_mex_clear_error_message 100069b0 f   sfc_mexmsvc80:sfc_mex.obj
 0001:000059d0       _sf_mex_get_error_message_for_read 100069d0 f   sfc_mexmsvc80:sfc_mex.obj
 0001:000059e0       _sf_mex_get_error_message_buffer_length 100069e0 f   sfc_mexmsvc80:sfc_mex.obj
 0001:00005ab0       _sf_mex_warning_message    10006ab0 f   sfc_mexmsvc80:sfc_mex.obj
 0001:00005b00       _sf_mex_v_errbuf_createf   10006b00 f   sfc_mexmsvc80:sfc_mex.obj
 0001:00005b20       _sf_mex_errbuf_createf     10006b20 f   sfc_mexmsvc80:sfc_mex.obj
 0001:00005b40       _sf_mex_v_errbuf_catf      10006b40 f   sfc_mexmsvc80:sfc_mex.obj
 0001:00005b80       _sf_mex_errbuf_catf        10006b80 f   sfc_mexmsvc80:sfc_mex.obj
 0001:00005bc0       _sf_mex_errbuf_copy        10006bc0 f   sfc_mexmsvc80:sfc_mex.obj
 0001:00005be0       _sf_mex_errbuf_clear       10006be0 f   sfc_mexmsvc80:sfc_mex.obj
 0001:00005bf0       _sf_mex_errbuf_isempty     10006bf0 f   sfc_mexmsvc80:sfc_mex.obj
 0001:00005c80       _sf_mex_set_error_status   10006c80 f   sfc_mexmsvc80:sfc_mex.obj
 0001:00005cb0       _sf_mex_error_direct_call  10006cb0 f   sfc_mexmsvc80:sfc_mex.obj
 0001:00005cd0       _sf_mex_long_jump_on_error 10006cd0 f   sfc_mexmsvc80:sfc_mex.obj
 0001:00005d00       _sf_mex_call_matlab        10006d00 f   sfc_mexmsvc80:sfc_mex.obj
 0001:00005dd0       _sf_mex_check_builtin      10006dd0 f   sfc_mexmsvc80:sfc_mex.obj
 0001:00005e00       _sf_mex_check_builtin_vs   10006e00 f   sfc_mexmsvc80:sfc_mex.obj
 0001:00005e40       _sf_mex_check_enum         10006e40 f   sfc_mexmsvc80:sfc_mex.obj
 0001:00005e70       _sf_mex_create_enum        10006e70 f   sfc_mexmsvc80:sfc_mex.obj
 0001:00005e90       _sf_mex_get_enum_element   10006e90 f   sfc_mexmsvc80:sfc_mex.obj
 0001:00005ea0       _sf_mex_createcellarray    10006ea0 f   sfc_mexmsvc80:sfc_mex.obj
 0001:00005ec0       _sf_mex_setcell            10006ec0 f   sfc_mexmsvc80:sfc_mex.obj
 0001:00005ed0       _sf_mex_getcell            10006ed0 f   sfc_mexmsvc80:sfc_mex.obj
 0001:00005ee0       _sf_mex_dup                10006ee0 f   sfc_mexmsvc80:sfc_mex.obj
 0001:00005f10       _sf_mex_assign             10006f10 f   sfc_mexmsvc80:sfc_mex.obj
 0001:00005f60       _sf_mex_destroy            10006f60 f   sfc_mexmsvc80:sfc_mex.obj
 0001:00005f80       _mx_array_has_fi_type      10006f80 f   sfc_mexmsvc80:sfc_mex.obj
 0001:00005fb0       _sf_mex_convert_from_fi    10006fb0 f   sfc_mexmsvc80:sfc_mex.obj
 0001:00006030       _sf_mex_convert_to_double  10007030 f   sfc_mexmsvc80:sfc_mex.obj
 0001:00006070       _sf_mex_import_fi_vs       10007070 f   sfc_mexmsvc80:sfc_mex.obj
 0001:000061d0       _sf_matrix_matrix_index_ok 100071d0 f   sfc_mexmsvc80:sfc_mex.obj
 0001:00006250       _ssGetCurrentInputPortDimensions_wrapper 10007250 f   sfc_mexmsvc80:sfc_mex.obj
 0001:00006270       _ssGetCurrentOutputPortDimensions_wrapper 10007270 f   sfc_mexmsvc80:sfc_mex.obj
 0001:00006290       _sf_mex_emlrt_context_is_debug_mode 10007290 f   sfc_mexmsvc80:sfc_mex.obj
 0001:000062a0       _sf_mex_emlrt_context_set_debug_mode 100072a0 f   sfc_mexmsvc80:sfc_mex.obj
 0001:000062b0       _sf_clear_error_manager_info 100072b0 f   sfc_mexmsvc80:sfc_mex.obj
 0001:00006300       _sf_mex_stop_simulation_abruptly_wo_error 10007300 f   sfc_mexmsvc80:sfc_mex.obj
 0001:00006330       _sf_mex_error_message      10007330 f   sfc_mexmsvc80:sfc_mex.obj
 0001:00006380       _sf_react_to_error_in_matlab_call 10007380 f   sfc_mexmsvc80:sfc_mex.obj
 0001:000063a0       _sf_mex_addfield           100073a0 f   sfc_mexmsvc80:sfc_mex.obj
 0001:00006410       _sf_mex_getfield           10007410 f   sfc_mexmsvc80:sfc_mex.obj
 0001:00006590       _sf_mex_check_class        10007590 f   sfc_mexmsvc80:sfc_mex.obj
 0001:00006610       _sf_mex_is_real            10007610 f   sfc_mexmsvc80:sfc_mex.obj
 0001:00006650       _sf_mex_check_complex      10007650 f   sfc_mexmsvc80:sfc_mex.obj
 0001:000066c0       _sf_mex_check_sparse       100076c0 f   sfc_mexmsvc80:sfc_mex.obj
 0001:00006710       _sf_mex_check_numerictype  10007710 f   sfc_mexmsvc80:sfc_mex.obj
 0001:000067b0       _sf_mex_check_fimath       100077b0 f   sfc_mexmsvc80:sfc_mex.obj
 0001:00006850       _sf_mex_decode_encoded_mx_struct_array 10007850 f   sfc_mexmsvc80:sfc_mex.obj
 0001:000069f0       _sf_mex_lw_bounds_check    100079f0 f   sfc_mexmsvc80:sfc_mex.obj
 0001:00006a20       _sf_mex_lw_size_eq_check_1d 10007a20 f   sfc_mexmsvc80:sfc_mex.obj
 0001:00006a40       _sf_mex_lw_size_eq_check_nd 10007a40 f   sfc_mexmsvc80:sfc_mex.obj
 0001:00006b20       _sf_mex_lw_dim_size_eq_check 10007b20 f   sfc_mexmsvc80:sfc_mex.obj
 0001:00006b50       _sf_mex_lw_dim_size_geq_check 10007b50 f   sfc_mexmsvc80:sfc_mex.obj
 0001:00006b80       _sf_mex_lw_sub_assign_size_check_nd 10007b80 f   sfc_mexmsvc80:sfc_mex.obj
 0001:00006cb0       _sf_mex_lw_matrix_matrix_index_check 10007cb0 f   sfc_mexmsvc80:sfc_mex.obj
 0001:00006ce0       _sf_mex_lw_non_negative_check 10007ce0 f   sfc_mexmsvc80:sfc_mex.obj
 0001:00006d10       _sf_mex_overflow_error     10007d10 f   sfc_mexmsvc80:sfc_mex.obj
 0001:00006d20       _sf_mex_dividebyzero_error 10007d20 f   sfc_mexmsvc80:sfc_mex.obj
 0001:00006d30       _sf_mex_unsafe_enum_error  10007d30 f   sfc_mexmsvc80:sfc_mex.obj
 0001:00006d40       _sf_emlrtErrHandler        10007d40 f   sfc_mexmsvc80:sfc_mex.obj
 0001:00006d80       _sf_mex_printf             10007d80 f   sfc_mexmsvc80:sfc_mex.obj
 0001:00006e60       _sf_mex_check_size         10007e60 f   sfc_mexmsvc80:sfc_mex.obj
 0001:000070e0       _sf_mex_check_struct       100080e0 f   sfc_mexmsvc80:sfc_mex.obj
 0001:000071e0       _sf_mex_check_struct_vs    100081e0 f   sfc_mexmsvc80:sfc_mex.obj
 0001:00007220       _sf_mex_check_fi           10008220 f   sfc_mexmsvc80:sfc_mex.obj
 0001:000072f0       _sf_mex_check_fi_vs        100082f0 f   sfc_mexmsvc80:sfc_mex.obj
 0001:00007340       _sf_echo_expression        10008340 f   sfc_mexmsvc80:sfc_mex.obj
 0001:00007390       _sf_assertion_failed       10008390 f   sfc_mexmsvc80:sfc_mex.obj
 0001:00007510       _sf_mex_evalin             10008510 f   sfc_mexmsvc80:sfc_mex.obj
 0001:00007770       _sf_mex_export             10008770 f   sfc_mexmsvc80:sfc_mex.obj
 0001:00007820       _sf_mex_get_ml_var_no_error 10008820 f   sfc_mexmsvc80:sfc_mex.obj
 0001:00007980       _sf_mex_get_ml_var         10008980 f   sfc_mexmsvc80:sfc_mex.obj
 0001:00007c90       _ml_set_element_value_in_array 10008c90 f   sfc_mexmsvc80:sfc_mex.obj
 0001:00009390       _sf_mex_call_impl          1000a390 f   sfc_mexmsvc80:sfc_mex.obj
 0001:00009720       _sf_mex_call_debug         1000a720 f   sfc_mexmsvc80:sfc_mex.obj
 0001:00009740       _sf_mex_call               1000a740 f   sfc_mexmsvc80:sfc_mex.obj
 0001:00009e50       _sf_mex_createstruct       1000ae50 f   sfc_mexmsvc80:sfc_mex.obj
 0001:00009ef0       _sf_mex_createstructarray  1000aef0 f   sfc_mexmsvc80:sfc_mex.obj
 0001:00009f50       _sf_mex_get_mx_datatype_from_sf_datatype 1000af50 f   sfc_mexmsvc80:sfc_mex.obj
 0001:0000a1d0       _sf_mex_ml_var_sub         1000b1d0 f   sfc_mexmsvc80:sfc_mex.obj
 0001:0000a330       _sf_mex_ml_var_subsasgn    1000b330 f   sfc_mexmsvc80:sfc_mex.obj
 0001:0000a640       _sf_mex_sub                1000b640 f   sfc_mexmsvc80:sfc_mex.obj
 0001:0000a7c0       _sf_mex_subsasgn           1000b7c0 f   sfc_mexmsvc80:sfc_mex.obj
 0001:0000ab70       _sf_mex_create             1000bb70 f   sfc_mexmsvc80:sfc_mex.obj
 0001:0000b3d0       _sf_mex_import             1000c3d0 f   sfc_mexmsvc80:sfc_mex.obj
 0001:0000b470       _sf_mex_import_vs          1000c470 f   sfc_mexmsvc80:sfc_mex.obj
 0001:0000b500       _sf_mex_lower_fixpt_mx_array 1000c500 f   sfc_mexmsvc80:sfc_mex.obj
 0001:0000b8c0       _sim_mode_is_rtw_gen       1000c8c0 f   sfc_mexmsvc80:sfc_sf.obj
 0001:0000b900       _sim_mode_is_external      1000c900 f   sfc_mexmsvc80:sfc_sf.obj
 0001:0000b920       _mdlInitializeSizes        1000c920 f   sfc_mexmsvc80:sfc_sf.obj
 0001:0000b940       _mdlInitializeSampleTimes  1000c940 f   sfc_mexmsvc80:sfc_sf.obj
 0001:0000b980       _mdlZeroCrossings          1000c980 f   sfc_mexmsvc80:sfc_sf.obj
 0001:0000ba30       _mdlDerivatives            1000ca30 f   sfc_mexmsvc80:sfc_sf.obj
 0001:0000bad0       _mdl_initialize_conditions_processing 1000cad0 f   sfc_mexmsvc80:sfc_sf.obj
 0001:0000bb00       _mdlInitializeConditions   1000cb00 f   sfc_mexmsvc80:sfc_sf.obj
 0001:0000bba0       _mdlGetSimState            1000cba0 f   sfc_mexmsvc80:sfc_sf.obj
 0001:0000bbc0       _mdlSetSimState            1000cbc0 f   sfc_mexmsvc80:sfc_sf.obj
 0001:0000bbe0       _mdl_ext_mode_exec_processing 1000cbe0 f   sfc_mexmsvc80:sfc_sf.obj
 0001:0000bc00       _mdlExtModeExec            1000cc00 f   sfc_mexmsvc80:sfc_sf.obj
 0001:0000bdb0       _mdlTerminate              1000cdb0 f   sfc_mexmsvc80:sfc_sf.obj
 0001:0000be10       _mdlRTW                    1000ce10 f   sfc_mexmsvc80:sfc_sf.obj
 0001:0000be40       _mdlSetWorkWidths          1000ce40 f   sfc_mexmsvc80:sfc_sf.obj
 0001:0000be60       _mdlProcessParameters      1000ce60 f   sfc_mexmsvc80:sfc_sf.obj
 0001:0000be80       _mdl_start_processing      1000ce80 f   sfc_mexmsvc80:sfc_sf.obj
 0001:0000bec0       _mdlStart                  1000cec0 f   sfc_mexmsvc80:sfc_sf.obj
 0001:0000bf90       _mdlEnable                 1000cf90 f   sfc_mexmsvc80:sfc_sf.obj
 0001:0000c040       _mdlDisable                1000d040 f   sfc_mexmsvc80:sfc_sf.obj
 0001:0000c0d0       _sf_get_chart_instance_ptr 1000d0d0 f   sfc_mexmsvc80:sfc_sf.obj
 0001:0000c0f0       _sf_rtw_info_uint_prop     1000d0f0 f   sfc_mexmsvc80:sfc_sf.obj
 0001:0000c220       _sf_is_chart_inlinable     1000d220 f   sfc_mexmsvc80:sfc_sf.obj
 0001:0000c240       _sf_mark_output_events_with_multiple_callers 1000d240 f   sfc_mexmsvc80:sfc_sf.obj
 0001:0000c3b0       _sf_mark_chart_reusable_outputs 1000d3b0 f   sfc_mexmsvc80:sfc_sf.obj
 0001:0000c520       _sf_mark_chart_expressionable_inputs 1000d520 f   sfc_mexmsvc80:sfc_sf.obj
 0001:0000c710       _sf_get_subchart_simstruct 1000d710 f   sfc_mexmsvc80:sfc_sf.obj
 0001:0000c750       _sf_write_symbol_mapping   1000d750 f   sfc_mexmsvc80:sfc_sf.obj
 0001:0000c920       _sf_get_fixpt_data_type_id 1000d920 f   sfc_mexmsvc80:sfc_sf.obj
 0001:0000c960       _sf_get_enum_data_type_id  1000d960 f   sfc_mexmsvc80:sfc_sf.obj
 0001:0000c9a0       _sf_get_param_data_type_id 1000d9a0 f   sfc_mexmsvc80:sfc_sf.obj
 0001:0000c9d0       _sf_mex_listen_for_ctrl_c_force 1000d9d0 f   sfc_mexmsvc80:sfc_sf.obj
 0001:0000cad0       _sf_mex_draw_now           1000dad0 f   sfc_mexmsvc80:sfc_sf.obj
 0001:0000cb10       _sf_mex_set_debugger_sim_status_listener_fcn 1000db10 f   sfc_mexmsvc80:sfc_sf.obj
 0001:0000cb20       _sf_mex_listen_for_ctrl_c  1000db20 f   sfc_mexmsvc80:sfc_sf.obj
 0001:0000cbb0       _sf_mex_get_sfun_param     1000dbb0 f   sfc_mexmsvc80:sfc_sf.obj
 0001:0000cc00       _sf_get_runtime_param_data 1000dc00 f   sfc_mexmsvc80:sfc_sf.obj
 0001:0000cc40       _sf_call_output_fcn_call   1000dc40 f   sfc_mexmsvc80:sfc_sf.obj
 0001:0000cd60       _sf_call_output_fcn_enable 1000dd60 f   sfc_mexmsvc80:sfc_sf.obj
 0001:0000cde0       _sf_call_output_fcn_disable 1000dde0 f   sfc_mexmsvc80:sfc_sf.obj
 0001:0000ce60       _sf_clear_rtw_identifier   1000de60 f   sfc_mexmsvc80:sfc_sf.obj
 0001:0000d660       _sf_set_encoded_dwork_info 1000e660 f   sfc_mexmsvc80:sfc_sf.obj
 0001:0000d7f0       _sf_set_rtw_dwork_info     1000e7f0 f   sfc_mexmsvc80:sfc_sf.obj
 0001:0000d910       _mdlOutputs                1000e910 f   sfc_mexmsvc80:sfc_sf.obj
 0001:0000da30       _sf_debug_disp             1000ea30 f   sfc_debugmsvc80:sfcdebug.obj
 0001:0000dc30       _sf_debug_data_runtime_size_mismatch_error_check 1000ec30 f   sfc_debugmsvc80:sfcdebug.obj
 0001:0000dc70       _sf_debug_try_loading_machine 1000ec70 f   sfc_debugmsvc80:sfcdebug.obj
 0001:0000dd40       _sf_debug_reset_current_state_configuration 1000ed40 f   sfc_debugmsvc80:sfcdebug.obj
 0001:0000dd80       _sf_debug_store_current_state_configuration 1000ed80 f   sfc_debugmsvc80:sfcdebug.obj
 0001:0000ddc0       _sf_debug_restore_previous_state_configuration 1000edc0 f   sfc_debugmsvc80:sfcdebug.obj
 0001:0000de00       _sf_debug_restore_previous_state_configuration2 1000ee00 f   sfc_debugmsvc80:sfcdebug.obj
 0001:0000de40       _sf_debug_get_event_scope  1000ee40 f   sfc_debugmsvc80:sfcdebug.obj
 0001:0000df60       _use_debugger_step_animation 1000ef60 f   sfc_debugmsvc80:sfcdebug.obj
 0001:0000df80       _sf_debug_get_script_id    1000ef80 f   sfc_debugmsvc80:sfcdebug.obj
 0001:0000e010       _sf_debug_set_script_translation 1000f010 f   sfc_debugmsvc80:sfcdebug.obj
 0001:0000e0a0       _sf_debug_get_current_machine_id 1000f0a0 f   sfc_debugmsvc80:sfcdebug.obj
 0001:0000e0c0       _sf_debug_get_current_optional_integer 1000f0c0 f   sfc_debugmsvc80:sfcdebug.obj
 0001:0000e0d0       _sf_debug_get_current_machine_number 1000f0d0 f   sfc_debugmsvc80:sfcdebug.obj
 0001:0000e0f0       _sf_debug_get_current_machine_name 1000f0f0 f   sfc_debugmsvc80:sfcdebug.obj
 0001:0000e110       _sf_debug_get_current_chart_id 1000f110 f   sfc_debugmsvc80:sfcdebug.obj
 0001:0000e140       _sf_debug_get_current_chart_number 1000f140 f   sfc_debugmsvc80:sfcdebug.obj
 0001:0000e150       _sf_debug_get_current_instance_number 1000f150 f   sfc_debugmsvc80:sfcdebug.obj
 0001:0000e160       _sf_debug_get_current_is_minor_time_step 1000f160 f   sfc_debugmsvc80:sfcdebug.obj
 0001:0000e1d0       _sf_debug_get_current_object_type 1000f1d0 f   sfc_debugmsvc80:sfcdebug.obj
 0001:0000e1e0       _sf_debug_get_current_instance_handle 1000f1e0 f   sfc_debugmsvc80:sfcdebug.obj
 0001:0000e230       _sf_debug_get_current_event_type 1000f230 f   sfc_debugmsvc80:sfcdebug.obj
 0001:0000e240       _sf_debug_get_current_object_id 1000f240 f   sfc_debugmsvc80:sfcdebug.obj
 0001:0000e270       _sf_debug_get_current_active_event_type 1000f270 f   sfc_debugmsvc80:sfcdebug.obj
 0001:0000e280       _sf_debug_get_current_active_event_id 1000f280 f   sfc_debugmsvc80:sfcdebug.obj
 0001:0000e2b0       _sf_debug_get_current_tag_type 1000f2b0 f   sfc_debugmsvc80:sfcdebug.obj
 0001:0000e2c0       _sf_debug_get_current_simulation_time 1000f2c0 f   sfc_debugmsvc80:sfcdebug.obj
 0001:0000e2d0       _sf_debug_get_current_coverage_percentage 1000f2d0 f   sfc_debugmsvc80:sfcdebug.obj
 0001:0000e2e0       _sf_debug_current_statement_context 1000f2e0 f   sfc_debugmsvc80:sfcdebug.obj
 0001:0000e360       _sf_debug_get_current_statement_info 1000f360 f   sfc_debugmsvc80:sfcdebug.obj
 0001:0000e4a0       _sf_debug_terminate_instance 1000f4a0 f   sfc_debugmsvc80:sfcdebug.obj
 0001:0000e720       _sf_debug_assertion_failed 1000f720 f   sfc_debugmsvc80:sfcdebug.obj
 0001:0000e8f0       _sf_debug_set_number_of_data_with_change_event_for_machine 1000f8f0 f   sfc_debugmsvc80:sfcdebug.obj
 0001:0000e930       _sf_debug_set_machine_event_thresholds 1000f930 f   sfc_debugmsvc80:sfcdebug.obj
 0001:0000e960       _sf_debug_set_machine_event_scope 1000f960 f   sfc_debugmsvc80:sfcdebug.obj
 0001:0000e9a0       _sf_debug_set_machine_data_thresholds 1000f9a0 f   sfc_debugmsvc80:sfcdebug.obj
 0001:0000e9e0       _sf_debug_set_machine_data_scope 1000f9e0 f   sfc_debugmsvc80:sfcdebug.obj
 0001:0000ea60       _sf_debug_set_machine_data_name 1000fa60 f   sfc_debugmsvc80:sfcdebug.obj
 0001:0000eab0       _sf_debug_set_machine_data_size 1000fab0 f   sfc_debugmsvc80:sfcdebug.obj
 0001:0000eba0       _sf_debug_set_machine_data_type 1000fba0 f   sfc_debugmsvc80:sfcdebug.obj
 0001:0000ecc0       _sf_debug_get_chart_data_number 1000fcc0 f   sfc_debugmsvc80:sfcdebug.obj
 0001:0000ecf0       _sf_debug_get_chart_event_number 1000fcf0 f   sfc_debugmsvc80:sfcdebug.obj
 0001:0000ed20       _sf_debug_set_chart_state_info 1000fd20 f   sfc_debugmsvc80:sfcdebug.obj
 0001:0000eda0       _sf_debug_set_chart_decomposition 1000fda0 f   sfc_debugmsvc80:sfcdebug.obj
 0001:0000ee10       _sf_debug_set_chart_substate_count 1000fe10 f   sfc_debugmsvc80:sfcdebug.obj
 0001:0000eed0       _sf_debug_set_chart_substate_index 1000fed0 f   sfc_debugmsvc80:sfcdebug.obj
 0001:0000ef40       _sf_debug_set_chart_state_substate_count 1000ff40 f   sfc_debugmsvc80:sfcdebug.obj
 0001:0000f020       _sf_debug_set_chart_state_substate_index 10010020 f   sfc_debugmsvc80:sfcdebug.obj
 0001:0000f0a0       _sf_debug_set_number_of_data_with_change_event_for_chart 100100a0 f   sfc_debugmsvc80:sfcdebug.obj
 0001:0000f120       _sf_debug_set_number_of_states_with_entry_event_for_chart 10010120 f   sfc_debugmsvc80:sfcdebug.obj
 0001:0000f190       _sf_debug_set_number_of_states_with_exit_event_for_chart 10010190 f   sfc_debugmsvc80:sfcdebug.obj
 0001:0000f200       _sf_debug_set_chart_disable_implicit_casting 10010200 f   sfc_debugmsvc80:sfcdebug.obj
 0001:0000f270       _sf_debug_set_chart_event_thresholds 10010270 f   sfc_debugmsvc80:sfcdebug.obj
 0001:0000f2e0       _sf_debug_set_chart_data_props 100102e0 f   sfc_debugmsvc80:sfcdebug.obj
 0001:0000f750       _sf_debug_check_fi_license 10010750 f   sfc_debugmsvc80:sfcdebug.obj
 0001:0000f8e0       _sf_debug_symbol_scope_push 100108e0 f   sfc_debugmsvc80:sfcdebug.obj
 0001:0000f920       _sf_debug_symbol_scope_push_eml 10010920 f   sfc_debugmsvc80:sfcdebug.obj
 0001:0000f960       _sf_debug_symbol_scope_pop 10010960 f   sfc_debugmsvc80:sfcdebug.obj
 0001:0000f990       _sf_debug_symbol_scope_add 10010990 f   sfc_debugmsvc80:sfcdebug.obj
 0001:0000f9e0       _sf_debug_symbol_scope_add_eml 100109e0 f   sfc_debugmsvc80:sfcdebug.obj
 0001:0000fa10       _sf_debug_symbol_scope_add_dyn 10010a10 f   sfc_debugmsvc80:sfcdebug.obj
 0001:0000fa80       _sf_debug_symbol_scope_add_eml_dyn 10010a80 f   sfc_debugmsvc80:sfcdebug.obj
 0001:0000fad0       _sf_debug_symbol_switch    10010ad0 f   sfc_debugmsvc80:sfcdebug.obj
 0001:0000faf0       _sf_debug_symbol_scope_add_verbose 10010af0 f   sfc_debugmsvc80:sfcdebug.obj
 0001:0000fb60       _sf_debug_set_machine_data_value_ptr 10010b60 f   sfc_debugmsvc80:sfcdebug.obj
 0001:0000fba0       _sf_debug_set_instance_data_value_ptr 10010ba0 f   sfc_debugmsvc80:sfcdebug.obj
 0001:0000fc00       _sf_debug_unset_instance_data_value_ptr 10010c00 f   sfc_debugmsvc80:sfcdebug.obj
 0001:0000fc50       _sf_debug_set_chart_event_scope 10010c50 f   sfc_debugmsvc80:sfcdebug.obj
 0001:0000fcd0       _sf_debug_set_chart_transition_coverage_maps 10010cd0 f   sfc_debugmsvc80:sfcdebug.obj
 0001:0000fd60       _sf_debug_set_chart_state_coverage_maps 10010d60 f   sfc_debugmsvc80:sfcdebug.obj
 0001:0000fde0       _sf_debug_set_instance_transition_coverage_weights 10010de0 f   sfc_debugmsvc80:sfcdebug.obj
 0001:0000fe50       _sf_debug_set_instance_state_coverage_weights 10010e50 f   sfc_debugmsvc80:sfcdebug.obj
 0001:00010050       _sf_debug_unload_machine   10011050 f   sfc_debugmsvc80:sfcdebug.obj
 0001:000100a0       _sf_debug_load_machine     100110a0 f   sfc_debugmsvc80:sfcdebug.obj
 0001:00010150       _sf_debug_set_active_instance_in_data_dictionary 10011150 f   sfc_debugmsvc80:sfcdebug.obj
 0001:000102d0       _sf_debug_set_active_instance 100112d0 f   sfc_debugmsvc80:sfcdebug.obj
 0001:000103c0       _sf_debug_chart_visiblity_change 100113c0 f   sfc_debugmsvc80:sfcdebug.obj
 0001:00010460       _sf_debug_select_chart     10011460 f   sfc_debugmsvc80:sfcdebug.obj
 0001:00010500       _sf_debug_set_instance_cv_ids 10011500 f   sfc_debugmsvc80:sfcdebug.obj
 0001:000106c0       _sf_debug_select_charts    100116c0 f   sfc_debugmsvc80:sfcdebug.obj
 0001:000107a0       _sf_debug_initialized      100117a0 f   sfc_debugmsvc80:sfcdebug.obj
 0001:000107b0       _sf_debug_is_uninterruptible 100117b0 f   sfc_debugmsvc80:sfcdebug.obj
 0001:000107e0       _sf_debug_initialize_debugger_gui 100117e0 f   sfc_debugmsvc80:sfcdebug.obj
 0001:00010b60       _sf_debug_resume           10011b60 f   sfc_debugmsvc80:sfcdebug.obj
 0001:00010b80       _sf_debug_go               10011b80 f   sfc_debugmsvc80:sfcdebug.obj
 0001:00010b90       _sf_debug_break            10011b90 f   sfc_debugmsvc80:sfcdebug.obj
 0001:00010ba0       _sf_debug_step_over        10011ba0 f   sfc_debugmsvc80:sfcdebug.obj
 0001:00010bb0       _sf_debug_step_out         10011bb0 f   sfc_debugmsvc80:sfcdebug.obj
 0001:00010bc0       _sf_debug_set_disable_all_breakpoints 10011bc0 f   sfc_debugmsvc80:sfcdebug.obj
 0001:00010bd0       _sf_debug_disable_all_breakpoints_and_go 10011bd0 f   sfc_debugmsvc80:sfcdebug.obj
 0001:00010be0       _sf_debug_break_on_chart_entry 10011be0 f   sfc_debugmsvc80:sfcdebug.obj
 0001:00010bf0       _sf_debug_break_on_event_broadcast 10011bf0 f   sfc_debugmsvc80:sfcdebug.obj
 0001:00010c00       _sf_debug_break_on_state_entry 10011c00 f   sfc_debugmsvc80:sfcdebug.obj
 0001:00010c10       _sf_debug_break_between_times 10011c10 f   sfc_debugmsvc80:sfcdebug.obj
 0001:00010c40       _sf_debug_browse_data      10011c40 f   sfc_debugmsvc80:sfcdebug.obj
 0001:00010c60       _sf_debug_watch_data       10011c60 f   sfc_debugmsvc80:sfcdebug.obj
 0001:00010c80       _sf_debug_whos             10011c80 f   sfc_debugmsvc80:sfcdebug.obj
 0001:00010ca0       _sf_debug_get_consistency_info 10011ca0 f   sfc_debugmsvc80:sfcdebug.obj
 0001:00010cc0       _sf_debug_browse_trace     10011cc0 f   sfc_debugmsvc80:sfcdebug.obj
 0001:00010ce0       _sf_debug_set_breakpoints  10011ce0 f   sfc_debugmsvc80:sfcdebug.obj
 0001:00010da0       _sf_debug_set_eml_breakpoints 10011da0 f   sfc_debugmsvc80:sfcdebug.obj
 0001:00010eb0       _sf_debug_set_script_breakpoints 10011eb0 f   sfc_debugmsvc80:sfcdebug.obj
 0001:00010f30       _sf_debug_add_script_breakpoints 10011f30 f   sfc_debugmsvc80:sfcdebug.obj
 0001:00010fa0       _sf_debug_clear_script_breakpoints 10011fa0 f   sfc_debugmsvc80:sfcdebug.obj
 0001:00011010       _sf_debug_query_script_breakpoints 10012010 f   sfc_debugmsvc80:sfcdebug.obj
 0001:000110b0       _sf_debug_get_eml_script_id 100120b0 f   sfc_debugmsvc80:sfcdebug.obj
 0001:00011100       _sf_debug_set_watch        10012100 f   sfc_debugmsvc80:sfcdebug.obj
 0001:000112a0       _sf_debug_get_coverage     100122a0 f   sfc_debugmsvc80:sfcdebug.obj
 0001:000112c0       _sf_debug_get_instance_handle 100122c0 f   sfc_debugmsvc80:sfcdebug.obj
 0001:00011340       _sf_debug_get_active_states 10012340 f   sfc_debugmsvc80:sfcdebug.obj
 0001:00011360       _sf_debug_get_animation    10012360 f   sfc_debugmsvc80:sfcdebug.obj
 0001:00011370       _sf_debug_set_animation    10012370 f   sfc_debugmsvc80:sfcdebug.obj
 0001:00011380       _sf_debug_animate          10012380 f   sfc_debugmsvc80:sfcdebug.obj
 0001:000113b0       _sf_debug_cycle_detection_check 100123b0 f   sfc_debugmsvc80:sfcdebug.obj
 0001:000113c0       _sf_debug_data_range_check 100123c0 f   sfc_debugmsvc80:sfcdebug.obj
 0001:000113d0       _sf_debug_transition_conflict_check 100123d0 f   sfc_debugmsvc80:sfcdebug.obj
 0001:000113e0       _sf_debug_state_consistency_check 100123e0 f   sfc_debugmsvc80:sfcdebug.obj
 0001:000113f0       _sf_debug_data_range_check_enabled 100123f0 f   sfc_debugmsvc80:sfcdebug.obj
 0001:00011400       _sf_debug_transition_conflict_check_enabled 10012400 f   sfc_debugmsvc80:sfcdebug.obj
 0001:00011410       _sf_debug_transition_conflict_check_begin 10012410 f   sfc_debugmsvc80:sfcdebug.obj
 0001:00011430       _sf_debug_transition_conflict_check_end 10012430 f   sfc_debugmsvc80:sfcdebug.obj
 0001:00011450       _sf_debug_stop_debugging   10012450 f   sfc_debugmsvc80:sfcdebug.obj
 0001:00011480       _sf_debug_is_cycle_detected 10012480 f   sfc_debugmsvc80:sfcdebug.obj
 0001:00011490       _sf_debug_is_array_bounds_detected 10012490 f   sfc_debugmsvc80:sfcdebug.obj
 0001:000114a0       _sf_debug_get_state_vectors_data_size 100124a0 f   sfc_debugmsvc80:sfcdebug.obj
 0001:000114e0       _sf_debug_get_state_vectors_data 100124e0 f   sfc_debugmsvc80:sfcdebug.obj
 0001:000115b0       _sf_debug_set_state_vectors_data 100125b0 f   sfc_debugmsvc80:sfcdebug.obj
 0001:000117e0       _sf_debug_get_script_index 100127e0 f   sfc_debugmsvc80:sfcdebug.obj
 0001:00011910       _sf_debug_add_script       10012910 f   sfc_debugmsvc80:sfcdebug.obj
 0001:00011a60       _cv_eval_point             10012a60 f   sfc_debugmsvc80:sfcdebug.obj
 0001:00011b30       _sf_debug_cv_init_state    10012b30 f   sfc_debugmsvc80:sfcdebug.obj
 0001:00011bc0       _sf_debug_cv_init_chart    10012bc0 f   sfc_debugmsvc80:sfcdebug.obj
 0001:00011c40       _sf_debug_cv_init_trans    10012c40 f   sfc_debugmsvc80:sfcdebug.obj
 0001:00011d20       _cv_eml_init_script        10012d20 f   sfc_debugmsvc80:sfcdebug.obj
 0001:00011d90       _cv_eml_init_fcn           10012d90 f   sfc_debugmsvc80:sfcdebug.obj
 0001:00011df0       _cv_eml_init_testobjective 10012df0 f   sfc_debugmsvc80:sfcdebug.obj
 0001:00011e50       _cv_eml_init_if            10012e50 f   sfc_debugmsvc80:sfcdebug.obj
 0001:00011eb0       _cv_eml_init_for           10012eb0 f   sfc_debugmsvc80:sfcdebug.obj
 0001:00011f10       _cv_eml_init_while         10012f10 f   sfc_debugmsvc80:sfcdebug.obj
 0001:00011f70       _cv_eml_init_mcdc          10012f70 f   sfc_debugmsvc80:sfcdebug.obj
 0001:00011fe0       _cv_eml_init_switch        10012fe0 f   sfc_debugmsvc80:sfcdebug.obj
 0001:00012040       _cv_eml_eval               10013040 f   sfc_debugmsvc80:sfcdebug.obj
 0001:000120b0       _sf_debug_bm_is_a_eml_breakpoint 100130b0 f   sfc_debugmsvc80:sfcdebug.obj
 0001:000121e0       _sf_debug_temporal_threshold 100131e0 f   sfc_debugmsvc80:sfcdebug.obj
 0001:000124d0       _sf_debug_transition_conflict_error 100134d0 f   sfc_debugmsvc80:sfcdebug.obj
 0001:00012770       _sf_debug_state_inconsistency_error 10013770 f   sfc_debugmsvc80:sfcdebug.obj
 0001:00012860       _sf_debug_check_for_state_inconsistency 10013860 f   sfc_debugmsvc80:sfcdebug.obj
 0001:000128a0       _sf_debug_cycle_detecton_error 100138a0 f   sfc_debugmsvc80:sfcdebug.obj
 0001:00012ee0       _sf_debug_size_eq_check_1d 10013ee0 f   sfc_debugmsvc80:sfcdebug.obj
 0001:00012f00       _sf_debug_size_eq_check_nd 10013f00 f   sfc_debugmsvc80:sfcdebug.obj
 0001:00012fe0       _sf_debug_dim_size_eq_check 10013fe0 f   sfc_debugmsvc80:sfcdebug.obj
 0001:00013010       _sf_debug_dim_size_geq_check 10014010 f   sfc_debugmsvc80:sfcdebug.obj
 0001:00013040       _sf_debug_sub_assign_size_check_nd 10014040 f   sfc_debugmsvc80:sfcdebug.obj
 0001:00013160       _sf_debug_matrix_matrix_index_check 10014160 f   sfc_debugmsvc80:sfcdebug.obj
 0001:00013190       _sf_debug_data_array_bounds_error_check 10014190 f   sfc_debugmsvc80:sfcdebug.obj
 0001:000131f0       _sf_debug_eml_data_array_bounds_error_check 100141f0 f   sfc_debugmsvc80:sfcdebug.obj
 0001:000134e0       _sf_debug_integer_check    100144e0 f   sfc_debugmsvc80:sfcdebug.obj
 0001:00013560       _sf_debug_not_nan_check    10014560 f   sfc_debugmsvc80:sfcdebug.obj
 0001:000135b0       _sf_debug_non_negative_check 100145b0 f   sfc_debugmsvc80:sfcdebug.obj
 0001:00013610       _sf_debug_overflow_detection 10014610 f   sfc_debugmsvc80:sfcdebug.obj
 0001:00013b30       _sf_debug_cast_to_real32_T 10014b30 f   sfc_debugmsvc80:sfcdebug.obj
 0001:00013b90       _sf_debug_cast_to_int8_T   10014b90 f   sfc_debugmsvc80:sfcdebug.obj
 0001:00013c10       _sf_debug_cast_to_uint8_T  10014c10 f   sfc_debugmsvc80:sfcdebug.obj
 0001:00013ca0       _sf_debug_cast_to_int16_T  10014ca0 f   sfc_debugmsvc80:sfcdebug.obj
 0001:00013d20       _sf_debug_cast_to_uint16_T 10014d20 f   sfc_debugmsvc80:sfcdebug.obj
 0001:00013db0       _sf_debug_cast_to_int32_T  10014db0 f   sfc_debugmsvc80:sfcdebug.obj
 0001:00013e20       _sf_debug_cast_to_uint32_T 10014e20 f   sfc_debugmsvc80:sfcdebug.obj
 0001:00013eb0       _sf_debug_data_range_error 10014eb0 f   sfc_debugmsvc80:sfcdebug.obj
 0001:00014230       _sf_debug_data_range_error_wrapper_min_max 10015230 f   sfc_debugmsvc80:sfcdebug.obj
 0001:000142a0       _sf_debug_data_range_error_wrapper_min 100152a0 f   sfc_debugmsvc80:sfcdebug.obj
 0001:00014300       _sf_debug_data_range_error_wrapper_max 10015300 f   sfc_debugmsvc80:sfcdebug.obj
 0001:00014360       _sf_debug_data_range_wrapper 10015360 f   sfc_debugmsvc80:sfcdebug.obj
 0001:000143b0       _sf_debug_set_current_status_info 100153b0 f   sfc_debugmsvc80:sfcdebug.obj
 0001:00014710       _sf_debug_call             10015710 f   sfc_debugmsvc80:sfcdebug.obj
 0001:00015100       _sf_debug_initialize_machine 10016100 f   sfc_debugmsvc80:sfcdebug.obj
 0001:000153a0       _sf_debug_initialize_chart 100163a0 f   sfc_debugmsvc80:sfcdebug.obj
 0001:00015700       _sf_debug_ensure_script    10016700 f   sfc_debugmsvc80:sfcdebug.obj
 0001:000157b0       _cv_script_init_script     100167b0 f   sfc_debugmsvc80:sfcdebug.obj
 0001:00015810       _cv_script_init_fcn        10016810 f   sfc_debugmsvc80:sfcdebug.obj
 0001:00015860       _cv_script_init_testobjective 10016860 f   sfc_debugmsvc80:sfcdebug.obj
 0001:000158b0       _cv_script_init_if         100168b0 f   sfc_debugmsvc80:sfcdebug.obj
 0001:00015900       _cv_script_init_for        10016900 f   sfc_debugmsvc80:sfcdebug.obj
 0001:00015950       _cv_script_init_while      10016950 f   sfc_debugmsvc80:sfcdebug.obj
 0001:000159a0       _cv_script_init_mcdc       100169a0 f   sfc_debugmsvc80:sfcdebug.obj
 0001:00015a00       _cv_script_init_switch     10016a00 f   sfc_debugmsvc80:sfcdebug.obj
 0001:00015a60       _cv_script_eval            10016a60 f   sfc_debugmsvc80:sfcdebug.obj
 0001:00015ac0       _eml_debug_line_call       10016ac0 f   sfc_debugmsvc80:sfcdebug.obj
 0001:00015bc0       _sf_debug_terminate        10016bc0 f   sfc_debugmsvc80:sfcdebug.obj
 0001:00015cf0       _sf_debug_set_script_cv_ids 10016cf0 f   sfc_debugmsvc80:sfcdebug.obj
 0001:00015e00       _sf_debug_api              10016e00 f   sfc_debugmsvc80:sfc_api.obj
 0001:000175f0       _sf_debug_sm_terminate     100185f0 f   sfc_debugmsvc80:sfdb_animation.obj
 0001:00017760       _sf_debug_reset_path_objects 10018760 f   sfc_debugmsvc80:sfdb_animation.obj
 0001:000177d0       _sf_debug_sm_reset_object_selection_status 100187d0 f   sfc_debugmsvc80:sfdb_animation.obj
 0001:00017870       _sf_debug_sm_reset_state_buffer 10018870 f   sfc_debugmsvc80:sfdb_animation.obj
 0001:00017930       _sf_debug_sm_store_state_buffer 10018930 f   sfc_debugmsvc80:sfdb_animation.obj
 0001:000179b0       _sf_debug_sm_restore_state_buffer1 100189b0 f   sfc_debugmsvc80:sfdb_animation.obj
 0001:00017a10       _sf_debug_sm_restore_state_buffer2 10018a10 f   sfc_debugmsvc80:sfdb_animation.obj
 0001:00017a70       _sf_debug_sm_chart_active  10018a70 f   sfc_debugmsvc80:sfdb_animation.obj
 0001:00017ac0       _sf_debug_sm_select_active_objects 10018ac0 f   sfc_debugmsvc80:sfdb_animation.obj
 0001:00017e40       _sf_debug_sm_is_chart_active 10018e40 f   sfc_debugmsvc80:sfdb_animation.obj
 0001:00017e80       _sf_debug_sm_is_state_active 10018e80 f   sfc_debugmsvc80:sfdb_animation.obj
 0001:00018030       _sf_debug_sm_get_active_states 10019030 f   sfc_debugmsvc80:sfdb_animation.obj
 0001:00018460       _sf_debug_sm_initialize_instance 10019460 f   sfc_debugmsvc80:sfdb_animation.obj
 0001:00018660       _sf_debug_sm_change_object_selection_status 10019660 f   sfc_debugmsvc80:sfdb_animation.obj
 0001:00018850       _cv_create_interface       10019850 f   sfc_debugmsvc80:cv_sfinterface.obj
 0001:00018b60       _cv_init_trans             10019b60 f   sfc_debugmsvc80:cv_sfinterface.obj
 0001:00018bb0       _cv_init_state             10019bb0 f   sfc_debugmsvc80:cv_sfinterface.obj
 0001:00018c10       _cv_init_chart             10019c10 f   sfc_debugmsvc80:cv_sfinterface.obj
 0001:00018c60       _cv_dec_update_call        10019c60 f   sfc_debugmsvc80:cv_sfinterface.obj
 0001:00018ca0       _cv_cond_update_call       10019ca0 f   sfc_debugmsvc80:cv_sfinterface.obj
 0001:00018ce0       _cv_sigrange_update        10019ce0 f   sfc_debugmsvc80:cv_sfinterface.obj
 0001:00018d30       _cvsf_eml_eval             10019d30 f   sfc_debugmsvc80:cv_sfinterface.obj
 0001:00018e10       _cvsf_eml_init_script      10019e10 f   sfc_debugmsvc80:cv_sfinterface.obj
 0001:00018e70       _cvsf_eml_init_fcn         10019e70 f   sfc_debugmsvc80:cv_sfinterface.obj
 0001:00018ed0       _cvsf_eml_init_testobjective 10019ed0 f   sfc_debugmsvc80:cv_sfinterface.obj
 0001:00018f30       _cvsf_eml_init_if          10019f30 f   sfc_debugmsvc80:cv_sfinterface.obj
 0001:00018f90       _cvsf_eml_init_for         10019f90 f   sfc_debugmsvc80:cv_sfinterface.obj
 0001:00018ff0       _cvsf_eml_init_while       10019ff0 f   sfc_debugmsvc80:cv_sfinterface.obj
 0001:00019050       _cvsf_eml_init_mcdc        1001a050 f   sfc_debugmsvc80:cv_sfinterface.obj
 0001:000190c0       _cvsf_eml_init_switch      1001a0c0 f   sfc_debugmsvc80:cv_sfinterface.obj
 0001:00019120       _cvsf_script_eval          1001a120 f   sfc_debugmsvc80:cv_sfinterface.obj
 0001:00019200       _cvsf_script_init_script   1001a200 f   sfc_debugmsvc80:cv_sfinterface.obj
 0001:00019260       _cvsf_script_init_fcn      1001a260 f   sfc_debugmsvc80:cv_sfinterface.obj
 0001:000192c0       _cvsf_script_init_testobjective 1001a2c0 f   sfc_debugmsvc80:cv_sfinterface.obj
 0001:00019320       _cvsf_script_init_if       1001a320 f   sfc_debugmsvc80:cv_sfinterface.obj
 0001:00019380       _cvsf_script_init_for      1001a380 f   sfc_debugmsvc80:cv_sfinterface.obj
 0001:000193d0       _cvsf_script_init_while    1001a3d0 f   sfc_debugmsvc80:cv_sfinterface.obj
 0001:00019420       _cvsf_script_init_mcdc     1001a420 f   sfc_debugmsvc80:cv_sfinterface.obj
 0001:00019490       _cvsf_script_init_switch   1001a490 f   sfc_debugmsvc80:cv_sfinterface.obj
 0001:000194f0       _cv_destroy_interface      1001a4f0 f   sfc_debugmsvc80:cv_sfinterface.obj
 0001:00019510       _cv_create_instance_objects 1001a510 f   sfc_debugmsvc80:cv_sfinterface.obj
 0001:00019850       _cv_is_enabled             1001a850 f   sfc_debugmsvc80:cv_sfinterface.obj
 0001:00019860       _sf_debug_cv_initialize_script 1001a860 f   sfc_debugmsvc80:cv_sfinterface.obj
 0001:000199f0       _sf_debug_cv_initialize_instance 1001a9f0 f   sfc_debugmsvc80:cv_sfinterface.obj
 0001:00019cf0       _sf_debug_cv_terminate_chart 1001acf0 f   sfc_debugmsvc80:cv_sfinterface.obj
 0001:00019de0       _cv_call_trans_test        1001ade0 f   sfc_debugmsvc80:cv_sfinterface.obj
 0001:00019df0       _cv_call_sub_cond_test     1001adf0 f   sfc_debugmsvc80:cv_sfinterface.obj
 0001:00019f00       _sf_debug_hm_initialize_instance 1001af00 f   sfc_debugmsvc80:sfdb_handle_management.obj
 0001:0001a010       _sf_debug_hm_get_object_id 1001b010 f   sfc_debugmsvc80:sfdb_handle_management.obj
 0001:0001ba30       _sf_debug_object_is_eml_function 1001ca30 f   sfc_debugmsvc80:sfdb_handle_management.obj
 0001:0001ba90       _sf_debug_hm_initialize_ids_in_machine 1001ca90 f   sfc_debugmsvc80:sfdb_handle_management.obj
 0001:0001bbe0       _sf_debug_hm_initialize_ids_in_chart 1001cbe0 f   sfc_debugmsvc80:sfdb_handle_management.obj
 0001:0001bd00       _sf_debug_hm_initialize_chart 1001cd00 f   sfc_debugmsvc80:sfdb_handle_management.obj
 0001:0001c6f0       _sf_debug_hm_terminate     1001d6f0 f   sfc_debugmsvc80:sfdb_handle_management.obj
 0001:0001c750       _sf_debug_hm_initialize_machine 1001d750 f   sfc_debugmsvc80:sfdb_handle_management.obj
 0001:0001cdc0       _sf_debug_st_initialize_machine 1001ddc0 f   sfc_debugmsvc80:sfdb_data_browse.obj
 0001:0001ce70       _sf_debug_st_initialize_instance 1001de70 f   sfc_debugmsvc80:sfdb_data_browse.obj
 0001:0001d030       _sf_debug_st_terminate     1001e030 f   sfc_debugmsvc80:sfdb_data_browse.obj
 0001:0001d190       _sf_debug_st_set_data_value_ptr_in_machine 1001e190 f   sfc_debugmsvc80:sfdb_data_browse.obj
 0001:0001d200       _sf_debug_st_set_data_value_ptr_in_instance 1001e200 f   sfc_debugmsvc80:sfdb_data_browse.obj
 0001:0001d2b0       _sf_debug_st_unset_data_value_ptr_in_machine 1001e2b0 f   sfc_debugmsvc80:sfdb_data_browse.obj
 0001:0001d310       _sf_debug_st_unset_data_value_ptr_in_instance 1001e310 f   sfc_debugmsvc80:sfdb_data_browse.obj
 0001:0001d620       _sf_debug_mx_value         1001e620 f   sfc_debugmsvc80:sfdb_data_browse.obj
 0001:0001d670       _sf_debug_mx_packed_vector 1001e670 f   sfc_debugmsvc80:sfdb_data_browse.obj
 0001:0001d710       _sf_debug_mx_uint_vector   1001e710 f   sfc_debugmsvc80:sfdb_data_browse.obj
 0001:0001d790       _sf_debug_st_get_double_value_from_void_ptr_vector 1001e790 f   sfc_debugmsvc80:sfdb_data_browse.obj
 0001:0001df90       _sf_debug_st_browse_data   1001ef90 f   sfc_debugmsvc80:sfdb_data_browse.obj
 0001:0001e590       _sf_debug_ss_initialize    1001f590 f   sfc_debugmsvc80:sfdb_symbol_scope.obj
 0001:0001e5b0       _sf_debug_ss_terminate     1001f5b0 f   sfc_debugmsvc80:sfdb_symbol_scope.obj
 0001:0001e630       _sf_debug_ss_push_symbol_scope 1001f630 f   sfc_debugmsvc80:sfdb_symbol_scope.obj
 0001:0001e6f0       _sf_debug_ss_push_symbol_scope_eml 1001f6f0 f   sfc_debugmsvc80:sfdb_symbol_scope.obj
 0001:0001e740       _sf_debug_ss_pop_symbol_scope 1001f740 f   sfc_debugmsvc80:sfdb_symbol_scope.obj
 0001:0001e7d0       _sf_debug_ss_add_symbol    1001f7d0 f   sfc_debugmsvc80:sfdb_symbol_scope.obj
 0001:0001e8b0       _sf_debug_ss_add_symbol_eml 1001f8b0 f   sfc_debugmsvc80:sfdb_symbol_scope.obj
 0001:0001f350       _sf_debug_ss_watch_data    10020350 f   sfc_debugmsvc80:sfdb_symbol_scope.obj
 0001:0001fa90       _get_data_entry_name       10020a90 f   sfc_debugmsvc80:sfdb_symbol_scope.obj
 0001:0001fae0       _sf_debug_ss_whos          10020ae0 f   sfc_debugmsvc80:sfdb_symbol_scope.obj
 0001:0001ff70       _sf_debug_cc_initialize_chart 10020f70 f   sfc_debugmsvc80:sfdb_coverage.obj
 0001:00020940       _sf_debug_cc_initialize_instance 10021940 f   sfc_debugmsvc80:sfdb_coverage.obj
 0001:00021550       _sf_debug_cc_terminate     10022550 f   sfc_debugmsvc80:sfdb_coverage.obj
 0001:00021620       _sf_debug_cc_set_transition_maps 10022620 f   sfc_debugmsvc80:sfdb_coverage.obj
 0001:00021720       _sf_debug_cc_set_state_maps 10022720 f   sfc_debugmsvc80:sfdb_coverage.obj
 0001:000217f0       _sf_debug_cc_set_transition_weights 100227f0 f   sfc_debugmsvc80:sfdb_coverage.obj
 0001:00021a10       _sf_debug_cc_set_state_weights 10022a10 f   sfc_debugmsvc80:sfdb_coverage.obj
 0001:00021c50       _sf_debug_cc_mark_transition_guard 10022c50 f   sfc_debugmsvc80:sfdb_coverage.obj
 0001:00021cd0       _sf_debug_cc_mark_transition_trigger 10022cd0 f   sfc_debugmsvc80:sfdb_coverage.obj
 0001:00021d50       _sf_debug_cc_mark_transition_decision 10022d50 f   sfc_debugmsvc80:sfdb_coverage.obj
 0001:00021db0       _sf_debug_cc_mark_transition_condition_action 10022db0 f   sfc_debugmsvc80:sfdb_coverage.obj
 0001:00021e00       _sf_debug_cc_mark_transition_transition_action 10022e00 f   sfc_debugmsvc80:sfdb_coverage.obj
 0001:00021e50       _sf_debug_cc_mark_state_entry 10022e50 f   sfc_debugmsvc80:sfdb_coverage.obj
 0001:00021ea0       _sf_debug_cc_mark_state_during 10022ea0 f   sfc_debugmsvc80:sfdb_coverage.obj
 0001:00021ef0       _sf_debug_cc_mark_state_exit 10022ef0 f   sfc_debugmsvc80:sfdb_coverage.obj
 0001:00022500       _sf_debug_cc_get_coverage  10023500 f   sfc_debugmsvc80:sfdb_coverage.obj
 0001:00022970       _sf_debug_bm_clear_script_breakpoints 10023970 f   sfc_debugmsvc80:sfdb_breakpoints.obj
 0001:000229b0       _sf_debug_bm_set_script_breakpoint 100239b0 f   sfc_debugmsvc80:sfdb_breakpoints.obj
 0001:00022a20       _sf_debug_bm_clear_single_script_breakpoint 10023a20 f   sfc_debugmsvc80:sfdb_breakpoints.obj
 0001:00022a90       _sf_debug_bm_query_script_breakpoint 10023a90 f   sfc_debugmsvc80:sfdb_breakpoints.obj
 0001:00022ae0       _sf_debug_bm_initialize_scripts 10023ae0 f   sfc_debugmsvc80:sfdb_breakpoints.obj
 0001:00023080       _sf_debug_bm_terminate     10024080 f   sfc_debugmsvc80:sfdb_breakpoints.obj
 0001:00023340       _sf_debug_bm_remove_all_breakpoints_in_machine 10024340 f   sfc_debugmsvc80:sfdb_breakpoints.obj
 0001:00023390       _sf_debug_bm_remove_all_breakpoints_in_chart 10024390 f   sfc_debugmsvc80:sfdb_breakpoints.obj
 0001:000234c0       _sf_debug_bm_initialize_global_breakpoints 100244c0 f   sfc_debugmsvc80:sfdb_breakpoints.obj
 0001:00023670       _sf_debug_bm_set_breakpoint 10024670 f   sfc_debugmsvc80:sfdb_breakpoints.obj
 0001:00023be0       _sf_debug_bm_set_eml_breakpoint 10024be0 f   sfc_debugmsvc80:sfdb_breakpoints.obj
 0001:00023c60       _sf_debug_bm_initialize_machine_breakpoint_map 10024c60 f   sfc_debugmsvc80:sfdb_breakpoints.obj
 0001:00024000       _sf_debug_bm_is_a_breakpoint 10025000 f   sfc_debugmsvc80:sfdb_breakpoints.obj
 0001:00024470       _sf_debug_bm_get_all_breakpoints_in_machine 10025470 f   sfc_debugmsvc80:sfdb_breakpoints.obj
 0001:00024710       _sf_debug_bm_get_all_breakpoints_in_chart 10025710 f   sfc_debugmsvc80:sfdb_breakpoints.obj
 0001:00025140       _sf_debug_bm_initialize_machine 10026140 f   sfc_debugmsvc80:sfdb_breakpoints.obj
 0001:000251e0       _sf_debug_bm_initialize_chart 100261e0 f   sfc_debugmsvc80:sfdb_breakpoints.obj
 0001:00025570       _sf_debug_sc_terminate     10026570 f   sfc_debugmsvc80:sfdb_state_consistency.obj
 0001:000257f0       _sf_debug_sc_is_chart_consistent 100267f0 f   sfc_debugmsvc80:sfdb_state_consistency.obj
 0001:000259d0       _sf_debug_sc_get_consistency_error_info 100269d0 f   sfc_debugmsvc80:sfdb_state_consistency.obj
 0001:00025d30       _sf_debug_tm_terminate     10026d30 f   sfc_debugmsvc80:sfdb_call_stack.obj
 0001:00025dd0       _sf_debug_tm_push_chart_instance 10026dd0 f   sfc_debugmsvc80:sfdb_call_stack.obj
 0001:00025f00       _sf_debug_tm_pop_chart_instance 10026f00 f   sfc_debugmsvc80:sfdb_call_stack.obj
 0001:00025f60       _sf_debug_tm_push_trace_node 10026f60 f   sfc_debugmsvc80:sfdb_call_stack.obj
 0001:00026070       _sf_debug_tm_pop_trace_node 10027070 f   sfc_debugmsvc80:sfdb_call_stack.obj
 0001:000260f0       _sf_debug_tm_get_current_global_trace_index 100270f0 f   sfc_debugmsvc80:sfdb_call_stack.obj
 0001:00026110       _sf_debug_tm_get_current_local_trace_index 10027110 f   sfc_debugmsvc80:sfdb_call_stack.obj
 0001:00026140       _sf_debug_tm_set_cycle_detected_flag 10027140 f   sfc_debugmsvc80:sfdb_call_stack.obj
 0001:00026190       _sf_debug_tm_set_cycle_started_flag 10027190 f   sfc_debugmsvc80:sfdb_call_stack.obj
 0001:000261e0       _sf_debug_tm_get_chart_number_from_stack 100271e0 f   sfc_debugmsvc80:sfdb_call_stack.obj
 0001:00026380       _sf_debug_tm_browse_trace  10027380 f   sfc_debugmsvc80:sfdb_call_stack.obj
 0001:000265f0       _sf_debug_cd_initialize_instance 100275f0 f   sfc_debugmsvc80:sfdb_cycle_detection.obj
 0001:00026820       _sf_debug_cd_mark_processed_transition_in_instance 10027820 f   sfc_debugmsvc80:sfdb_cycle_detection.obj
 0001:000268a0       _sf_debug_cd_checksum_push 100278a0 f   sfc_debugmsvc80:sfdb_cycle_detection.obj
 0001:00026ba0       _sf_debug_cd_checksum_pop  10027ba0 f   sfc_debugmsvc80:sfdb_cycle_detection.obj
 0001:00026c00       _sf_debug_cd_turn_off_cycle_detection 10027c00 f   sfc_debugmsvc80:sfdb_cycle_detection.obj
 0001:00026c50       _sf_debug_cd_terminate     10027c50 f   sfc_debugmsvc80:sfdb_cycle_detection.obj
 0001:00026e20       _md5_initialize_state      10027e20 f   sfc_debugmsvc80:ckmd5.obj
 0001:000276b0       _md5_update_state          100286b0 f   sfc_debugmsvc80:ckmd5.obj
 0001:000276d0       _md5_get_hash              100286d0 f   sfc_debugmsvc80:ckmd5.obj
 0001:000276f0       _md5_get_hash_for_a_single_string 100286f0 f   sfc_debugmsvc80:ckmd5.obj
 0001:0002775a       _mxGetPr                   1002875a f   libmx:libmx.dll
 0001:00027760       _mxSetField_730            10028760 f   libmx:libmx.dll
 0001:00027766       _mxCreateDoubleMatrix_730  10028766 f   libmx:libmx.dll
 0001:0002776c       _mxCreateStructMatrix_730  1002876c f   libmx:libmx.dll
 0001:00027772       _mxDestroyArray            10028772 f   libmx:libmx.dll
 0001:00027778       _mxCreateDoubleScalar      10028778 f   libmx:libmx.dll
 0001:0002777e       _mxCreateString            1002877e f   libmx:libmx.dll
 0001:00027784       _mxDuplicateArray          10028784 f   libmx:libmx.dll
 0001:0002778a       _mxGetString_730           1002878a f   libmx:libmx.dll
 0001:00027790       _mxIsChar                  10028790 f   libmx:libmx.dll
 0001:00027796       _mxGetClassID              10028796 f   libmx:libmx.dll
 0001:0002779c       _mxIsNumeric               1002879c f   libmx:libmx.dll
 0001:000277a2       _mxIsComplex               100287a2 f   libmx:libmx.dll
 0001:000277a8       _mxGetN                    100287a8 f   libmx:libmx.dll
 0001:000277ae       _mxGetM                    100287ae f   libmx:libmx.dll
 0001:000277b4       _mxCalloc                  100287b4 f   libmx:libmx.dll
 0001:000277ba       _mxGetScalar               100287ba f   libmx:libmx.dll
 0001:000277c0       _mxIsLogical               100287c0 f   libmx:libmx.dll
 0001:000277c6       _mxCreateDoubleMatrix_700  100287c6 f   libmx:libmx.dll
 0001:000277cc       _mxFree                    100287cc f   libmx:libmx.dll
 0001:000277d2       _mxArrayToString           100287d2 f   libmx:libmx.dll
 0001:000277d8       _mxCreateCellMatrix_700    100287d8 f   libmx:libmx.dll
 0001:000277de       _mxSetCell_700             100287de f   libmx:libmx.dll
 0001:000277e4       _mxGetCell_700             100287e4 f   libmx:libmx.dll
 0001:000277ea       _mxGetClassName            100287ea f   libmx:libmx.dll
 0001:000277f0       _mxSetField_700            100287f0 f   libmx:libmx.dll
 0001:000277f6       _mxAddField                100287f6 f   libmx:libmx.dll
 0001:000277fc       _mxGetField_700            100287fc f   libmx:libmx.dll
 0001:00027802       _mxGetNumberOfElements     10028802 f   libmx:libmx.dll
 0001:00027808       _mxIsStruct                10028808 f   libmx:libmx.dll
 0001:0002780e       _mxIsClass                 1002880e f   libmx:libmx.dll
 0001:00027814       _mxGetLogicals             10028814 f   libmx:libmx.dll
 0001:0002781a       _mxIsSparse                1002881a f   libmx:libmx.dll
 0001:00027820       _mxSetFieldByNumber_700    10028820 f   libmx:libmx.dll
 0001:00027826       _mxGetFieldByNumber_700    10028826 f   libmx:libmx.dll
 0001:0002782c       _mxGetFieldNameByNumber    1002882c f   libmx:libmx.dll
 0001:00027832       _mxGetNumberOfFields       10028832 f   libmx:libmx.dll
 0001:00027838       _mxCreateStructMatrix_700  10028838 f   libmx:libmx.dll
 0001:0002783e       _mxGetFieldNumber          1002883e f   libmx:libmx.dll
 0001:00027844       _mxIsNaN                   10028844 f   libmx:libmx.dll
 0001:0002784a       _mxIsEmpty                 1002884a f   libmx:libmx.dll
 0001:00027850       _mxGetData                 10028850 f   libmx:libmx.dll
 0001:00027856       _mxGetImagData             10028856 f   libmx:libmx.dll
 0001:0002785c       _mxArrayClassIDName        1002885c f   libmx:libmx.dll
 0001:00027862       _mxCreateNumericMatrix_700 10028862 f   libmx:libmx.dll
 0001:00027868       _mxCreateStructArray_700   10028868 f   libmx:libmx.dll
 0001:0002786e       _mxCalcSingleSubscript_700 1002886e f   libmx:libmx.dll
 0001:00027874       _mxGetDimensions_700       10028874 f   libmx:libmx.dll
 0001:0002787a       _mxGetNumberOfDimensions_700 1002887a f   libmx:libmx.dll
 0001:00027880       _mxCreateNumericArray_700  10028880 f   libmx:libmx.dll
 0001:00027886       _mxGetElementSize          10028886 f   libmx:libmx.dll
 0001:0002788c       _mxGetString_700           1002888c f   libmx:libmx.dll
 0001:00027892       _mxIsLogicalScalarTrue     10028892 f   libmx:libmx.dll
 0001:00027898       _mxCreateLogicalScalar     10028898 f   libmx:libmx.dll
 0001:0002789e       _mexUnlock                 1002889e f   libmex:libmex.dll
 0001:000278a4       _mexIsLocked               100288a4 f   libmex:libmex.dll
 0001:000278aa       _mexWarnMsgTxt             100288aa f   libmex:libmex.dll
 0001:000278b0       _mexCallMATLAB             100288b0 f   libmex:libmex.dll
 0001:000278b6       _mexErrMsgTxt              100288b6 f   libmex:libmex.dll
 0001:000278bc       _mexSetTrapFlag            100288bc f   libmex:libmex.dll
 0001:000278c2       _mexMakeArrayPersistent    100288c2 f   libmex:libmex.dll
 0001:000278c8       _mexPutVariable            100288c8 f   libmex:libmex.dll
 0001:000278ce       _mexGetVariable            100288ce f   libmex:libmex.dll
 0001:000278d4       _mexLock                   100288d4 f   libmex:libmex.dll
 0001:000278da       _mexMakeMemoryPersistent   100288da f   libmex:libmex.dll
 0001:000278e0       _mexFunctionName           100288e0 f   libmex:libmex.dll
 0001:000278e6       _ssRegisterDataTypeFxpFSlopeFixExpBias 100288e6 f   libfixedpoint:libfixedpoint.dll
 0001:000278ec       _utVSNprintf               100288ec f   libut:libut.dll
 0001:000278f2       _utCPUtime                 100288f2 f   libut:libut.dll
 0001:000278f8       _utFree                    100288f8 f   libut:libut.dll
 0001:000278fe       _utMalloc                  100288fe f   libut:libut.dll
 0001:00027904       _emlrtCheckBuiltInR2009a   10028904 f   libemlrt:libemlrt.dll
 0001:0002790a       _emlrtCheckVsBuiltInR2009a 1002890a f   libemlrt:libemlrt.dll
 0001:00027910       _emlrtCheckEnumR2009a      10028910 f   libemlrt:libemlrt.dll
 0001:00027916       _emlrtCreateEnumR2010a     10028916 f   libemlrt:libemlrt.dll
 0001:0002791c       _emlrtGetEnumElementR2009a 1002891c f   libemlrt:libemlrt.dll
 0001:00027922       _emlrtImportVsFiArrayR2009b 10028922 f   libemlrt:libemlrt.dll
 0001:00027928       _emlrtGetEnumUnderlyingArrayR2009a 10028928 f   libemlrt:libemlrt.dll
 0001:0002792e       _emlrtIsEnumR2009a         1002892e f   libemlrt:libemlrt.dll
 0001:00027940       _memset                    10028940 f   MSVCRT:MSVCR90.dll
 0001:00027946       _malloc                    10028946 f   MSVCRT:MSVCR90.dll
 0001:0002794c       _free                      1002894c f   MSVCRT:MSVCR90.dll
 0001:00027952       _strcmp                    10028952 f   MSVCRT:MSVCR90.dll
 0001:00027958       @__security_check_cookie@4 10028958 f   MSVCRT:secchk.obj
 0001:00027968       _sprintf                   10028968 f   MSVCRT:MSVCR90.dll
 0001:0002796e       _strlen                    1002896e f   MSVCRT:MSVCR90.dll
 0001:00027974       _strcat                    10028974 f   MSVCRT:MSVCR90.dll
 0001:00027980       __ftol2_sse                10028980 f   MSVCRT:ftol2.obj
 0001:00027989       __ftol2_pentium4           10028989 f   MSVCRT:ftol2.obj
 0001:0002799c       __ftol2_sse_excpt          1002899c f   MSVCRT:ftol2.obj
 0001:000279b6       __ftol2                    100289b6 f   MSVCRT:ftol2.obj
 0001:00027a2c       _memcpy                    10028a2c f   MSVCRT:MSVCR90.dll
 0001:00027a32       _NtCurrentTeb              10028a32 f i MSVCRT:crtdll.obj
 0001:00027a88       __CRT_INIT@12              10028a88 f   MSVCRT:crtdll.obj
 0001:00027dc4       __DllMainCRTStartup@12     10028dc4 f   MSVCRT:crtdll.obj
 0001:00027de8       _strncpy                   10028de8 f   MSVCRT:MSVCR90.dll
 0001:00027df0       __chkstk                   10028df0 f   MSVCRT:chkstk.obj
 0001:00027df0       __alloca_probe             10028df0     MSVCRT:chkstk.obj
 0001:00027e1c       _longjmp                   10028e1c f   MSVCRT:MSVCR90.dll
 0001:00027e22       _strncmp                   10028e22 f   MSVCRT:MSVCR90.dll
 0001:00027e28       _ceil                      10028e28 f   MSVCRT:MSVCR90.dll
 0001:00027e2e       _strrchr                   10028e2e f   MSVCRT:MSVCR90.dll
 0001:00027e34       __setjmp3                  10028e34 f   MSVCRT:MSVCR90.dll
 0001:00027e3a       _calloc                    10028e3a f   MSVCRT:MSVCR90.dll
 0001:00027e40       _realloc                   10028e40 f   MSVCRT:MSVCR90.dll
 0001:00027e46       _ldexp                     10028e46 f   MSVCRT:MSVCR90.dll
 0001:00027e4c       ___report_gsfailure        10028e4c f   MSVCRT:gs_report.obj
 0001:00027fa2       __get_sse2_info            10028fa2 f   MSVCRT:cpu_disp.obj
 0001:00028004       ___sse2_available_init     10029004 f   MSVCRT:cpu_disp.obj
 0001:00028011       ___clean_type_info_names   10029011 f   MSVCRT:tncleanup.obj
 0001:0002801d       __onexit                   1002901d f   MSVCRT:atonexit.obj
 0001:000280c2       _atexit                    100290c2 f   MSVCRT:atonexit.obj
 0001:000280d9       __RTC_Initialize           100290d9 f   MSVCRT:_initsect_.obj
 0001:000280ff       __RTC_Terminate            100290ff f   MSVCRT:_initsect_.obj
 0001:00028126       __encode_pointer           10029126 f   MSVCRT:MSVCR90.dll
 0001:0002812c       __malloc_crt               1002912c f   MSVCRT:MSVCR90.dll
 0001:00028132       __encoded_null             10029132 f   MSVCRT:MSVCR90.dll
 0001:00028138       __decode_pointer           10029138 f   MSVCRT:MSVCR90.dll
 0001:00028140       __ValidateImageBase        10029140 f   MSVCRT:pesect.obj
 0001:00028180       __FindPESection            10029180 f   MSVCRT:pesect.obj
 0001:000281d0       __IsNonwritableInCurrentImage 100291d0 f   MSVCRT:pesect.obj
 0001:0002828e       __initterm                 1002928e f   MSVCRT:MSVCR90.dll
 0001:00028294       __initterm_e               10029294 f   MSVCRT:MSVCR90.dll
 0001:0002829a       __amsg_exit                1002929a f   MSVCRT:MSVCR90.dll
 0001:000282a0       ___CppXcptFilter           100292a0 f   MSVCRT:MSVCR90.dll
 0001:000282a6       _DllMain@12                100292a6 f   MSVCRT:dllmain.obj
 0001:000282cc       __SEH_prolog4              100292cc f   MSVCRT:sehprolg4.obj
 0001:00028311       __SEH_epilog4              10029311 f   MSVCRT:sehprolg4.obj
 0001:00028325       __except_handler4          10029325 f   MSVCRT:chandler4gs.obj
 0001:0002834a       ___security_init_cookie    1002934a f   MSVCRT:gs_support.obj
 0001:000283e0       __crt_debugger_hook        100293e0 f   MSVCRT:MSVCR90.dll
 0001:000283e6       ___clean_type_info_names_internal 100293e6 f   MSVCRT:MSVCR90.dll
 0001:000283ec       __unlock                   100293ec f   MSVCRT:MSVCR90.dll
 0001:000283f2       ___dllonexit               100293f2 f   MSVCRT:MSVCR90.dll
 0001:000283f8       __lock                     100293f8 f   MSVCRT:MSVCR90.dll
 0001:000283fe       __except_handler4_common   100293fe f   MSVCRT:MSVCR90.dll
 0001:00028404       _InterlockedExchange@8     10029404 f   kernel32:KERNEL32.dll
 0001:0002840a       _Sleep@4                   1002940a f   kernel32:KERNEL32.dll
 0001:00028410       _InterlockedCompareExchange@12 10029410 f   kernel32:KERNEL32.dll
 0001:00028416       _TerminateProcess@8        10029416 f   kernel32:KERNEL32.dll
 0001:0002841c       _GetCurrentProcess@0       1002941c f   kernel32:KERNEL32.dll
 0001:00028422       _UnhandledExceptionFilter@4 10029422 f   kernel32:KERNEL32.dll
 0001:00028428       _SetUnhandledExceptionFilter@4 10029428 f   kernel32:KERNEL32.dll
 0001:0002842e       _IsDebuggerPresent@0       1002942e f   kernel32:KERNEL32.dll
 0001:00028434       _DisableThreadLibraryCalls@4 10029434 f   kernel32:KERNEL32.dll
 0001:0002843a       _QueryPerformanceCounter@4 1002943a f   kernel32:KERNEL32.dll
 0001:00028440       _GetTickCount@0            10029440 f   kernel32:KERNEL32.dll
 0001:00028446       _GetCurrentThreadId@0      10029446 f   kernel32:KERNEL32.dll
 0001:0002844c       _GetCurrentProcessId@0     1002944c f   kernel32:KERNEL32.dll
 0001:00028452       _GetSystemTimeAsFileTime@4 10029452 f   kernel32:KERNEL32.dll
 0002:00000000       __imp__GetSystemTimeAsFileTime@4 1002a000     kernel32:KERNEL32.dll
 0002:00000004       __imp__GetCurrentProcessId@0 1002a004     kernel32:KERNEL32.dll
 0002:00000008       __imp__GetCurrentThreadId@0 1002a008     kernel32:KERNEL32.dll
 0002:0000000c       __imp__GetTickCount@0      1002a00c     kernel32:KERNEL32.dll
 0002:00000010       __imp__QueryPerformanceCounter@4 1002a010     kernel32:KERNEL32.dll
 0002:00000014       __imp__DisableThreadLibraryCalls@4 1002a014     kernel32:KERNEL32.dll
 0002:00000018       __imp__IsDebuggerPresent@0 1002a018     kernel32:KERNEL32.dll
 0002:0000001c       __imp__SetUnhandledExceptionFilter@4 1002a01c     kernel32:KERNEL32.dll
 0002:00000020       __imp__UnhandledExceptionFilter@4 1002a020     kernel32:KERNEL32.dll
 0002:00000024       __imp__GetCurrentProcess@0 1002a024     kernel32:KERNEL32.dll
 0002:00000028       __imp__TerminateProcess@8  1002a028     kernel32:KERNEL32.dll
 0002:0000002c       __imp__InterlockedCompareExchange@12 1002a02c     kernel32:KERNEL32.dll
 0002:00000030       __imp__Sleep@4             1002a030     kernel32:KERNEL32.dll
 0002:00000034       __imp__InterlockedExchange@8 1002a034     kernel32:KERNEL32.dll
 0002:00000038       \177KERNEL32_NULL_THUNK_DATA 1002a038     kernel32:KERNEL32.dll
 0002:0000003c       __imp___except_handler4_common 1002a03c     MSVCRT:MSVCR90.dll
 0002:00000040       __imp___onexit             1002a040     MSVCRT:MSVCR90.dll
 0002:00000044       __imp___lock               1002a044     MSVCRT:MSVCR90.dll
 0002:00000048       __imp____dllonexit         1002a048     MSVCRT:MSVCR90.dll
 0002:0000004c       __imp___unlock             1002a04c     MSVCRT:MSVCR90.dll
 0002:00000050       __imp____clean_type_info_names_internal 1002a050     MSVCRT:MSVCR90.dll
 0002:00000054       __imp___crt_debugger_hook  1002a054     MSVCRT:MSVCR90.dll
 0002:00000058       __imp____CppXcptFilter     1002a058     MSVCRT:MSVCR90.dll
 0002:0000005c       __imp___adjust_fdiv        1002a05c     MSVCRT:MSVCR90.dll
 0002:00000060       __imp___amsg_exit          1002a060     MSVCRT:MSVCR90.dll
 0002:00000064       __imp___initterm_e         1002a064     MSVCRT:MSVCR90.dll
 0002:00000068       __imp___initterm           1002a068     MSVCRT:MSVCR90.dll
 0002:0000006c       __imp___decode_pointer     1002a06c     MSVCRT:MSVCR90.dll
 0002:00000070       __imp___encoded_null       1002a070     MSVCRT:MSVCR90.dll
 0002:00000074       __imp___malloc_crt         1002a074     MSVCRT:MSVCR90.dll
 0002:00000078       __imp___encode_pointer     1002a078     MSVCRT:MSVCR90.dll
 0002:0000007c       __imp__ldexp               1002a07c     MSVCRT:MSVCR90.dll
 0002:00000080       __imp__realloc             1002a080     MSVCRT:MSVCR90.dll
 0002:00000084       __imp__calloc              1002a084     MSVCRT:MSVCR90.dll
 0002:00000088       __imp___setjmp3            1002a088     MSVCRT:MSVCR90.dll
 0002:0000008c       __imp__strrchr             1002a08c     MSVCRT:MSVCR90.dll
 0002:00000090       __imp__ceil                1002a090     MSVCRT:MSVCR90.dll
 0002:00000094       __imp__strncmp             1002a094     MSVCRT:MSVCR90.dll
 0002:00000098       __imp__longjmp             1002a098     MSVCRT:MSVCR90.dll
 0002:0000009c       __imp__strncpy             1002a09c     MSVCRT:MSVCR90.dll
 0002:000000a0       __imp__memcpy              1002a0a0     MSVCRT:MSVCR90.dll
 0002:000000a4       __imp__strcat              1002a0a4     MSVCRT:MSVCR90.dll
 0002:000000a8       __imp__strlen              1002a0a8     MSVCRT:MSVCR90.dll
 0002:000000ac       __imp__sprintf             1002a0ac     MSVCRT:MSVCR90.dll
 0002:000000b0       __imp__strcmp              1002a0b0     MSVCRT:MSVCR90.dll
 0002:000000b4       __imp__free                1002a0b4     MSVCRT:MSVCR90.dll
 0002:000000b8       __imp__malloc              1002a0b8     MSVCRT:MSVCR90.dll
 0002:000000bc       __imp__memset              1002a0bc     MSVCRT:MSVCR90.dll
 0002:000000c0       \177MSVCR90_NULL_THUNK_DATA 1002a0c0     MSVCRT:MSVCR90.dll
 0002:000000c4       __imp__emlrtIsEnumR2009a   1002a0c4     libemlrt:libemlrt.dll
 0002:000000c8       __imp__emlrtGetEnumUnderlyingArrayR2009a 1002a0c8     libemlrt:libemlrt.dll
 0002:000000cc       __imp__emlrtImportVsFiArrayR2009b 1002a0cc     libemlrt:libemlrt.dll
 0002:000000d0       __imp__emlrtGetEnumElementR2009a 1002a0d0     libemlrt:libemlrt.dll
 0002:000000d4       __imp__emlrtCreateEnumR2010a 1002a0d4     libemlrt:libemlrt.dll
 0002:000000d8       __imp__emlrtCheckVsBuiltInR2009a 1002a0d8     libemlrt:libemlrt.dll
 0002:000000dc       __imp__emlrtCheckEnumR2009a 1002a0dc     libemlrt:libemlrt.dll
 0002:000000e0       __imp__emlrtCheckBuiltInR2009a 1002a0e0     libemlrt:libemlrt.dll
 0002:000000e4       \177libemlrt_NULL_THUNK_DATA 1002a0e4     libemlrt:libemlrt.dll
 0002:000000e8       __imp__ssRegisterDataTypeFxpFSlopeFixExpBias 1002a0e8     libfixedpoint:libfixedpoint.dll
 0002:000000ec       \177libfixedpoint_NULL_THUNK_DATA 1002a0ec     libfixedpoint:libfixedpoint.dll
 0002:000000f0       __imp__mexSetTrapFlag      1002a0f0     libmex:libmex.dll
 0002:000000f4       __imp__mexWarnMsgTxt       1002a0f4     libmex:libmex.dll
 0002:000000f8       __imp__mexPutVariable      1002a0f8     libmex:libmex.dll
 0002:000000fc       __imp__mexErrMsgTxt        1002a0fc     libmex:libmex.dll
 0002:00000100       __imp__mexLock             1002a100     libmex:libmex.dll
 0002:00000104       __imp__mexMakeMemoryPersistent 1002a104     libmex:libmex.dll
 0002:00000108       __imp__mexFunctionName     1002a108     libmex:libmex.dll
 0002:0000010c       __imp__mexGetVariable      1002a10c     libmex:libmex.dll
 0002:00000110       __imp__mexCallMATLAB       1002a110     libmex:libmex.dll
 0002:00000114       __imp__mexIsLocked         1002a114     libmex:libmex.dll
 0002:00000118       __imp__mexUnlock           1002a118     libmex:libmex.dll
 0002:0000011c       __imp__mexMakeArrayPersistent 1002a11c     libmex:libmex.dll
 0002:00000120       \177libmex_NULL_THUNK_DATA 1002a120     libmex:libmex.dll
 0002:00000124       __imp__mxIsStruct          1002a124     libmx:libmx.dll
 0002:00000128       __imp__mxSetField_730      1002a128     libmx:libmx.dll
 0002:0000012c       __imp__mxCreateDoubleMatrix_730 1002a12c     libmx:libmx.dll
 0002:00000130       __imp__mxCreateStructMatrix_730 1002a130     libmx:libmx.dll
 0002:00000134       __imp__mxDestroyArray      1002a134     libmx:libmx.dll
 0002:00000138       __imp__mxCreateLogicalScalar 1002a138     libmx:libmx.dll
 0002:0000013c       __imp__mxIsLogicalScalarTrue 1002a13c     libmx:libmx.dll
 0002:00000140       __imp__mxGetString_700     1002a140     libmx:libmx.dll
 0002:00000144       __imp__mxGetElementSize    1002a144     libmx:libmx.dll
 0002:00000148       __imp__mxCreateNumericArray_700 1002a148     libmx:libmx.dll
 0002:0000014c       __imp__mxGetNumberOfDimensions_700 1002a14c     libmx:libmx.dll
 0002:00000150       __imp__mxGetDimensions_700 1002a150     libmx:libmx.dll
 0002:00000154       __imp__mxCalcSingleSubscript_700 1002a154     libmx:libmx.dll
 0002:00000158       __imp__mxCreateStructArray_700 1002a158     libmx:libmx.dll
 0002:0000015c       __imp__mxCreateNumericMatrix_700 1002a15c     libmx:libmx.dll
 0002:00000160       __imp__mxArrayClassIDName  1002a160     libmx:libmx.dll
 0002:00000164       __imp__mxGetImagData       1002a164     libmx:libmx.dll
 0002:00000168       __imp__mxGetData           1002a168     libmx:libmx.dll
 0002:0000016c       __imp__mxIsEmpty           1002a16c     libmx:libmx.dll
 0002:00000170       __imp__mxIsNaN             1002a170     libmx:libmx.dll
 0002:00000174       __imp__mxGetFieldNumber    1002a174     libmx:libmx.dll
 0002:00000178       __imp__mxCreateStructMatrix_700 1002a178     libmx:libmx.dll
 0002:0000017c       __imp__mxGetNumberOfFields 1002a17c     libmx:libmx.dll
 0002:00000180       __imp__mxGetFieldNameByNumber 1002a180     libmx:libmx.dll
 0002:00000184       __imp__mxGetFieldByNumber_700 1002a184     libmx:libmx.dll
 0002:00000188       __imp__mxSetFieldByNumber_700 1002a188     libmx:libmx.dll
 0002:0000018c       __imp__mxIsSparse          1002a18c     libmx:libmx.dll
 0002:00000190       __imp__mxGetLogicals       1002a190     libmx:libmx.dll
 0002:00000194       __imp__mxIsClass           1002a194     libmx:libmx.dll
 0002:00000198       __imp__mxGetPr             1002a198     libmx:libmx.dll
 0002:0000019c       __imp__mxGetNumberOfElements 1002a19c     libmx:libmx.dll
 0002:000001a0       __imp__mxGetField_700      1002a1a0     libmx:libmx.dll
 0002:000001a4       __imp__mxAddField          1002a1a4     libmx:libmx.dll
 0002:000001a8       __imp__mxSetField_700      1002a1a8     libmx:libmx.dll
 0002:000001ac       __imp__mxGetClassName      1002a1ac     libmx:libmx.dll
 0002:000001b0       __imp__mxGetCell_700       1002a1b0     libmx:libmx.dll
 0002:000001b4       __imp__mxSetCell_700       1002a1b4     libmx:libmx.dll
 0002:000001b8       __imp__mxCreateCellMatrix_700 1002a1b8     libmx:libmx.dll
 0002:000001bc       __imp__mxArrayToString     1002a1bc     libmx:libmx.dll
 0002:000001c0       __imp__mxFree              1002a1c0     libmx:libmx.dll
 0002:000001c4       __imp__mxCreateDoubleMatrix_700 1002a1c4     libmx:libmx.dll
 0002:000001c8       __imp__mxIsLogical         1002a1c8     libmx:libmx.dll
 0002:000001cc       __imp__mxGetScalar         1002a1cc     libmx:libmx.dll
 0002:000001d0       __imp__mxCalloc            1002a1d0     libmx:libmx.dll
 0002:000001d4       __imp__mxGetM              1002a1d4     libmx:libmx.dll
 0002:000001d8       __imp__mxGetN              1002a1d8     libmx:libmx.dll
 0002:000001dc       __imp__mxIsComplex         1002a1dc     libmx:libmx.dll
 0002:000001e0       __imp__mxIsNumeric         1002a1e0     libmx:libmx.dll
 0002:000001e4       __imp__mxGetClassID        1002a1e4     libmx:libmx.dll
 0002:000001e8       __imp__mxIsChar            1002a1e8     libmx:libmx.dll
 0002:000001ec       __imp__mxGetString_730     1002a1ec     libmx:libmx.dll
 0002:000001f0       __imp__mxDuplicateArray    1002a1f0     libmx:libmx.dll
 0002:000001f4       __imp__mxCreateString      1002a1f4     libmx:libmx.dll
 0002:000001f8       __imp__mxCreateDoubleScalar 1002a1f8     libmx:libmx.dll
 0002:000001fc       \177libmx_NULL_THUNK_DATA  1002a1fc     libmx:libmx.dll
 0002:00000200       __imp__utCPUtime           1002a200     libut:libut.dll
 0002:00000204       __imp__utFree              1002a204     libut:libut.dll
 0002:00000208       __imp__utMalloc            1002a208     libut:libut.dll
 0002:0000020c       __imp__utVSNprintf         1002a20c     libut:libut.dll
 0002:00000210       \177libut_NULL_THUNK_DATA  1002a210     libut:libut.dll
 0002:00000214       ___xc_a                    1002a214     MSVCRT:cinitexe.obj
 0002:00000218       ___xc_z                    1002a218     MSVCRT:cinitexe.obj
 0002:0000021c       ___xi_a                    1002a21c     MSVCRT:cinitexe.obj
 0002:00000228       ___xi_z                    1002a228     MSVCRT:cinitexe.obj
 0002:00000230       __real@41e1a9048c000000    1002a230     c1_ODE_Hand_Model_v08_IPC_v02.obj
 0002:00000238       __real@41e7e3aa0f600000    1002a238     c1_ODE_Hand_Model_v08_IPC_v02.obj
 0002:00000240       __real@41c439ae3e000000    1002a240     c1_ODE_Hand_Model_v08_IPC_v02.obj
 0002:00000248       __real@41e4e22565400000    1002a248     c1_ODE_Hand_Model_v08_IPC_v02.obj
 0002:00000250       __real@41b30061ef000000    1002a250     c1_ODE_Hand_Model_v08_IPC_v02.obj
 0002:00000258       __real@41e6709725e00000    1002a258     c1_ODE_Hand_Model_v08_IPC_v02.obj
 0002:00000260       __real@41d9a6ea88800000    1002a260     c1_ODE_Hand_Model_v08_IPC_v02.obj
 0002:00000268       __real@41e54bd20ba00000    1002a268     c1_ODE_Hand_Model_v08_IPC_v02.obj
 0002:00000270       _DYNAMIC_DIMENSION_DEF     1002a270     ODE_Hand_Model_v08_IPC_v02_sfun_registry.obj
 0002:00000280       __ssBadLevel2InputAccessMsg 1002a280     ODE_Hand_Model_v08_IPC_v02_sfun_registry.obj
 0002:00000408       __ssBadLevel2DirectFeedMsg 1002a408     ODE_Hand_Model_v08_IPC_v02_sfun_registry.obj
 0002:00000548       __ssBadLevel2DirectFeedSolutionMsg 1002a548     ODE_Hand_Model_v08_IPC_v02_sfun_registry.obj
 0002:000005b8       __ssBadLevel2ZeroDirectFeedMsg 1002a5b8     ODE_Hand_Model_v08_IPC_v02_sfun_registry.obj
 0002:000006f8       __ssBadLevel2ZeroDirectFeedMsg2 1002a6f8     ODE_Hand_Model_v08_IPC_v02_sfun_registry.obj
 0002:000007e0       __real@0000000000000000    1002a7e0     ODE_Hand_Model_v08_IPC_v02_sfun_registry.obj
 0002:000007e8       __real@bff0000000000000    1002a7e8     ODE_Hand_Model_v08_IPC_v02_sfun_registry.obj
 0002:000007f0       __real@4153d65940000000    1002a7f0     ODE_Hand_Model_v08_IPC_v02_sfun_registry.obj
 0002:000007f8       __real@41e4695622600000    1002a7f8     ODE_Hand_Model_v08_IPC_v02_sfun.obj
 0002:00000800       __real@41ddcfccee000000    1002a800     ODE_Hand_Model_v08_IPC_v02_sfun.obj
 0002:00000808       __real@41e1009194a00000    1002a808     ODE_Hand_Model_v08_IPC_v02_sfun.obj
 0002:00000810       __real@41e79b3b45e00000    1002a810     ODE_Hand_Model_v08_IPC_v02_sfun.obj
 0002:00000818       __real@41eb70ed19e00000    1002a818     ODE_Hand_Model_v08_IPC_v02_sfun.obj
[...]
 0001:000060b0       _sfrtAddSize               100070b0 f   sfc_mexmsvc80:sfc_mex.obj
 0001:00006160       _sfrtGenSizeString         10007160 f   sfc_mexmsvc80:sfc_mex.obj
 0001:00006190       _sfIsProperMatrix          10007190 f   sfc_mexmsvc80:sfc_mex.obj
 0001:000061c0       _sfIsRowVector             100071c0 f   sfc_mexmsvc80:sfc_mex.obj
 0001:000064a0       _sf_mex_err                100074a0 f   sfc_mexmsvc80:sfc_mex.obj
 0001:000064b0       _sf_error_dimension_out_of_bound 100074b0 f   sfc_mexmsvc80:sfc_mex.obj
 0001:000064d0       _sf_mex_check_and_set_actual_dimensions 100074d0 f   sfc_mexmsvc80:sfc_mex.obj
 0001:00006d60       _size_mismatch_error       10007d60 f   sfc_mexmsvc80:sfc_mex.obj
 0001:000073d0       _check_array_dimensions    100083d0 f   sfc_mexmsvc80:sfc_mex.obj
 0001:00007420       _check_input_mxarray       10008420 f   sfc_mexmsvc80:sfc_mex.obj
 0001:000079b0       _sf_numeric_value_to_double 100089b0 f   sfc_mexmsvc80:sfc_mex.obj
 0001:000079f0       _ml_generic_out_of_bounds_check 100089f0 f   sfc_mexmsvc80:sfc_mex.obj
 0001:00007ae0       _ml_get_element_value_from_array 10008ae0 f   sfc_mexmsvc80:sfc_mex.obj
 0001:00007e90       __ml_generic_castability_check 10008e90 f   sfc_mexmsvc80:sfc_mex.obj
 0001:00008350       _ml_generic_castability_check 10009350 f   sfc_mexmsvc80:sfc_mex.obj
 0001:000083b0       _ml_check_mx_array_for_single_castability 100093b0 f   sfc_mexmsvc80:sfc_mex.obj
 0001:000084e0       _ml_check_mx_array_for_logical_castability 100094e0 f   sfc_mexmsvc80:sfc_mex.obj
 0001:00008540       _ml_check_mx_array_for_int8_castability 10009540 f   sfc_mexmsvc80:sfc_mex.obj
 0001:000085d0       _ml_check_mx_array_for_uint8_castability 100095d0 f   sfc_mexmsvc80:sfc_mex.obj
 0001:00008780       _ml_check_mx_array_for_int16_castability 10009780 f   sfc_mexmsvc80:sfc_mex.obj
 0001:00008930       _ml_check_mx_array_for_uint16_castability 10009930 f   sfc_mexmsvc80:sfc_mex.obj
 0001:00008c40       _ml_check_mx_array_for_int32_castability 10009c40 f   sfc_mexmsvc80:sfc_mex.obj
 0001:00008f20       _ml_check_mx_array_for_uint32_castability 10009f20 f   sfc_mexmsvc80:sfc_mex.obj
 0001:00009230       _ml_check_mx_array_for_castability 1000a230 f   sfc_mexmsvc80:sfc_mex.obj
 0001:00009760       _set_data_value            1000a760 f   sfc_mexmsvc80:sfc_mex.obj
 0001:00009c30       _get_data_value            1000ac30 f   sfc_mexmsvc80:sfc_mex.obj
 0001:00009d30       _get_next_element_address  1000ad30 f   sfc_mexmsvc80:sfc_mex.obj
 0001:00009dd0       _sf_normalize_index        1000add0 f   sfc_mexmsvc80:sfc_mex.obj
 0001:0000a060       _ml_array_index_bound_check 1000b060 f   sfc_mexmsvc80:sfc_mex.obj
 0001:0000a900       _mx_value                  1000b900 f   sfc_mexmsvc80:sfc_mex.obj
 0001:0000a950       _sf_create_numeric_array   1000b950 f   sfc_mexmsvc80:sfc_mex.obj
 0001:0000a9d0       _sf_mex_assign_to_mx_array 1000b9d0 f   sfc_mexmsvc80:sfc_mex.obj
 0001:0000ac00       _assign_from_mx_array      1000bc00 f   sfc_mexmsvc80:sfc_mex.obj
 0001:0000b6c0       _get_machine_and_chart_file_number 1000c6c0 f   sfc_mexmsvc80:sfc_sf.obj
 0001:0000b780       _get_sfun_block_specialization 1000c780 f   sfc_mexmsvc80:sfc_sf.obj
 0001:0000b7e0       _call_sf_machine_global_method_dispatcher 1000c7e0 f   sfc_mexmsvc80:sfc_sf.obj
 0001:0000b960       _mdl_zeroCrossings_processing 1000c960 f   sfc_mexmsvc80:sfc_sf.obj
 0001:0000ba10       _mdl_derivatives_processing 1000ca10 f   sfc_mexmsvc80:sfc_sf.obj
 0001:0000bc90       _mdl_outputs_continuous_legacy 1000cc90 f   sfc_mexmsvc80:sfc_sf.obj
 0001:0000bd10       _mdl_outputs_processing    1000cd10 f   sfc_mexmsvc80:sfc_sf.obj
 0001:0000bf70       _mdl_enable_processing     1000cf70 f   sfc_mexmsvc80:sfc_sf.obj
 0001:0000c020       _mdl_disable_processing    1000d020 f   sfc_mexmsvc80:sfc_sf.obj
 0001:0000c690       _write_symbol_mapping      1000d690 f   sfc_mexmsvc80:sfc_sf.obj
 0001:0000ccb0       _sf_call_output_fcn_enable_disable 1000dcb0 f   sfc_mexmsvc80:sfc_sf.obj
 0001:0000ced0       _set_dwork_information_from_mx_array 1000ded0 f   sfc_mexmsvc80:sfc_sf.obj
 0001:0000d6a0       _get_dwork_info_from_mat_file 1000e6a0 f   sfc_mexmsvc80:sfc_sf.obj
 0001:0000d780       _ptr2mxStruct              1000e780 f   sfc_mexmsvc80:sfc_sf.obj
 0001:0000d9a0       _SNPRINTF_WRAPPER          1000e9a0 f   sfc_debugmsvc80:sfcdebug.obj
 0001:0000d9c0       _sf_debug_chart_instance_initialized_quick 1000e9c0 f   sfc_debugmsvc80:sfcdebug.obj
 0001:0000d9d0       _sf_debug_chart_instance_initialized 1000e9d0 f   sfc_debugmsvc80:sfcdebug.obj
 0001:0000db50       _sfrtAddSize               1000eb50 f   sfc_debugmsvc80:sfcdebug.obj
 0001:0000dc00       _sfrtGenSizeString         1000ec00 f   sfc_debugmsvc80:sfcdebug.obj
 0001:0000e080       _sf_debug_sim_status_listener 1000f080 f   sfc_debugmsvc80:sfcdebug.obj
 0001:0000e4f0       _sf_debug_form_mask_bits   1000f4f0 f   sfc_debugmsvc80:sfcdebug.obj
 0001:0000e530       _sf_debug_form_sf_data_type_offsets 1000f530 f   sfc_debugmsvc80:sfcdebug.obj
 0001:0000e5c0       _sf_debug_free_all         1000f5c0 f   sfc_debugmsvc80:sfcdebug.obj
 0001:0000e740       _sf_debug_append_debugger_context 1000f740 f   sfc_debugmsvc80:sfcdebug.obj
 0001:0000ea20       _local_strdup              1000fa20 f   sfc_debugmsvc80:sfcdebug.obj
 0001:0000f610       _sf_debug_em_terminate     10010610 f   sfc_debugmsvc80:sfcdebug.obj
 0001:0000f650       _sf_debug_push_eml_function 10010650 f   sfc_debugmsvc80:sfcdebug.obj
 0001:0000f6e0       _sf_debug_pop_eml_function 100106e0 f   sfc_debugmsvc80:sfcdebug.obj
 0001:0000fea0       _sf_debug_get_machine_number_from_id_or_name 10010ea0 f   sfc_debugmsvc80:sfcdebug.obj
 0001:00010000       _sf_debug_get_chart_number_from_id 10011000 f   sfc_debugmsvc80:sfcdebug.obj
 0001:00010920       _sf_debug_transfer_control_to_debugger_GUI 10011920 f   sfc_debugmsvc80:sfcdebug.obj
 0001:00011680       _sf_debug_scripts_rehash   10012680 f   sfc_debugmsvc80:sfcdebug.obj
 0001:00011830       _sf_debug_get_script_line_count 10012830 f   sfc_debugmsvc80:sfcdebug.obj
 0001:00011cd0       _cv_eml_state_cvId         10012cd0 f   sfc_debugmsvc80:sfcdebug.obj
 0001:00012990       _sf_debug_data_array_bounds_error 10013990 f   sfc_debugmsvc80:sfcdebug.obj
 0001:00012ca0       _sf_debug_runtime_error    10013ca0 f   sfc_debugmsvc80:sfcdebug.obj
 0001:00012e40       _sf_debug_matlab_error     10013e40 f   sfc_debugmsvc80:sfcdebug.obj
 0001:00013270       _sf_debug_data_value_error 10014270 f   sfc_debugmsvc80:sfcdebug.obj
 0001:00013870       _sf_debug_data_loss_error  10014870 f   sfc_debugmsvc80:sfcdebug.obj
 0001:00014130       _call_cv_range_check       10015130 f   sfc_debugmsvc80:sfcdebug.obj
 0001:000146b0       _sf_debug_invoke_cycle_detection_code 100156b0 f   sfc_debugmsvc80:sfcdebug.obj
 0001:00015070       _sf_reset_debug_info_struct 10016070 f   sfc_debugmsvc80:sfcdebug.obj
 0001:00015740       _cv_script_cvId            10016740 f   sfc_debugmsvc80:sfcdebug.obj
 0001:00015f30       _sfc_api_chart_visible     10016f30 f   sfc_debugmsvc80:sfc_api.obj
 0001:00015fe0       _sfc_api_active_instance   10016fe0 f   sfc_debugmsvc80:sfc_api.obj
 0001:00016080       _sfc_api_machine_load      10017080 f   sfc_debugmsvc80:sfc_api.obj
 0001:00016180       _sfc_api_debugger_alive    10017180 f   sfc_debugmsvc80:sfc_api.obj
 0001:00016190       _sfc_api_go                10017190 f   sfc_debugmsvc80:sfc_api.obj
 0001:000161a0       _sfc_api_step_over         100171a0 f   sfc_debugmsvc80:sfc_api.obj
 0001:000161b0       _sfc_api_step_out          100171b0 f   sfc_debugmsvc80:sfc_api.obj
 0001:000161c0       _sfc_api_resume            100171c0 f   sfc_debugmsvc80:sfc_api.obj
 0001:000161d0       _sfc_api_break             100171d0 f   sfc_debugmsvc80:sfc_api.obj
 0001:000161e0       _sfc_api_stop_debugging    100171e0 f   sfc_debugmsvc80:sfc_api.obj
 0001:00016230       _sfc_api_is_cycle_detected 10017230 f   sfc_debugmsvc80:sfc_api.obj
 0001:00016280       _sfc_api_is_array_bounds_detected 10017280 f   sfc_debugmsvc80:sfc_api.obj
 0001:000162d0       _sfc_api_set_disable_all_breakpoints 100172d0 f   sfc_debugmsvc80:sfc_api.obj
 0001:00016360       _sfc_api_disable_all_breakpoints_and_go 10017360 f   sfc_debugmsvc80:sfc_api.obj
 0001:00016370       _sfc_api_close             10017370 f   sfc_debugmsvc80:sfc_api.obj
 0001:00016380       _sfc_api_browse_data       10017380 f   sfc_debugmsvc80:sfc_api.obj
 0001:00016400       _sfc_api_watch_data        10017400 f   sfc_debugmsvc80:sfc_api.obj
 0001:00016480       _sfc_api_whos              10017480 f   sfc_debugmsvc80:sfc_api.obj
 0001:00016510       _sfc_api_get_consistency_info 10017510 f   sfc_debugmsvc80:sfc_api.obj
 0001:00016530       _sfc_api_browse_trace      10017530 f   sfc_debugmsvc80:sfc_api.obj
 0001:00016550       _sfc_api_break_on_chart_entry 10017550 f   sfc_debugmsvc80:sfc_api.obj
 0001:00016590       _sfc_api_break_on_event_broadcast 10017590 f   sfc_debugmsvc80:sfc_api.obj
 0001:000165d0       _sfc_api_break_on_state_entry 100175d0 f   sfc_debugmsvc80:sfc_api.obj
 0001:00016610       _sfc_api_set_watch         10017610 f   sfc_debugmsvc80:sfc_api.obj
 0001:000166f0       _sfc_api_set_breakpoints   100176f0 f   sfc_debugmsvc80:sfc_api.obj
 0001:000167d0       _sfc_api_set_eml_breakpoints 100177d0 f   sfc_debugmsvc80:sfc_api.obj
 0001:00016880       _sfc_api_set_script_breakpoints 10017880 f   sfc_debugmsvc80:sfc_api.obj
 0001:000168e0       _sfc_api_add_script_breakpoints 100178e0 f   sfc_debugmsvc80:sfc_api.obj
 0001:00016940       _sfc_api_clear_script_breakpoints 10017940 f   sfc_debugmsvc80:sfc_api.obj
 0001:000169a0       _sfc_api_query_script_breakpoints 100179a0 f   sfc_debugmsvc80:sfc_api.obj
 0001:00016a10       _sfc_api_get_script_id     10017a10 f   sfc_debugmsvc80:sfc_api.obj
 0001:00016ab0       _sfc_api_get_active_states 10017ab0 f   sfc_debugmsvc80:sfc_api.obj
 0001:00016b20       _sfc_api_break_between_times 10017b20 f   sfc_debugmsvc80:sfc_api.obj
 0001:00016b80       _sfc_api_get_instance_handle 10017b80 f   sfc_debugmsvc80:sfc_api.obj
 0001:00016c60       _sfc_api_get_coverage      10017c60 f   sfc_debugmsvc80:sfc_api.obj
 0001:00016cd0       _sfc_api_set_animation     10017cd0 f   sfc_debugmsvc80:sfc_api.obj
 0001:00016d30       _sfc_api_select_chart      10017d30 f   sfc_debugmsvc80:sfc_api.obj
 0001:00016dc0       _sfc_api_select_charts     10017dc0 f   sfc_debugmsvc80:sfc_api.obj
 0001:00016df0       _sfc_api_cycle_detection_check 10017df0 f   sfc_debugmsvc80:sfc_api.obj
 0001:00016e50       _sfc_api_data_range_check  10017e50 f   sfc_debugmsvc80:sfc_api.obj
 0001:00016eb0       _sfc_api_transition_conflict_check 10017eb0 f   sfc_debugmsvc80:sfc_api.obj
 0001:00016f10       _sfc_api_state_consistency_check 10017f10 f   sfc_debugmsvc80:sfc_api.obj
 0001:00016f70       _sfc_api_set_instance_cv_ids 10017f70 f   sfc_debugmsvc80:sfc_api.obj
 0001:000170a0       _sfc_api_set_script_cv_ids 100180a0 f   sfc_debugmsvc80:sfc_api.obj
 0001:00017140       _sfc_api_get_current_machine_id 10018140 f   sfc_debugmsvc80:sfc_api.obj
 0001:00017170       _sfc_api_get_current_machine_number 10018170 f   sfc_debugmsvc80:sfc_api.obj
 0001:000171a0       _sfc_api_get_current_chart_number 100181a0 f   sfc_debugmsvc80:sfc_api.obj
 0001:000171d0       _sfc_api_get_current_instance_number 100181d0 f   sfc_debugmsvc80:sfc_api.obj
 0001:00017200       _sfc_api_get_current_instance_handle 10018200 f   sfc_debugmsvc80:sfc_api.obj
 0001:00017220       _sfc_api_get_current_is_minor_time_step 10018220 f   sfc_debugmsvc80:sfc_api.obj
 0001:00017250       _sfc_api_get_current_machine_name 10018250 f   sfc_debugmsvc80:sfc_api.obj
 0001:00017270       _sfc_api_get_current_chart_id 10018270 f   sfc_debugmsvc80:sfc_api.obj
 0001:000172a0       _sfc_api_get_current_object_type 100182a0 f   sfc_debugmsvc80:sfc_api.obj
 0001:000172d0       _sfc_api_get_current_event_type 100182d0 f   sfc_debugmsvc80:sfc_api.obj
 0001:00017300       _sfc_api_get_current_object_id 10018300 f   sfc_debugmsvc80:sfc_api.obj
 0001:00017330       _sfc_get_current_active_event_type 10018330 f   sfc_debugmsvc80:sfc_api.obj
 0001:00017360       _sfc_api_get_current_active_event_id 10018360 f   sfc_debugmsvc80:sfc_api.obj
 0001:00017390       _sfc_api_get_current_simulation_time 10018390 f   sfc_debugmsvc80:sfc_api.obj
 0001:000173b0       _sfc_get_current_tag_type  100183b0 f   sfc_debugmsvc80:sfc_api.obj
 0001:000173e0       _sfc_get_current_coverage_percentage 100183e0 f   sfc_debugmsvc80:sfc_api.obj
 0001:00017400       _sfc_get_current_statement_context 10018400 f   sfc_debugmsvc80:sfc_api.obj
 0001:00017420       _sfc_get_current_optional_integer 10018420 f   sfc_debugmsvc80:sfc_api.obj
 0001:00017450       _sfc_get_current_statement_info 10018450 f   sfc_debugmsvc80:sfc_api.obj
 0001:000174f0       _sfc_api_get               100184f0 f   sfc_debugmsvc80:sfc_api.obj
 0001:00017ef0       _sf_debug_sm_fill_state_activity_data 10018ef0 f   sfc_debugmsvc80:sfdb_animation.obj
 0001:00019e30       _sf_debug_hm_get_simulink_handle 1001ae30 f   sfc_debugmsvc80:sfdb_handle_management.obj
 0001:0001a420       _sf_debug_hm_initialize_globals 1001b420 f   sfc_debugmsvc80:sfdb_handle_management.obj
 0001:0001a510       _sf_debug_hm_get_machine_debug_flag 1001b510 f   sfc_debugmsvc80:sfdb_handle_management.obj
 0001:0001a660       _sf_debug_hm_get_machine_id 1001b660 f   sfc_debugmsvc80:sfdb_handle_management.obj
 0001:0001a770       _sf_debug_hm_get_chart_id  1001b770 f   sfc_debugmsvc80:sfdb_handle_management.obj
 0001:0001a8e0       _sf_debug_hm_register_executing_SFunction 1001b8e0 f   sfc_debugmsvc80:sfdb_handle_management.obj
 0001:0001aa30       _sf_debug_hm_get_chart_active_instance 1001ba30 f   sfc_debugmsvc80:sfdb_handle_management.obj
 0001:0001ab60       _sf_debug_hm_get_chart_visibility 1001bb60 f   sfc_debugmsvc80:sfdb_handle_management.obj
 0001:0001aca0       _sf_debug_hm_form_object_boolean_properties 1001bca0 f   sfc_debugmsvc80:sfdb_handle_management.obj
 0001:0001af10       _sf_debug_hm_form_object_properties 1001bf10 f   sfc_debugmsvc80:sfdb_handle_management.obj
 0001:0001b110       _sf_debug_hm_terminate_charts 1001c110 f   sfc_debugmsvc80:sfdb_handle_management.obj
 0001:0001b6b0       _sf_debug_hm_terminate_machines 1001c6b0 f   sfc_debugmsvc80:sfdb_handle_management.obj
 0001:0001cf50       _void_ptr_stack_vector_free_total 1001df50 f   sfc_debugmsvc80:sfdb_data_browse.obj
 0001:0001cfb0       _sf_debug_st_terminate_machine 1001dfb0 f   sfc_debugmsvc80:sfdb_data_browse.obj
 0001:0001cfe0       _sf_debug_st_terminate_instance 1001dfe0 f   sfc_debugmsvc80:sfdb_data_browse.obj
 0001:0001d160       _push_on_to_void_ptr_stack 1001e160 f   sfc_debugmsvc80:sfdb_data_browse.obj
 0001:0001d290       _pop_from_void_ptr_stack   1001e290 f   sfc_debugmsvc80:sfdb_data_browse.obj
 0001:0001d390       _sf_debug_st_get_data_value 1001e390 f   sfc_debugmsvc80:sfdb_data_browse.obj
 0001:0001d830       _mx_value                  1001e830 f   sfc_debugmsvc80:sfdb_data_browse.obj
 0001:0001d860       _sf_debug_st_fill_data_struct 1001e860 f   sfc_debugmsvc80:sfdb_data_browse.obj
 0001:0001db30       _data_type_format_strings  1001eb30 f   sfc_debugmsvc80:sfdb_data_browse.obj
 0001:0001dba0       _sf_debug_st_fill_data     1001eba0 f   sfc_debugmsvc80:sfdb_data_browse.obj
 0001:0001e930       _sf_debug_ss_copy_dimension 1001f930 f   sfc_debugmsvc80:sfdb_symbol_scope.obj
 0001:0001e9a0       _sf_debug_ss_get_number_elements 1001f9a0 f   sfc_debugmsvc80:sfdb_symbol_scope.obj
 0001:0001e9c0       _sf_debug_ss_fill_data_struct 1001f9c0 f   sfc_debugmsvc80:sfdb_symbol_scope.obj
 0001:0001ebb0       _sf_debug_ss_reset_data_info 1001fbb0 f   sfc_debugmsvc80:sfdb_symbol_scope.obj
 0001:0001ec00       _sf_debug_fill_data_info_by_symbol_scope_entry 1001fc00 f   sfc_debugmsvc80:sfdb_symbol_scope.obj
 0001:0001eca0       _sf_debug_fill_data_info_by_data_vector 1001fca0 f   sfc_debugmsvc80:sfdb_symbol_scope.obj
 0001:0001ee60       _sf_debug_ss_get_data_info 1001fe60 f   sfc_debugmsvc80:sfdb_symbol_scope.obj
 0001:0001f090       _sf_debug_ss_get_data_value 10020090 f   sfc_debugmsvc80:sfdb_symbol_scope.obj
 0001:0001f3d0       _sf_debug_ss_data_bytes_string 100203d0 f   sfc_debugmsvc80:sfdb_symbol_scope.obj
 0001:0001f440       _sf_debug_ss_data_class_string 10020440 f   sfc_debugmsvc80:sfdb_symbol_scope.obj
 0001:0001f790       _sf_debug_ss_data_size_string 10020790 f   sfc_debugmsvc80:sfdb_symbol_scope.obj
 0001:0001f850       _sf_debug_ss_data_create_data_info_struct 10020850 f   sfc_debugmsvc80:sfdb_symbol_scope.obj
 0001:0001f960       _sf_debug_ss_data_create_name_value_pair 10020960 f   sfc_debugmsvc80:sfdb_symbol_scope.obj
 0001:0001f9c0       _sf_debug_ss_data_get_whos_info 100209c0 f   sfc_debugmsvc80:sfdb_symbol_scope.obj
 0001:0001f9f0       _same_named_data_in_data_array 100209f0 f   sfc_debugmsvc80:sfdb_symbol_scope.obj
 0001:00020f00       _sf_debug_cc_terminate_chart 10021f00 f   sfc_debugmsvc80:sfdb_coverage.obj
 0001:000211e0       _sf_debug_cc_terminate_instance 100221e0 f   sfc_debugmsvc80:sfdb_coverage.obj
 0001:00021bf0       _sf_debug_cc_mark_object_if_needed 10022bf0 f   sfc_debugmsvc80:sfdb_coverage.obj
 0001:00021f40       _sf_debug_cc_fill_transition_coverage_data 10022f40 f   sfc_debugmsvc80:sfdb_coverage.obj
 0001:00022070       _sf_debug_cc_fill_transition_coverage_map 10023070 f   sfc_debugmsvc80:sfdb_coverage.obj
 0001:00022250       _sf_debug_cc_fill_state_coverage_map 10023250 f   sfc_debugmsvc80:sfdb_coverage.obj
 0001:000223f0       _sf_debug_cc_fill_state_coverage_data 100233f0 f   sfc_debugmsvc80:sfdb_coverage.obj
 0001:00022da0       _sf_debug_bm_initialize_eml 10023da0 f   sfc_debugmsvc80:sfdb_breakpoints.obj
 0001:00023d90       _sf_debug_bm_map_debug_tag_to_breakpoint_tag 10024d90 f   sfc_debugmsvc80:sfdb_breakpoints.obj
 0001:00023e30       _sf_debug_bm_is_a_eml_breakpoint_impl 10024e30 f   sfc_debugmsvc80:sfdb_breakpoints.obj
 0001:00025420       _sf_debug_sc_push_on_error_stack 10026420 f   sfc_debugmsvc80:sfdb_state_consistency.obj
 0001:00025530       _sf_debug_sc_reset_error_stack 10026530 f   sfc_debugmsvc80:sfdb_state_consistency.obj
 0001:00025680       _sf_debug_sc_is_state_inconsistent 10026680 f   sfc_debugmsvc80:sfdb_state_consistency.obj
 0001:000258a0       _sf_debug_sc_fill_consistency_info 100268a0 f   sfc_debugmsvc80:sfdb_state_consistency.obj
 0001:00025d20       _void_assertion_fcn        10026d20 f   sfc_debugmsvc80:sfdb_call_stack.obj
 0001:00026210       _sf_debug_tm_fill_local_trace 10027210 f   sfc_debugmsvc80:sfdb_call_stack.obj
 0001:00026690       _sf_debug_cd_terminate_instance 10027690 f   sfc_debugmsvc80:sfdb_cycle_detection.obj
 0001:000266f0       _sf_debug_cd_free_checksum_stack 100276f0 f   sfc_debugmsvc80:sfdb_cycle_detection.obj
 0001:00026720       _sf_debug_cd_reset_pack_strings 10027720 f   sfc_debugmsvc80:sfdb_cycle_detection.obj
 0001:00026d70       _md5file_clear             10027d70 f   sfc_debugmsvc80:ckmd5.obj
 0001:00026da0       _Encode                    10027da0 f   sfc_debugmsvc80:ckmd5.obj
 0001:00026de0       _Decode                    10027de0 f   sfc_debugmsvc80:ckmd5.obj
 0001:00026e60       _MD5Transform              10027e60 f   sfc_debugmsvc80:ckmd5.obj
 0001:00027520       _md5file_addn              10028520 f   sfc_debugmsvc80:ckmd5.obj
 0001:000275d0       _md5file_hash              100285d0 f   sfc_debugmsvc80:ckmd5.obj
 0001:00027a39       _pre_c_init                10028a39 f   MSVCRT:crtdll.obj
 0001:00027cae       ___DllMainCRTStartup       10028cae f   MSVCRT:crtdll.obj
 0001:00027f52       _has_osfxsr_set            10028f52 f   MSVCRT:cpu_disp.obj
